                  _   _     _          ___     
                 (_) | |   (_)        |__ \    
     ___   _ __   _  | |_   _    ___     ) |   
    / __| | '__| | | | __| | |  / __|   / /    
   | (__  | |    | | | |_  | | | (__   / /_    
    \___| |_|    |_|  \__| |_|  \___| |____|   

* CRITIC2: analysis of real-space scalar fields in solids and molecules.
  (c) 1996-2019 A. Otero-de-la-Roza, A. Martin-Pendas, V. Lua~na
  Distributed under GNU GPL v.3 (see COPYING for details)
  Bugs, requests, and rants: aoterodelaroza@gmail.com 
  Website: https://aoterodelaroza.github.io/critic2/
  If you find this software useful, please cite:
  A. Otero-de-la-Roza et al., Comput. Phys. Commun. 185 (2014) 1007-1018.
  A. Otero-de-la-Roza et al., Comput. Phys. Commun. 180 (2009) 157-166.

+ critic2 (development), version 1.0 (git:n/a) 
         host: Linux-3.10.0-514.el7.x86_64
         date: Tue 23 Nov 2021 16:53:27
 compiled dat: /user/pubo1141/software/critic2/1.1_dev/share/critic2
      datadir: /user/pubo1141/software/critic2/1.1_dev/share/critic2
     dic file: /user/pubo1141/software/critic2/1.1_dev/share/critic2/cif/cif_core.dic
...was found?: T
       spglib: 1.13.0
        libxc: <unavailable>

CRITIC2--2022/5/31, 11:56:54.544

critic2:1> %% crystal valence_density.cube

* Crystal structure
  From: valence_density.cube
  Lattice parameters (bohr): 27.847584  27.930417  27.899875
  Lattice parameters (ang): 14.736307  14.780140  14.763978
  Lattice angles (degrees): 109.611  109.469  109.356
  Empirical formula: C_(6) H_(6) N_(4) Zn(1) 
  Number of non-equivalent atoms in the unit cell: 102
  Number of atoms in the unit cell: 102
  Number of atomic species: 4
  Number of electrons (with zero atomic charge): 600
  Molar mass (amu, per unit cell): 1197.286
  Cell volume (bohr^3): 16700.36146
  Cell volume (ang^3): 2474.73821
  Density (g/cm^3): 0.803
  Space group (H-M): P1 (1)

+ List of atomic species: 
# spc = atomic species. Z = atomic number. name = atomic name (symbol).
# Q = charge. ZPSP = pseudopotential charge.
# spc  Z   name    Q   ZPSP
   1   6    C_     0.0  -- 
   2   1    H_     0.0  -- 
   3   7    N_     0.0  -- 
   4  30    Zn     0.0  -- 

+ List of non-equivalent atoms in the unit cell (cryst. coords.): 
# at = complete list atomic ID. xyz = Cartesian coordinates. spc = atomic species.
# wyck = wyckoff position. name = atomic name (symbol). mult = multiplicity.
# Z = atomic number.
# nat       x              y              z        spc wyck  name   mult  Z 
   1   0.5950976500   0.0568615536   0.2606777644   1    1a   C_     1    6 
   2   0.7897807615   0.3085142503   0.7325394063   1    1a   C_     1    6 
   3   0.2030770688   0.9433786793   0.5440538963   1    1a   C_     1    6 
   4   0.4251450711   0.6932539276   0.4821982919   1    1a   C_     1    6 
   5   0.2620651116   0.5909293167   0.0571047414   1    1a   C_     1    6 
   6   0.7357613172   0.7930616911   0.3193008890   1    1a   C_     1    6 
   7   0.5276975075   0.2069910460   0.9427648415   1    1a   C_     1    6 
   8   0.4739099455   0.4169489509   0.6811073234   1    1a   C_     1    6 
   9   0.0571762024   0.2684775704   0.5745201637   1    1a   C_     1    6 
  10   0.3351537317   0.7394682446   0.7965333583   1    1a   C_     1    6 
  11   0.9428833695   0.5183313827   0.2106712172   1    1a   C_     1    6 
  12   0.6587143148   0.4561994610   0.3987380568   1    1a   C_     1    6 
  13   0.0571556170   0.5754520236   0.2677817588   1    1a   C_     1    6 
  14   0.3353865841   0.7965190056   0.7396337777   1    1a   C_     1    6 
  15   0.9429063705   0.2113497287   0.5174613407   1    1a   C_     1    6 
  16   0.6586623903   0.3992141760   0.4557024066   1    1a   C_     1    6 
  17   0.5847786321   0.2640932852   0.0569880779   1    1a   C_     1    6 
  18   0.7928868542   0.7359391364   0.3189750661   1    1a   C_     1    6 
  19   0.2049730196   0.5338729629   0.9428815929   1    1a   C_     1    6 
  20   0.4164581763   0.4737419473   0.6807949025   1    1a   C_     1    6 
  21   0.2601139209   0.0573990084   0.6008807106   1    1a   C_     1    6 
  22   0.7326419445   0.3084573525   0.7896314488   1    1a   C_     1    6 
  23   0.5379520929   0.9428389989   0.2038368012   1    1a   C_     1    6 
  24   0.4823210280   0.6933382197   0.4251453570   1    1a   C_     1    6 
  25   0.6016345270   0.1144552723   0.2298443256   2    1a   H_     1    1 
  26   0.8769160545   0.3343782796   0.7616014494   2    1a   H_     1    1 
  27   0.1143791542   0.8856642188   0.4961727340   2    1a   H_     1    1 
  28   0.4287369775   0.6679447435   0.5436979298   2    1a   H_     1    1 
  29   0.2314433411   0.5955576546   0.1149616658   2    1a   H_     1    1 
  30   0.7656591884   0.8808663991   0.3501635486   2    1a   H_     1    1 
  31   0.4706202104   0.1191676667   0.8846426889   2    1a   H_     1    1 
  32   0.5317056036   0.4166030076   0.6510220690   2    1a   H_     1    1 
  33   0.1153700847   0.2397450351   0.5707078377   2    1a   H_     1    1 
  34   0.3724862021   0.7700278534   0.8851117157   2    1a   H_     1    1 
  35   0.8848274995   0.4571038223   0.1236035972   2    1a   H_     1    1 
  36   0.6178823600   0.5040343017   0.3888013144   2    1a   H_     1    1 
  37   0.1152064257   0.5720756251   0.2387586476   2    1a   H_     1    1 
  38   0.3731030491   0.8849884997   0.7704397533   2    1a   H_     1    1 
  39   0.8849188934   0.1245250336   0.4557969238   2    1a   H_     1    1 
  40   0.6178453714   0.3894224567   0.5035546556   2    1a   H_     1    1 
  41   0.5857426469   0.2343326660   0.1150028386   2    1a   H_     1    1 
  42   0.8807905482   0.7657147482   0.3490893656   2    1a   H_     1    1 
  43   0.1164705829   0.4806561988   0.8849258011   2    1a   H_     1    1 
  44   0.4154824858   0.5306761217   0.6499669124   2    1a   H_     1    1 
  45   0.2292017260   0.1151661039   0.6106377781   2    1a   H_     1    1 
  46   0.7617413887   0.3344943064   0.8767226651   2    1a   H_     1    1 
  47   0.4863138239   0.8846723866   0.1152869615   2    1a   H_     1    1 
  48   0.5442188381   0.6682865677   0.4288035378   2    1a   H_     1    1 
  49   0.6477639480   0.0932766524   0.3730045927   3    1a   N_     1    7 
  50   0.7156532715   0.2663259264   0.6224422351   3    1a   N_     1    7 
  51   0.2794160042   0.9073597038   0.5554152078   3    1a   N_     1    7 
  52   0.3562704927   0.7343470663   0.4496678935   3    1a   N_     1    7 
  53   0.3741915371   0.6464829886   0.0932306167   3    1a   N_     1    7 
  54   0.6243956121   0.7179570156   0.2699145259   3    1a   N_     1    7 
  55   0.5530070379   0.2821949021   0.9068352070   3    1a   N_     1    7 
  56   0.4481210880   0.3553435207   0.7305682545   3    1a   N_     1    7 
  57   0.0930257359   0.3781939286   0.6433088757   3    1a   N_     1    7 
  58   0.2747538847   0.6273802575   0.7200960024   3    1a   N_     1    7 
  59   0.9068080562   0.5504609854   0.2846951106   3    1a   N_     1    7 
  60   0.7239056871   0.4449529986   0.3516189203   3    1a   N_     1    7 
  61   0.0931981595   0.6436497006   0.3778383725   3    1a   N_     1    7 
  62   0.2751149954   0.7204126225   0.6272985127   3    1a   N_     1    7 
  63   0.9066592702   0.2850205505   0.5502313497   3    1a   N_     1    7 
  64   0.7238058765   0.3519957775   0.4445356661   3    1a   N_     1    7 
  65   0.6460827525   0.3753093148   0.0930940479   3    1a   N_     1    7 
  66   0.7175819548   0.6248076606   0.2694458945   3    1a   N_     1    7 
  67   0.2810627898   0.5534064925   0.9069031838   3    1a   N_     1    7 
  68   0.3544650507   0.4480187703   0.7301219452   3    1a   N_     1    7 
  69   0.3724621255   0.0933473168   0.6481170379   3    1a   N_     1    7 
  70   0.6224355827   0.2661977360   0.7155553095   3    1a   N_     1    7 
  71   0.5545932915   0.9073371066   0.2803039491   3    1a   N_     1    7 
  72   0.4495112877   0.7344727987   0.3566018360   3    1a   N_     1    7 
  73   0.6208684616   0.0005818761   0.3804457908   1    1a   C_     1    6 
  74   0.6165177547   0.2420614436   0.6165249128   1    1a   C_     1    6 
  75   0.3796969151   0.0003493746   0.6184329653   1    1a   C_     1    6 
  76   0.3740423094   0.7579758949   0.3744582507   1    1a   C_     1    6 
  77   0.3812456390   0.6212624147   0.0001096329   1    1a   C_     1    6 
  78   0.6177993919   0.6183319750   0.2413766118   1    1a   C_     1    6 
  79   0.6241216932   0.3818695344   0.0000159945   1    1a   C_     1    6 
  80   0.3763853436   0.3769176894   0.7586002313   1    1a   C_     1    6 
  81   0.9997318811   0.3838739636   0.6255771218   1    1a   C_     1    6 
  82   0.2404931490   0.6202877584   0.6199165471   1    1a   C_     1    6 
  83   0.9999900160   0.6255065604   0.3837165433   1    1a   C_     1    6 
  84   0.7610082967   0.3818496719   0.3814940486   1    1a   C_     1    6 
  85   0.6486860695   0.0010083595   0.4586654398   2    1a   H_     1    1 
  86   0.5398880688   0.2056643475   0.5400042886   2    1a   H_     1    1 
  87   0.4578119559   0.0003314602   0.6418296001   2    1a   H_     1    1 
  88   0.3329418093   0.7932890523   0.3336329674   2    1a   H_     1    1 
  89   0.4592742346   0.6512950232   0.0001764673   2    1a   H_     1    1 
  90   0.5403011790   0.5410630756   0.1990789515   2    1a   H_     1    1 
  91   0.6590360553   0.4591898073   0.0000938142   2    1a   H_     1    1 
  92   0.3411133446   0.3418846149   0.8007788552   2    1a   H_     1    1 
  93   0.9995477390   0.4600607320   0.6665593187   2    1a   H_     1    1 
  94   0.1895965381   0.5423575965   0.5417241416   2    1a   H_     1    1 
  95   0.9999368791   0.6659109966   0.4601951159   2    1a   H_     1    1 
  96   0.8157951234   0.3584815302   0.3581972039   2    1a   H_     1    1 
  97   0.7488064504   0.2502318795   0.4986814607   4    1a   Zn     1   30 
  98   0.2502357727   0.7514009853   0.5015120557   4    1a   Zn     1   30 
  99   0.4999138835   0.7510233799   0.2498501171   4    1a   Zn     1   30 
  100  0.4990390544   0.2496660824   0.7496227660   4    1a   Zn     1   30 
  101  0.2502804358   0.5014284112   0.7503798704   4    1a   Zn     1   30 
  102  0.7492865859   0.4999620465   0.2504252615   4    1a   Zn     1   30 

+ List of atoms in the unit cell (cryst. coords.): 
# at = complete list atomic ID. xyz = Cartesian coordinates. spc = atomic species.
# name = atomic name (symbol). Z = atomic number. nat = non-equivalent atom id.
# mol = molecular fragment.
# at        x              y              z        spc  name    Z  nat mol
   1   0.5950976500   0.0568615536   0.2606777644   1    C_     6   1   1 
   2   0.7897807615   0.3085142503   0.7325394063   1    C_     6   2   1 
   3   0.2030770688   0.9433786793   0.5440538963   1    C_     6   3   1 
   4   0.4251450711   0.6932539276   0.4821982919   1    C_     6   4   1 
   5   0.2620651116   0.5909293167   0.0571047414   1    C_     6   5   1 
   6   0.7357613172   0.7930616911   0.3193008890   1    C_     6   6   1 
   7   0.5276975075   0.2069910460   0.9427648415   1    C_     6   7   1 
   8   0.4739099455   0.4169489509   0.6811073234   1    C_     6   8   1 
   9   0.0571762024   0.2684775704   0.5745201637   1    C_     6   9   1 
  10   0.3351537317   0.7394682446   0.7965333583   1    C_     6  10   1 
  11   0.9428833695   0.5183313827   0.2106712172   1    C_     6  11   1 
  12   0.6587143148   0.4561994610   0.3987380568   1    C_     6  12   1 
  13   0.0571556170   0.5754520236   0.2677817588   1    C_     6  13   1 
  14   0.3353865841   0.7965190056   0.7396337777   1    C_     6  14   1 
  15   0.9429063705   0.2113497287   0.5174613407   1    C_     6  15   1 
  16   0.6586623903   0.3992141760   0.4557024066   1    C_     6  16   1 
  17   0.5847786321   0.2640932852   0.0569880779   1    C_     6  17   1 
  18   0.7928868542   0.7359391364   0.3189750661   1    C_     6  18   1 
  19   0.2049730196   0.5338729629   0.9428815929   1    C_     6  19   1 
  20   0.4164581763   0.4737419473   0.6807949025   1    C_     6  20   1 
  21   0.2601139209   0.0573990084   0.6008807106   1    C_     6  21   1 
  22   0.7326419445   0.3084573525   0.7896314488   1    C_     6  22   1 
  23   0.5379520929   0.9428389989   0.2038368012   1    C_     6  23   1 
  24   0.4823210280   0.6933382197   0.4251453570   1    C_     6  24   1 
  25   0.6016345270   0.1144552723   0.2298443256   2    H_     1  25   1 
  26   0.8769160545   0.3343782796   0.7616014494   2    H_     1  26   1 
  27   0.1143791542   0.8856642188   0.4961727340   2    H_     1  27   1 
  28   0.4287369775   0.6679447435   0.5436979298   2    H_     1  28   1 
  29   0.2314433411   0.5955576546   0.1149616658   2    H_     1  29   1 
  30   0.7656591884   0.8808663991   0.3501635486   2    H_     1  30   1 
  31   0.4706202104   0.1191676667   0.8846426889   2    H_     1  31   1 
  32   0.5317056036   0.4166030076   0.6510220690   2    H_     1  32   1 
  33   0.1153700847   0.2397450351   0.5707078377   2    H_     1  33   1 
  34   0.3724862021   0.7700278534   0.8851117157   2    H_     1  34   1 
  35   0.8848274995   0.4571038223   0.1236035972   2    H_     1  35   1 
  36   0.6178823600   0.5040343017   0.3888013144   2    H_     1  36   1 
  37   0.1152064257   0.5720756251   0.2387586476   2    H_     1  37   1 
  38   0.3731030491   0.8849884997   0.7704397533   2    H_     1  38   1 
  39   0.8849188934   0.1245250336   0.4557969238   2    H_     1  39   1 
  40   0.6178453714   0.3894224567   0.5035546556   2    H_     1  40   1 
  41   0.5857426469   0.2343326660   0.1150028386   2    H_     1  41   1 
  42   0.8807905482   0.7657147482   0.3490893656   2    H_     1  42   1 
  43   0.1164705829   0.4806561988   0.8849258011   2    H_     1  43   1 
  44   0.4154824858   0.5306761217   0.6499669124   2    H_     1  44   1 
  45   0.2292017260   0.1151661039   0.6106377781   2    H_     1  45   1 
  46   0.7617413887   0.3344943064   0.8767226651   2    H_     1  46   1 
  47   0.4863138239   0.8846723866   0.1152869615   2    H_     1  47   1 
  48   0.5442188381   0.6682865677   0.4288035378   2    H_     1  48   1 
  49   0.6477639480   0.0932766524   0.3730045927   3    N_     7  49   1 
  50   0.7156532715   0.2663259264   0.6224422351   3    N_     7  50   1 
  51   0.2794160042   0.9073597038   0.5554152078   3    N_     7  51   1 
  52   0.3562704927   0.7343470663   0.4496678935   3    N_     7  52   1 
  53   0.3741915371   0.6464829886   0.0932306167   3    N_     7  53   1 
  54   0.6243956121   0.7179570156   0.2699145259   3    N_     7  54   1 
  55   0.5530070379   0.2821949021   0.9068352070   3    N_     7  55   1 
  56   0.4481210880   0.3553435207   0.7305682545   3    N_     7  56   1 
  57   0.0930257359   0.3781939286   0.6433088757   3    N_     7  57   1 
  58   0.2747538847   0.6273802575   0.7200960024   3    N_     7  58   1 
  59   0.9068080562   0.5504609854   0.2846951106   3    N_     7  59   1 
  60   0.7239056871   0.4449529986   0.3516189203   3    N_     7  60   1 
  61   0.0931981595   0.6436497006   0.3778383725   3    N_     7  61   1 
  62   0.2751149954   0.7204126225   0.6272985127   3    N_     7  62   1 
  63   0.9066592702   0.2850205505   0.5502313497   3    N_     7  63   1 
  64   0.7238058765   0.3519957775   0.4445356661   3    N_     7  64   1 
  65   0.6460827525   0.3753093148   0.0930940479   3    N_     7  65   1 
  66   0.7175819548   0.6248076606   0.2694458945   3    N_     7  66   1 
  67   0.2810627898   0.5534064925   0.9069031838   3    N_     7  67   1 
  68   0.3544650507   0.4480187703   0.7301219452   3    N_     7  68   1 
  69   0.3724621255   0.0933473168   0.6481170379   3    N_     7  69   1 
  70   0.6224355827   0.2661977360   0.7155553095   3    N_     7  70   1 
  71   0.5545932915   0.9073371066   0.2803039491   3    N_     7  71   1 
  72   0.4495112877   0.7344727987   0.3566018360   3    N_     7  72   1 
  73   0.6208684616   0.0005818761   0.3804457908   1    C_     6  73   1 
  74   0.6165177547   0.2420614436   0.6165249128   1    C_     6  74   1 
  75   0.3796969151   0.0003493746   0.6184329653   1    C_     6  75   1 
  76   0.3740423094   0.7579758949   0.3744582507   1    C_     6  76   1 
  77   0.3812456390   0.6212624147   0.0001096329   1    C_     6  77   1 
  78   0.6177993919   0.6183319750   0.2413766118   1    C_     6  78   1 
  79   0.6241216932   0.3818695344   0.0000159945   1    C_     6  79   1 
  80   0.3763853436   0.3769176894   0.7586002313   1    C_     6  80   1 
  81   0.9997318811   0.3838739636   0.6255771218   1    C_     6  81   1 
  82   0.2404931490   0.6202877584   0.6199165471   1    C_     6  82   1 
  83   0.9999900160   0.6255065604   0.3837165433   1    C_     6  83   1 
  84   0.7610082967   0.3818496719   0.3814940486   1    C_     6  84   1 
  85   0.6486860695   0.0010083595   0.4586654398   2    H_     1  85   1 
  86   0.5398880688   0.2056643475   0.5400042886   2    H_     1  86   1 
  87   0.4578119559   0.0003314602   0.6418296001   2    H_     1  87   1 
  88   0.3329418093   0.7932890523   0.3336329674   2    H_     1  88   1 
  89   0.4592742346   0.6512950232   0.0001764673   2    H_     1  89   1 
  90   0.5403011790   0.5410630756   0.1990789515   2    H_     1  90   1 
  91   0.6590360553   0.4591898073   0.0000938142   2    H_     1  91   1 
  92   0.3411133446   0.3418846149   0.8007788552   2    H_     1  92   1 
  93   0.9995477390   0.4600607320   0.6665593187   2    H_     1  93   1 
  94   0.1895965381   0.5423575965   0.5417241416   2    H_     1  94   1 
  95   0.9999368791   0.6659109966   0.4601951159   2    H_     1  95   1 
  96   0.8157951234   0.3584815302   0.3581972039   2    H_     1  96   1 
  97   0.7488064504   0.2502318795   0.4986814607   4    Zn    30  97   1 
  98   0.2502357727   0.7514009853   0.5015120557   4    Zn    30  98   1 
  99   0.4999138835   0.7510233799   0.2498501171   4    Zn    30  99   1 
  100  0.4990390544   0.2496660824   0.7496227660   4    Zn    30  100  1 
  101  0.2502804358   0.5014284112   0.7503798704   4    Zn    30  101  1 
  102  0.7492865859   0.4999620465   0.2504252615   4    Zn    30  102  1 

+ Lattice vectors (bohr)
    a:   27.8475840000     0.0000000000     0.0000000000 
    b:   -9.2571840000    26.3517120000     0.0000000000 
    c:   -9.2989440000   -13.1915520000    22.7577600000 

+ List of atoms in Cartesian coordinates (bohr): 
# at = complete list atomic ID. xyz = Cartesian coordinates. spc = atomic species.
# name = atomic name (symbol). Z = atomic number. dnn = nearest-neighbor distance.
# nat = non-equivalent atom id. mol = molecular fragment.
# at         x                y                z         spc  name    Z     dnn     nat mol
   1    13.6216260000    -1.9403450000     5.9324420000   1    C_     6    2.0494    1   1 
   2    12.3256700000    -1.5334530000    16.6709560000   1    C_     6    2.0495    2   1 
   3    -8.1369510000    17.6827280000    12.3814480000   1    C_     6    2.0493    3   1 
   4     0.9377490000    11.9074840000    10.9737530000   1    C_     6    2.0495    4   1 
   5     1.2965250000    14.8186990000     1.2995760000   1    C_     6    2.0494    5   1 
   6    10.1784960000    16.6864590000     7.2665730000   1    C_     6    2.0494    6   1 
   7     4.0122290000    -6.9819630000    21.4552160000   1    C_     6    2.0495    7   1 
   8     3.0038950000     2.0024560000    15.5004770000   1    C_     6    2.0495    8   1 
   9    -6.2355580000    -0.5039690000    13.0747920000   1    C_     6    2.0497    9   1 
  10    -4.9190910000     8.9787430000    18.1273150000   1    C_     6    2.0494   10   1 
  11    19.4997150000    10.8798390000     4.7944050000   1    C_     6    2.0494   11   1 
  12    10.4126370000     6.7616630000     9.0743850000   1    C_     6    2.0495   12   1 
  13    -6.2255070000    11.6316890000     6.0941130000   1    C_     6    2.0495   13   1 
  14    -4.9116300000    11.2327220000    16.8324080000   1    C_     6    2.0494   14   1 
  15    19.4893170000    -1.2566910000    11.7762610000   1    C_     6    2.0494   15   1 
  16    10.4090060000     4.5085550000    10.3707660000   1    C_     6    2.0493   16   1 
  17    13.3099830000     6.2075490000     1.2969210000   1    C_     6    2.0495   17   1 
  18    12.3011280000    15.1854800000     7.2591580000   1    C_     6    2.0495   18   1 
  19    -8.0019600000     1.6303950000    21.4578730000   1    C_     6    2.0494   19   1 
  20     0.8811640000     3.5031700000    15.4933670000   1    C_     6    2.0495   20   1 
  21     1.1246350000    -6.4139870000    13.6746990000   1    C_     6    2.0495   21   1 
  22    10.2041230000    -2.2880850000    17.9702430000   1    C_     6    2.0495   22   1 
  23     4.3571650000    22.1564980000     4.6388690000   1    C_     6    2.0493   23   1 
  24     3.0597130000    12.6623220000     9.6753560000   1    C_     6    2.0497   24   1 
  25    13.5572250000    -0.0159110000     5.2307420000   2    H_     1    2.0494   25   1 
  26    14.2425030000    -1.2352650000    17.3323430000   2    H_     1    2.0495   26   1 
  27    -9.6274560000    16.7934800000    11.2917800000   2    H_     1    2.0493   27   1 
  28     0.7001850000    10.4292680000    12.3733470000   2    H_     1    2.0495   28   1 
  29    -0.1370710000    14.1774410000     2.6162700000   2    H_     1    2.0494   29   1 
  30     9.9112650000    18.5931370000     7.9689380000   2    H_     1    2.0494   30   1 
  31     3.7762360000    -8.5295380000    20.1324860000   2    H_     1    2.0495   31   1 
  32     4.8963280000     2.3902110000    14.8158040000   2    H_     1    2.0495   32   1 
  33    -4.3135660000    -1.2108300000    12.9880320000   2    H_     1    2.0497   33   1 
  34    -4.9860530000     8.6155550000    20.1431600000   2    H_     1    2.0494   34   1 
  35    19.2594310000    10.4149450000     2.8129410000   2    H_     1    2.0494   35   1 
  36     8.9251510000     8.1532740000     8.8482470000   2    H_     1    2.0495   36   1 
  37    -4.3077920000    11.9255750000     5.4336120000   2    H_     1    2.0495   37   1 
  38    -4.9667590000    13.1576660000    17.5334830000   2    H_     1    2.0494   38   1 
  39    19.2516720000    -2.7312210000    10.3729170000   2    H_     1    2.0494   39   1 
  40     8.9180190000     3.6192810000    11.4597760000   2    H_     1    2.0493   40   1 
  41    13.0728520000     4.6580010000     2.6172070000   2    H_     1    2.0495   41   1 
  42    14.1933640000    15.5728640000     7.9444920000   2    H_     1    2.0495   42   1 
  43    -9.4349740000     0.9925690000    20.1389290000   2    H_     1    2.0494   43   1 
  44     0.6136110000     5.4101520000    14.7917910000   2    H_     1    2.0495   44   1 
  45    -0.3616860000    -5.0204360000    13.8967480000   2    H_     1    2.0495   45   1 
  46     9.9635870000    -2.7508350000    19.9522440000   2    H_     1    2.0495   46   1 
  47     4.2810430000    21.7918180000     2.6236730000   2    H_     1    2.0493   47   1 
  48     4.9813080000    11.9539110000     9.7586080000   2    H_     1    2.0497   48   1 
  49    13.7066330000    -2.4625100000     8.4887490000   3    N_     7    2.5468   49   1 
  50    11.6757310000    -1.1928350000    14.1653910000   3    N_     7    2.5473   50   1 
  51    -5.7833100000    16.5836930000    12.6400060000   3    N_     7    2.5474   51   1 
  52    -1.0581500000    13.4194850000    10.2334340000   3    N_     7    2.5473   52   1 
  53     3.5687720000    15.8060770000     2.1217200000   3    N_     7    2.5472   53   1 
  54     8.2317290000    15.3588050000     6.1426500000   3    N_     7    2.5469   54   1 
  55     4.3549700000    -4.5262450000    20.6375380000   3    N_     7    2.5468   55   1 
  56     2.3960960000    -0.2734190000    16.6260970000   3    N_     7    2.5472   56   1 
  57    -6.8925620000     1.4798150000    14.6402690000   3    N_     7    2.5473   57   1 
  58    -4.8526750000     7.0333600000    16.3877720000   3    N_     7    2.5470   58   1 
  59    17.5093310000    10.7500190000     6.4790230000   3    N_     7    2.5472   59   1 
  60    12.7703280000     7.0868740000     8.0020590000   3    N_     7    2.5471   60   1 
  61    -6.8765380000    11.9769970000     8.5987550000   3    N_     7    2.5473   61   1 
  62    -4.8409180000    10.7090650000    14.2759090000   3    N_     7    2.5468   62   1 
  63    17.4932120000     0.2523740000    12.5220330000   3    N_     7    2.5472   63   1 
  64    12.7640430000     3.4115760000    10.1166360000   3    N_     7    2.5473   64   1 
  65    13.6518600000     8.6619880000     2.1186120000   3    N_     7    2.5468   65   1 
  66    11.6934020000    12.9103420000     6.1319850000   3    N_     7    2.5472   66   1 
  67    -5.7293080000     2.6197480000    20.6390850000   3    N_     7    2.5472   67   1 
  68    -1.0657600000     2.1746200000    16.6159400000   3    N_     7    2.5470   68   1 
  69     3.4812330000    -6.0898080000    14.7496920000   3    N_     7    2.5471   69   1 
  70     8.2151770000    -2.4245190000    16.2844360000   3    N_     7    2.5472   70   1 
  71     4.4381660000    20.2122420000     6.3790900000   3    N_     7    2.5470   71   1 
  72     2.4026330000    14.6504840000     8.1154590000   3    N_     7    2.5473   72   1 
  73    13.7465560000    -5.0033370000     8.6580940000   1    C_     6    2.0524   73   1 
  74     9.1946920000    -1.7541870000    14.0307260000   1    C_     6    2.0526   74   1 
  75     4.8196340000    -8.1488840000    14.0741490000   1    C_     6    2.0524   75   1 
  76    -0.0826140000    15.0342770000     8.5218310000   1    C_     6    2.0527   76   1 
  77     4.8646100000    16.3698820000     0.0024950000   1    C_     6    2.0526   77   1 
  78     9.2356600000    13.1099740000     5.4931910000   1    C_     6    2.0526   78   1 
  79    13.8450960000    10.0627050000     0.0003640000   1    C_     6    2.0525   79   1 
  80    -0.0619550000    -0.0746880000    17.2640420000   1    C_     6    2.0526   80   1 
  81    18.4693190000     1.8634030000    14.2367340000   1    C_     6    2.0527   81   1 
  82    -4.8095340000     8.1679830000    14.1079120000   1    C_     6    2.0524   82   1 
  83    18.4887180000    11.4213520000     8.7325290000   1    C_     6    2.0526   83   1 
  84    14.1098980000     5.0298940000     8.6819500000   1    C_     6    2.0524   84   1 
  85    13.7899010000    -6.0239370000    10.4381980000   2    H_     1    2.0524   85   1 
  86     8.1092360000    -1.7038870000    12.2892880000   2    H_     1    2.0526   86   1 
  87     6.7775510000    -8.4579940000    14.6066040000   2    H_     1    2.0524   87   1 
  88    -1.1744320000    16.5033880000     7.5927390000   2    H_     1    2.0527   88   1 
  89     6.7588790000    17.1604110000     0.0040160000   2    H_     1    2.0526   89   1 
  90     8.1861380000    11.6317780000     4.5305910000   2    H_     1    2.0526   90   1 
  91    14.1008850000    12.0992000000     0.0021350000   2    H_     1    2.0525   91   1 
  92    -1.1121040000    -1.5542710000    18.2239330000   2    H_     1    2.0526   92   1 
  93    17.3778250000     3.3304360000    15.1693970000   2    H_     1    2.0527   93   1 
  94    -4.7783610000     7.1458690000    12.3284280000   2    H_     1    2.0524   94   1 
  95    17.4020370000    11.4772070000    10.4730100000   2    H_     1    2.0526   95   1 
  96    16.0685380000     4.7214250000     8.1517660000   2    H_     1    2.0524   96   1 
  97    13.8987970000     0.0156560000    11.3488730000   4    Zn    30    3.7862   97   1 
  98    -4.6509280000    13.1849800000    11.4132910000   4    Zn    30    3.7861   98   1 
  99     4.6456900000    16.4948410000     5.6860290000   4    Zn    30    3.7862   99   1 
  100    4.6151270000    -3.3095590000    17.0597350000   4    Zn    30    3.7855   100  1 
  101   -4.6498500000     3.3148220000    17.0769650000   4    Zn    30    3.7861   101  1 
  102   13.9088900000     9.8713580000     5.6991180000   4    Zn    30    3.7857   102  1 

+ List of symmetry operations (1):
  Operation 1:
     1.000000  0.000000  0.000000  0.000000
     0.000000  1.000000  0.000000  0.000000
     0.000000  0.000000  1.000000  0.000000

+ List of symmetry operations in crystallographic notation:
# number: operation ... ## order of rotation [axis]; [axis in Cartesian]
     1: x,y,z                          ##  1

+ List of centering vectors (1):
  Vector 1: 0.000000  0.000000  0.000000 

+ Crystal symmetry information
  Space group (Hermann-Mauguin): P1 (number 1)
  Point group (Hermann-Mauguin): 1
  Point group (Schoenflies): C1
  Holohedry: triclinic
  Laue class: -1

+ Cartesian/crystallographic coordinate transformation matrices:
  A = car to crys (xcrys = A * xcar, bohr^-1)
       0.0359097579     0.0126148630     0.0219851360 
       0.0000000000     0.0379481986     0.0219967007 
       0.0000000000     0.0000000000     0.0439410557 
  B = crys to car (xcar = B * xcrys, bohr)
      27.8475840000    -9.2571840000    -9.2989440000 
       0.0000000000    26.3517120000   -13.1915520000 
       0.0000000000     0.0000000000    22.7577600000 
  G = metric tensor (B'*B, bohr^2)
     775.4879346371  -257.7902090435  -258.9531241513 
    -257.7902090435   780.1081809408  -261.5379435233 
    -258.9531241513  -261.5379435233   778.4030439014 

+ List of fragments in the system (1)
# Id = fragment ID. nat = number of atoms in fragment. C-o-m = center of mass (bohr).
# Discrete = is this fragment finite?
# Id  nat           Center of mass            Discrete  
  1    102    0.643946    0.121769    0.477470   No

+ This is a 3D periodic structure.

+ Atomic environment
  Number of atoms (reduced cell/environment): 102 / 3912
  Radius of (unit cell/environment) circumscribed sphere (bohr): 26.6969 / 91.1797
  Maximum interaction distance (bohr): 26.7069 
  Covering regions: 
    Total number of regions: 1728 (12 12 12)
    Minimum region ID: -6 -6 -6
    Maximum region ID: 5 5 5
    Region side (bohr): 9.2219
    Transformation origin (bohr): -4.6286,13.1759,0.0000
    Search offsets: 9261
    Maximum search offset: 10
    Average number of atoms per region: 2.2639
    Maximum number of atoms in a region: 13

+ Vertex of the WS cell in cryst. coords. (24)
# id = vertex ID. xyz = vertex cryst. coords. d = vertex distance to origin (bohr).
   id       x            y            z          d (bohr)   
    1   -0.500409    -0.251410     0.249056    18.00599741  
    2   -0.250435    -0.499303     0.248925    18.00505919  
    3    0.749565     0.500697     0.248925    18.00505919  
    4    0.499591     0.748590     0.249056    18.00599741  
    5    0.750543     0.250310     0.501115    17.99803266  
    6    0.500409     0.251410     0.750944    18.00599741  
    7    0.499591    -0.251410     0.249056    18.00599741  
    8    0.249457    -0.250310     0.498885    17.99803266  
    9   -0.250435     0.500697     0.248925    18.00505919  
   10    0.249457     0.749690     0.498885    17.99803266  
   11   -0.249457     0.250310     0.501115    17.99803266  
   12    0.250435     0.499303     0.751075    18.00505919  
   13   -0.499591    -0.748590    -0.249056    18.00599741  
   14   -0.749565    -0.500697    -0.248925    18.00505919  
   15   -0.499591     0.251410    -0.249056    18.00599741  
   16   -0.750543    -0.250310    -0.501115    17.99803266  
   17    0.250435    -0.500697    -0.248925    18.00505919  
   18   -0.249457    -0.749690    -0.498885    17.99803266  
   19    0.250435     0.499303    -0.248925    18.00505919  
   20   -0.249457     0.250310    -0.498885    17.99803266  
   21    0.500409     0.251410    -0.249056    18.00599741  
   22    0.249457    -0.250310    -0.501115    17.99803266  
   23   -0.500409    -0.251410    -0.750944    18.00599741  
   24   -0.250435    -0.499303    -0.751075    18.00505919  

+ Faces of the WS cell (14)
# Face ID: vertexID1 vertexID2 ...
   1: 1  14 13 2 
   2: 1  11 12 6  8  2 
   3: 1  11 9  15 16 14
   4: 2  8  7  17 18 13
   5: 3  21 19 4 
   6: 3  5  6  12 10 4 
   7: 4  10 9  15 20 19
   8: 3  5  7  17 22 21
   9: 5  7  8  6 
  10: 9  11 12 10
  11: 13 14 16 23 24 18
  12: 15 16 23 20
  13: 17 22 24 18
  14: 19 20 23 24 22 21

+ Lattice vectors for the Wigner-Seitz neighbors
# FaceID: Voronoi lattice vector (cryst. coords.)
   1: -1 -1  0
   2:  0  0  1
   3: -1  0  0
   4:  0 -1  0
   5:  1  1  0
   6:  1  1  1
   7:  0  1  0
   8:  1  0  0
   9:  1  0  1
  10:  0  1  1
  11: -1 -1 -1
  12: -1  0 -1
  13:  0 -1 -1
  14:  0  0 -1

+ Lattice vectors for the Delaunay reduced cell (cryst. coords.)
  a: -1  0  0
  b:  1  1  1
  c:  0  0 -1
  Delaunay reduced cell lengths: 27.847584 27.882550 27.899875
  Delaunay reduced cell angles: 109.362 109.469 109.465

+ Is the cell orthogonal? F
+ Is the reduced cell orthogonal? F

* List of scalar fields
+ Field number 0
  Name: <promolecular>
  Source: <generated>
  Type: promolecular
  Atoms in the environment: 3912
  Use core densities? F
  Numerical derivatives? F
  Nuclear CP signature: -3
  Number of non-equivalent critical points: 102
  Number of critical points in the unit cell: 102
  Alias for this field (2): $0, $rho0
  This is the REFERENCE field.

* List of integrable properties (3)
#  Id  Type  Field  Name
    1   v        0  Volume  
    2  fval      0  Pop  
    3  lval      0  Lap  

* List of additional properties at critical points (0)

* List of core and pseudopotential charges for each field
# id  type   core?  ZPSP
  0  promol   no  

critic2:2> %% load valence_density.cube core zpsp C 4 H 1 N 5 Zn 12

+ Field number 1
  Source: valence_density.cube
  Type: grid
  Grid dimensions : 288  288  288
  First elements... 7.209800000000E-07  -6.276900000000E-08  1.335300000000E-07
  Last elements... -5.564700000000E-08  -2.616800000000E-07  -4.393600000000E-08
  Sum of elements... 5.321035378589E+05
  Sum of squares of elements... 2.282977024742E+05
  Cell integral (grid SUM) = 372.00138290
  Min: -9.92090000E-07
  Average: 2.22750498E-02
  Max: 5.84160000E+00
  Interpolation mode (1=nearest,2=linear,3=spline,4=tricubic): 4
  Use core densities? T
  Core charges (ZPSP): H(1), C(4), N(5), Zn(12)
  Numerical derivatives? F
  Nuclear CP signature: -3
  Number of non-equivalent critical points: 102
  Number of critical points in the unit cell: 102
  Alias for this field (1): $1

* Field number 1 is now REFERENCE.

critic2:3> %% load as "$1-$0"

+ Field number 2
  Name: <ghost>
  Source: <generated>
  Type: ghost field
  Expression: $1-$0
  Use core densities? F
  Numerical derivatives? T
  Nuclear CP signature: -3
  Number of non-equivalent critical points: 102
  Number of critical points in the unit cell: 102
  Alias for this field (1): $2

critic2:4> %% plane 0.471 0.123 0.836 0.682 0.333 0.599 0.124 0.475 0.837 11 11 field 2 file rhodef

* PLANE written to file: rhodef

critic2:5> 
CRITIC2 ended successfully (0 WARNINGS, 0 COMMENTS)

Elapsed wall time: 16s
Elapsed CPU time: 15s
CRITIC2--2022/5/31, 11:57:10.598
