This file is just here to check that arbitrary output files are not affecting the parsers.
