 DBCSR| CPU Multiplication driver                                           BLAS
 DBCSR| Multrec recursion limit                                              512
 DBCSR| Multiplication stack size                                           1000
 DBCSR| Maximum elements for images                                    UNLIMITED
 DBCSR| Multiplicative factor virtual images                                   1
 DBCSR| Use multiplication densification                                       T
 DBCSR| Multiplication size stacks                                             3
 DBCSR| Use memory pool for CPU allocation                                     F
 DBCSR| Number of 3D layers                                               SINGLE
 DBCSR| Use MPI memory allocation                                              F
 DBCSR| Use RMA algorithm                                                      F
 DBCSR| Use Communication thread                                               T
 DBCSR| Communication thread load                                             87
 DBCSR| MPI: My node id                                                        0
 DBCSR| MPI: Number of nodes                                                   4
 DBCSR| OMP: Current number of threads                                         1
 DBCSR| OMP: Max number of threads                                             1
 DBCSR| Split modifier for TAS multiplication algorithm                  1.0E+00


  **** **** ******  **  PROGRAM STARTED AT               2022-07-08 13:28:21.248
 ***** ** ***  *** **   PROGRAM STARTED ON                               quechua
 **    ****   ******    PROGRAM STARTED BY                                holger
 ***** **    ** ** **   PROGRAM PROCESS ID                                 35127
  **** **  *******  **  PROGRAM STARTED IN /home/holger/studienunterlagen/phd2/s
                                           imulations/aiida_tests/6a/d8/b8f6-a2e
                                           f-4482-b7db-ebd75a9bf723

 CP2K| version string:                                          CP2K version 9.1
 CP2K| source code revision number:                                  git:d8d7100
 CP2K| cp2kflags: omp parallel mpi3 scalapack                                   
 CP2K| is freely available from                            https://www.cp2k.org/
 CP2K| Program compiled at                           So 9. Jan 06:59:17 CET 2022
 CP2K| Program compiled on                                               quechua
 CP2K| Program compiled for                                            localhost
 CP2K| Data directory path    /home/holger/studienunterlagen/phd2/software/cp2k/
 CP2K| Input file name                                                  aiida.in

 GLOBAL| Force Environment number                                              1
 GLOBAL| Basis set file name                                    BASIS_MOLOPT_UCL
 GLOBAL| Potential file name                                      GTH_POTENTIALS
 GLOBAL| MM Potential file name                                     MM_POTENTIAL
 GLOBAL| Coordinate file name                                   aiida.coords.xyz
 GLOBAL| Method name                                                        CP2K
 GLOBAL| Project name                                                      aiida
 GLOBAL| Run type                                                         ENERGY
 GLOBAL| FFT library                                                       FFTW3
 GLOBAL| Diagonalization library                                       ScaLAPACK
 GLOBAL| Orthonormality check for eigenvectors                          DISABLED
 GLOBAL| Matrix multiplication library                                 ScaLAPACK
 GLOBAL| All-to-all communication in single precision                          F
 GLOBAL| FFTs using library dependent lengths                                  F
 GLOBAL| Grid backend                                                       AUTO
 GLOBAL| Global print level                                                  LOW
 GLOBAL| MPI I/O enabled                                                       T
 GLOBAL| Total number of message passing processes                             4
 GLOBAL| Number of threads for this process                                    1
 GLOBAL| This output is from process                                           0
 GLOBAL| Stack size for threads created by OpenMP (OMP_STACKSIZE)        default
 GLOBAL| CPU model name                 Intel(R) Core(TM) i5-7500T CPU @ 2.70GHz

 MEMORY| system memory details [Kb]
 MEMORY|                        rank 0           min           max       average
 MEMORY| MemTotal             16164888      16164888      16164888      16164888
 MEMORY| MemFree               5823496       5823496       5823496       5823496
 MEMORY| Buffers               1725980       1725980       1725980       1725980
 MEMORY| Cached                3433532       3433532       3433532       3433532
 MEMORY| Slab                  1080796       1080796       1080796       1080796
 MEMORY| SReclaimable           955384        955384        955384        955384
 MEMORY| MemLikelyFree        11938392      11938392      11938392      11938392


 *** WARNING in environment.F:993 :: FFT library FFTW3 is not available. ***
 *** Trying FFT library FFTSG.                                           ***


 GENERATE|  Preliminary Number of Bonds generated:                             0
 GENERATE|  Achieved consistency in connectivity generation.

 *******************************************************************************
 *******************************************************************************
 **                                                                           **
 **     #####                         ##              ##                      **
 **    ##   ##            ##          ##              ##                      **
 **   ##     ##                       ##            ######                    **
 **   ##     ##  ##   ##  ##   #####  ##  ##   ####   ##    #####    #####    **
 **   ##     ##  ##   ##  ##  ##      ## ##   ##      ##   ##   ##  ##   ##   **
 **   ##  ## ##  ##   ##  ##  ##      ####     ###    ##   ######   ######    **
 **    ##  ###   ##   ##  ##  ##      ## ##      ##   ##   ##       ##        **
 **     #######   #####   ##   #####  ##  ##  ####    ##    #####   ##        **
 **           ##                                                    ##        **
 **                                                                           **
 **                                                ... make the atoms dance   **
 **                                                                           **
 **            Copyright (C) by CP2K developers group (2000-2021)             **
 **                      J. Chem. Phys. 152, 194103 (2020)                    **
 **                                                                           **
 *******************************************************************************

 *** WARNING in qs_environment.F:1432 :: More ADDED_MOs requested for beta ***
 *** spin than available.                                                  ***


 *** WARNING in qs_environment.F:1448 :: More added MOs requested than     ***
 *** available. The full set of unoccupied MOs will be used. Use           ***
 *** 'ADDED_MOS -1' to always use all available MOs and to get rid of this ***
 *** warning.                                                              ***



 TOTAL NUMBERS AND MAXIMUM NUMBERS

  Total number of            - Atomic kinds:                                   2
                             - Atoms:                                          2
                             - Shell sets:                                     2
                             - Shells:                                        10
                             - Primitive Cartesian functions:                 12
                             - Cartesian basis functions:                     28
                             - Spherical basis functions:                     26

  Maximum angular momentum of- Orbital basis functions:                        2
                             - Local part of the GTH pseudopotential:          0
                             - Non-local part of the GTH pseudopotential:      2


 SCF PARAMETERS         Density guess:                                    ATOMIC
                        --------------------------------------------------------
                        max_scf:                                              50
                        max_scf_history:                                       0
                        max_diis:                                              4
                        --------------------------------------------------------
                        eps_scf:                                        1.00E-05
                        eps_scf_history:                                0.00E+00
                        eps_diis:                                       1.00E-01
                        eps_eigval:                                     1.00E-05
                        --------------------------------------------------------
                        level_shift [a.u.]:                                 0.00
                        added MOs                                        22   22
                        --------------------------------------------------------
                        Mixing method:                            BROYDEN_MIXING
                                                charge density mixing in g-space
                        --------------------------------------------------------
                        No outer SCF

 Spin 1

 Number of electrons:                                                          4
 Number of occupied orbitals:                                                  4
 Number of molecular orbitals:                                                26

 Spin 2

 Number of electrons:                                                          4
 Number of occupied orbitals:                                                  4
 Number of molecular orbitals:                                                26

 Number of orbital functions:                                                 26
 Number of independent orbital functions:                                     26

 Extrapolation method: initial_guess


 SCF WAVEFUNCTION OPTIMIZATION

  Step     Update method      Time    Convergence         Total energy    Change
  ------------------------------------------------------------------------------
     1 NoMix/Diag. 0.50E+00    0.8     0.75939744        -8.5356851694 -8.54E+00
     2 Broy./Diag. 0.50E+00    1.9     0.01879616        -7.0089093371  1.53E+00
     3 Broy./Diag. 0.50E+00    2.3     0.02360190        -7.1753132751 -1.66E-01
     4 Broy./Diag. 0.50E+00    2.0     0.00084039        -7.2293815156 -5.41E-02
     5 Broy./Diag. 0.50E+00    2.6     0.00029620        -7.2312650924 -1.88E-03
     6 Broy./Diag. 0.50E+00    1.9     0.00001392        -7.2314606269 -1.96E-04
     7 Broy./Diag. 0.50E+00    1.9     0.00000512        -7.2314285772  3.20E-05

  *** SCF run converged in     7 steps ***


  Electronic density on regular grids:         -8.0000000000       -0.0000000000
  Core density on regular grids:                7.9999999984       -0.0000000016
  Total charge density on r-space grids:       -0.0000000016
  Total charge density g-space grids:          -0.0000000016

  Overlap energy of the core charge distribution:               0.00000000002093
  Self energy of the core charge distribution:                -20.51598485628205
  Core Hamiltonian energy:                                      5.37510340289568
  Hartree energy:                                              10.50787162198110
  Exchange-correlation energy:                                 -2.59841874577246

  Total energy:                                                -7.23142857715679

   Calculate PDOS at iteration step                                  0

              ---- PDOS: start iteration on the KS states --- 

   Calculate PDOS at iteration step                                  0

              ---- PDOS: start iteration on the KS states --- 

  Integrated absolute spin density  :                               0.0000000000
  Ideal and single determinant S**2 :                    0.000000       0.000000

 ENERGY| Total FORCE_EVAL ( QS ) energy [a.u.]:               -7.231428577156794

 -------------------------------------------------------------------------------
 -                                                                             -
 -                                DBCSR STATISTICS                             -
 -                                                                             -
 -------------------------------------------------------------------------------
 COUNTER                                    TOTAL       BLAS       SMM       ACC
 flops    13 x    26 x    13                35152     100.0%      0.0%      0.0%
 flops    13 x    13 x    26               369096     100.0%      0.0%      0.0%
 flops inhomo. stacks                           0       0.0%      0.0%      0.0%
 flops total                       404.248000E+03     100.0%      0.0%      0.0%
 flops max/rank                    140.608000E+03     100.0%      0.0%      0.0%
 matmuls inhomo. stacks                         0       0.0%      0.0%      0.0%
 matmuls total                                 46     100.0%      0.0%      0.0%
 number of processed stacks                    46     100.0%      0.0%      0.0%
 average stack size                                     1.0       0.0       0.0
 marketing flops                    81.120000E+03
 -------------------------------------------------------------------------------
 # multiplications                             15
 max memory usage/rank              97.816576E+06
 # max total images/rank                        1
 # max 3D layers                                1
 # MPI messages exchanged                     120
 MPI messages size (bytes):
  total size                       162.240000E+03
  min size                           0.000000E+00
  max size                           2.704000E+03
  average size                       1.352000E+03
 MPI breakdown and total messages size (bytes):
             size <=      128                  58                        0
       128 < size <=     8192                  62                   162240
      8192 < size <=    32768                   0                        0
     32768 < size <=   131072                   0                        0
    131072 < size <=  4194304                   0                        0
   4194304 < size <= 16777216                   0                        0
  16777216 < size                               0                        0
 -------------------------------------------------------------------------------
 -                                                                             -
 -                      DBCSR MESSAGE PASSING PERFORMANCE                      -
 -                                                                             -
 -------------------------------------------------------------------------------
 ROUTINE             CALLS      AVE VOLUME [Bytes]
 MP_Bcast                3                     12.
 MP_Allreduce          126                     10.
 MP_Alltoall           456                    652.
 MP_ISend              120                    709.
 MP_IRecv              120                     75.
 -------------------------------------------------------------------------------

 -------------------------------------------------------------------------------
 -                                                                             -
 -                                GRID STATISTICS                              -
 -                                                                             -
 -------------------------------------------------------------------------------
 LP    KERNEL             BACKEND                              COUNT     PERCENT
 4     collocate general  REF                                  87680      53.33%
 4     integrate general  REF                                  76720      46.67%
 0     collocate general  REF                                      2       0.00%
 -------------------------------------------------------------------------------

 MEMORY| Estimated peak process memory [MiB]                                  94

 -------------------------------------------------------------------------------
 -                                                                             -
 -                         MESSAGE PASSING PERFORMANCE                         -
 -                                                                             -
 -------------------------------------------------------------------------------

 ROUTINE             CALLS      AVE VOLUME [Bytes]
 MP_Group                4
 MP_Bcast               98                7345298.
 MP_Allreduce          490                     92.
 MP_Sync                20
 MP_Alltoall           254                 695011.
 MP_ISendRecv          363                  41687.
 MP_Wait               363
 MP_Recv                 2                   2704.
 -------------------------------------------------------------------------------


 -------------------------------------------------------------------------------
 -                                                                             -
 -                           R E F E R E N C E S                               -
 -                                                                             -
 -------------------------------------------------------------------------------
 
 CP2K version 9.1, the CP2K developers group (2021).
 CP2K is freely available from https://www.cp2k.org/ .

 Kuehne,Thomas D.; Iannuzzi,Marcella; Del Ben,Mauro;
 Rybkin,Vladimir V.; Seewald,Patrick; Stein,Frederick; Laino,Teodoro;
 Khaliullin,Rustam Z.; Schuett,Ole; Schiffmann,Florian; Golze,Dorothea;
 Wilhelm,Jan; Chulkov,Sergey; Bani-Hashemian,Mohammad Hossein;
 Weber,Valery; Borstnik,Urban; Taillefumier,Mathieu;
 Jakobovits,Alice Shoshana; Lazzaro,Alfio; Pabst,Hans; Mueller,Tiziano;
 Schade,Robert; Guidon,Manuel; Andermatt,Samuel; Holmberg,Nico;
 Schenter,Gregory K.; Hehn,Anna; Bussy,Augustin; Belleflamme,Fabian;
 Tabacchi,Gloria; Gloess,Andreas; Lass,Michael; Bethune,Iain;
 Mundy,Christopher J.; Plessl,Christian; Watkins,Matt;
 VandeVondele,Joost; Krack,Matthias; Hutter,Juerg. 
 The Journal of Chemical Physics, 152 (19), (2020). 
 CP2K: An electronic structure and molecular dynamics software package -
 Quickstep: Efficient and accurate electronic structure calculations.
 https://doi.org/10.1063/5.0007045

 Schuett, Ole; Messmer, Peter; Hutter, Juerg; VandeVondele, Joost. 
 Electronic Structure Calculations on Graphics Processing Units, John
 Wiley & Sons, Ltd, 173-190 (2016). 
 GPU-Accelerated Sparse Matrix-Matrix Multiplication for
 Linear Scaling Density Functional Theory.
 https://doi.org/10.1002/9781118670712.ch8

 Borstnik, U; VandeVondele, J; Weber, V; Hutter, J. 
 PARALLEL COMPUTING, 40 (5-6), 47-58 (2014). 
 Sparse matrix multiplication: The distributed block-compressed sparse
 row library.
 https://doi.org/10.1016/j.parco.2014.03.012

 Hutter, J; Iannuzzi, M; Schiffmann, F; VandeVondele, J. 
 WIREs Comput Mol Sci., 4 (1), 15-25 (2014). 
 CP2K: atomistic simulations of condensed matter systems.
 https://doi.org/10.1002/wcms.1159

 VandeVondele, J; Hutter, J. 
 JOURNAL OF CHEMICAL PHYSICS, 127 (11), 114105 (2007). 
 Gaussian basis sets for accurate calculations on molecular systems in
 gas and condensed phases.
 https://doi.org/10.1063/1.2770708

 Krack, M. 
 THEORETICAL CHEMISTRY ACCOUNTS, 114 (1-3), 145-152 (2005). 
 Pseudopotentials for H to Kr optimized for gradient-corrected
 exchange-correlation functionals.
 https://doi.org/10.1007/s00214-005-0655-y

 VandeVondele, J; Krack, M; Mohamed, F; Parrinello, M; Chassaing, T;
 Hutter, J. COMPUTER PHYSICS COMMUNICATIONS, 167 (2), 103-128 (2005). 
 QUICKSTEP: Fast and accurate density functional calculations using a
 mixed Gaussian and plane waves approach.
 https://doi.org/10.1016/j.cpc.2004.12.014

 Frigo, M; Johnson, SG. 
 PROCEEDINGS OF THE IEEE, 93 (2), 216-231 (2005). 
 The design and implementation of FFTW3.
 https://doi.org/10.1109/JPROC.2004.840301

 Hartwigsen, C; Goedecker, S; Hutter, J. 
 PHYSICAL REVIEW B, 58 (7), 3641-3662 (1998). 
 Relativistic separable dual-space Gaussian pseudopotentials from H to Rn.
 https://doi.org/10.1103/PhysRevB.58.3641

 Lippert, G; Hutter, J; Parrinello, M. 
 MOLECULAR PHYSICS, 92 (3), 477-487 (1997). 
 A hybrid Gaussian and plane wave density functional scheme.
 https://doi.org/10.1080/002689797170220

 Perdew, JP; Burke, K; Ernzerhof, M. 
 PHYSICAL REVIEW LETTERS, 77 (18), 3865-3868 (1996). 
 Generalized gradient approximation made simple.
 https://doi.org/10.1103/PhysRevLett.77.3865

 Goedecker, S; Teter, M; Hutter, J. 
 PHYSICAL REVIEW B, 54 (3), 1703-1710 (1996). 
 Separable dual-space Gaussian pseudopotentials.
 https://doi.org/10.1103/PhysRevB.54.1703


 -------------------------------------------------------------------------------
 -                                                                             -
 -                                T I M I N G                                  -
 -                                                                             -
 -------------------------------------------------------------------------------
 SUBROUTINE                       CALLS  ASD         SELF TIME        TOTAL TIME
                                MAXIMUM       AVERAGE  MAXIMUM  AVERAGE  MAXIMUM
 CP2K                                 1  1.0    0.004    0.010   15.725   15.730
 qs_energies                          1  2.0    0.000    0.000   15.579   15.579
 scf_env_do_scf                       1  3.0    0.000    0.000   14.574   14.574
 scf_env_do_scf_inner_loop            7  4.0    0.000    0.000   14.574   14.574
 qs_rho_update_rho                    8  5.0    0.000    0.000    7.694    7.694
 calculate_rho_elec                  16  6.0    0.002    0.003    7.694    7.694
 rs_pw_transfer                     121  9.4    0.001    0.001    2.444    7.691
 mp_waitall_1                       843 12.0    2.425    7.675    2.425    7.675
 density_rs2pw                       16  7.0    0.003    0.009    2.464    7.646
 rs_pw_transfer_RS2PW_140            17  8.9    0.007    0.014    2.373    7.618
 qs_ks_update_qs_env                  7  5.0    0.000    0.000    6.590    7.405
 rebuild_ks_matrix                    7  6.0    0.000    0.000    6.582    7.399
 qs_ks_build_kohn_sham_matrix         7  7.0    0.001    0.001    6.582    7.399
 grid_collocate_task_list            16  7.0    5.204    7.128    5.204    7.128
 sum_up_and_integrate                 7  8.0    0.001    0.001    6.131    6.948
 integrate_v_rspace                  14  9.0    0.000    0.000    6.130    6.947
 grid_integrate_task_list            14 10.0    4.688    6.520    4.688    6.520
 pw_transfer                        268  9.5    0.013    0.018    1.819    4.222
 fft_wrap_pw1pw2                    254 10.5    0.001    0.001    1.805    4.213
 fft3d_ps                           254 12.5    0.086    0.103    1.752    4.160
 fft_wrap_pw1pw2_140                164 11.5    0.016    0.019    1.700    4.109
 mp_alltoall_z22v                   254 14.5    1.650    4.070    1.650    4.070
 yz_to_x                            121 13.0    0.005    0.006    1.438    3.882
 potential_pw2rs                     14 10.0    0.000    0.000    1.442    3.850
 qs_scf_new_mos                       7  5.0    0.000    0.000    1.093    3.375
 copy_dbcsr_to_fm                    18  6.1    0.000    0.000    1.062    3.344
 dbcsr_desymmetrize_deep             18  7.1    0.000    0.000    1.030    3.312
 mp_alltoall_i22                     66  9.0    1.012    3.285    1.012    3.285
 init_scf_run                         1  3.0    0.000    0.000    0.908    0.908
 scf_env_initial_rho_setup            1  4.0    0.000    0.000    0.907    0.907
 qs_vxc_create                        7  8.0    0.000    0.000    0.422    0.426
 xc_vxc_pw_create                     7  9.0    0.006    0.008    0.422    0.426
 -------------------------------------------------------------------------------

 The number of warnings for this run is : 3
 
 -------------------------------------------------------------------------------
  **** **** ******  **  PROGRAM ENDED AT                 2022-07-08 13:28:37.191
 ***** ** ***  *** **   PROGRAM RAN ON                                   quechua
 **    ****   ******    PROGRAM RAN BY                                    holger
 ***** **    ** ** **   PROGRAM PROCESS ID                                 35127
  **** **  *******  **  PROGRAM STOPPED IN /home/holger/studienunterlagen/phd2/s
                                           imulations/aiida_tests/6a/d8/b8f6-a2e
                                           f-4482-b7db-ebd75a9bf723
