 DBCSR| CPU Multiplication driver                                           XSMM
 DBCSR| Multrec recursion limit                                              512
 DBCSR| Multiplication stack size                                           1000
 DBCSR| Maximum elements for images                                    UNLIMITED
 DBCSR| Multiplicative factor virtual images                                   1
 DBCSR| Use multiplication densification                                       T
 DBCSR| Multiplication size stacks                                             3
 DBCSR| Use memory pool for CPU allocation                                     F
 DBCSR| Number of 3D layers                                               SINGLE
 DBCSR| Use MPI memory allocation                                              F
 DBCSR| Use RMA algorithm                                                      F
 DBCSR| Use Communication thread                                               T
 DBCSR| Communication thread load                                             83
 DBCSR| MPI: My node id                                                        0
 DBCSR| MPI: Number of nodes                                                  24
 DBCSR| OMP: Current number of threads                                         2
 DBCSR| OMP: Max number of threads                                             2
 DBCSR| Split modifier for TAS multiplication algorithm                  1.0E+00


  **** **** ******  **  PROGRAM STARTED AT               2021-05-23 16:44:42.193
 ***** ** ***  *** **   PROGRAM STARTED ON                               mpcl038
 **    ****   ******    PROGRAM STARTED BY                              pubo1141
 ***** **    ** ** **   PROGRAM PROCESS ID                                 14491
  **** **  *******  **  PROGRAM STARTED IN /user/pubo1141/simulations/aiida_test
                                           s/cp2k_8.1/eigenvalues_low

 CP2K| version string:                                          CP2K version 8.1
 CP2K| source code revision number:                                  git:0b61f2f
 CP2K| cp2kflags: omp fftw3 libxc parallel mpi3 scalapack xsmm spglib mkl libvor
 CP2K|            i libbqb
 CP2K| is freely available from                            https://www.cp2k.org/
 CP2K| Program compiled at                         Mon May 17 11:51:24 CEST 2021
 CP2K| Program compiled on                                               hpcl002
 CP2K| Program compiled for                                        carl-mkl-impi
 CP2K| Data directory path            /user/pubo1141/software/cp2k/cp2k-8.1/data
 CP2K| Input file name                                                 aiida.inp
 
 GLOBAL| Force Environment number                                              1
 GLOBAL| Basis set file name                                        BASIS_MOLOPT
 GLOBAL| Potential file name                                      GTH_POTENTIALS
 GLOBAL| MM Potential file name                                     MM_POTENTIAL
 GLOBAL| Coordinate file name                                      __STD_INPUT__
 GLOBAL| Method name                                                        CP2K
 GLOBAL| Project name                                                      aiida
 GLOBAL| Preferred FFT library                                             FFTW3
 GLOBAL| Preferred diagonalization lib.                                       SL
 GLOBAL| Run type                                                         ENERGY
 GLOBAL| All-to-all communication in single precision                          F
 GLOBAL| FFTs using library dependent lengths                                  F
 GLOBAL| Global print level                                                  LOW
 GLOBAL| MPI I/O enabled                                                       T
 GLOBAL| Total number of message passing processes                            24
 GLOBAL| Number of threads for this process                                    2
 GLOBAL| This output is from process                                           0
 GLOBAL| CPU model name                Intel(R) Xeon(R) CPU E5-2650 v4 @ 2.20GHz
 GLOBAL| CPUID                                                              1002

 MEMORY| system memory details [Kb]
 MEMORY|                        rank 0           min           max       average
 MEMORY| MemTotal            131594208     131594208     131594208     131594208
 MEMORY| MemFree              90972320      78117652      90972320      84544986
 MEMORY| Buffers                 88420         88420        140040        114230
 MEMORY| Cached               29906344      29906344      40216584      35061464
 MEMORY| Slab                  2817060       2817060       4447360       3632210
 MEMORY| SReclaimable          1263164       1263164       2174220       1718692
 MEMORY| MemLikelyFree       122230248     120648496     122230248     121439372

 
 GENERATE|  Preliminary Number of Bonds generated:                             0
 GENERATE|  Achieved consistency in connectivity generation.

 *** WARNING in cryssym.F:169 :: Version of Symmetry Library SPGLIB not ***
 *** tested                                                             ***


 *******************************************************************************
 *******************************************************************************
 **                                                                           **
 **     #####                         ##              ##                      **
 **    ##   ##            ##          ##              ##                      **
 **   ##     ##                       ##            ######                    **
 **   ##     ##  ##   ##  ##   #####  ##  ##   ####   ##    #####    #####    **
 **   ##     ##  ##   ##  ##  ##      ## ##   ##      ##   ##   ##  ##   ##   **
 **   ##  ## ##  ##   ##  ##  ##      ####     ###    ##   ######   ######    **
 **    ##  ###   ##   ##  ##  ##      ## ##      ##   ##   ##       ##        **
 **     #######   #####   ##   #####  ##  ##  ####    ##    #####   ##        **
 **           ##                                                    ##        **
 **                                                                           **
 **                                                ... make the atoms dance   **
 **                                                                           **
 **            Copyright (C) by CP2K developers group (2000 - 2020)           **
 **                      J. Chem. Phys. 152, 194103 (2020)                    **
 **                                                                           **
 *******************************************************************************


 TOTAL NUMBERS AND MAXIMUM NUMBERS

  Total number of            - Atomic kinds:                                   1
                             - Atoms:                                          2
                             - Shell sets:                                     2
                             - Shells:                                        10
                             - Primitive Cartesian functions:                 12
                             - Cartesian basis functions:                     28
                             - Spherical basis functions:                     26

  Maximum angular momentum of- Orbital basis functions:                        2
                             - Local part of the GTH pseudopotential:          0
                             - Non-local part of the GTH pseudopotential:      2


 SCF PARAMETERS         Density guess:                                   RESTART
                        --------------------------------------------------------
                        max_scf:                                             150
                        max_scf_history:                                       0
                        max_diis:                                              4
                        --------------------------------------------------------
                        eps_scf:                                        1.00E-06
                        eps_scf_history:                                0.00E+00
                        eps_diis:                                       1.00E-01
                        eps_eigval:                                     1.00E-05
                        --------------------------------------------------------
                        level_shift [a.u.]:                                 0.00
                        added MOs                                         8    0
                        --------------------------------------------------------
                        Mixing method:                            BROYDEN_MIXING
                                                charge density mixing in g-space
                        --------------------------------------------------------
                        No outer SCF
 
 KPOINTS| Number of kpoint groups                                              1
 KPOINTS| Size of each kpoint group                                           24
 KPOINTS| Number of kpoints per group                                          4

 Number of electrons:                                                          8
 Number of occupied orbitals:                                                  4
 Number of molecular orbitals:                                                12

 Number of orbital functions:                                                 26
 Number of independent orbital functions:                                     26

 Extrapolation method: initial_guess

 *** WARNING in qs_initial_guess.F:309 :: User requested to restart the    ***
 *** wavefunction from the file named: aiida-RESTART.kp. This file does    ***
 *** not exist. Please check the existence of the file or change properly  ***
 *** the value of the keyword WFN_RESTART_FILE_NAME. Calculation continues ***
 *** using ATOMIC GUESS.                                                   ***



 SCF WAVEFUNCTION OPTIMIZATION

  Step     Update method      Time    Convergence         Total energy    Change
  ------------------------------------------------------------------------------
     1 NoMix/Diag. 0.30E+00    1.0     0.98989782        -8.0057396415 -8.01E+00
     2 Broy./Diag. 0.30E+00    1.8     0.02355749        -7.7953844106  2.10E-01
     3 Broy./Diag. 0.30E+00    1.9     0.05162788        -7.8346123689 -3.92E-02
     4 Broy./Diag. 0.30E+00    1.9     0.00079177        -7.8773222132 -4.27E-02
     5 Broy./Diag. 0.30E+00    1.9     0.00112989        -7.8674398651  9.88E-03
     6 Broy./Diag. 0.30E+00    1.9     0.00008288        -7.8657941895  1.65E-03
     7 Broy./Diag. 0.30E+00    1.9     0.00002275        -7.8657320813  6.21E-05
     8 Broy./Diag. 0.30E+00    1.9     0.00001129        -7.8658603033 -1.28E-04
     9 Broy./Diag. 0.30E+00    1.9     0.00000034        -7.8658800057 -1.97E-05

  *** SCF run converged in     9 steps ***


  Electronic density on regular grids:         -7.9999999996        0.0000000004
  Core density on regular grids:                7.9999998712       -0.0000001288
  Total charge density on r-space grids:       -0.0000001283
  Total charge density g-space grids:          -0.0000001283

  Overlap energy of the core charge distribution:               0.00000000002093
  Self energy of the core charge distribution:                -20.51598485628205
  Core Hamiltonian energy:                                      4.39398988205036
  Hartree energy:                                              10.68827352966521
  Exchange-correlation energy:                                 -2.43215856117839

  Total energy:                                                -7.86588000572394


 MO EIGENVALUES AND MO OCCUPATION NUMBERS FOR K-POINT:     1

# MO index          MO eigenvalue [a.u.]            MO occupation
         1                     -0.212867                 2.000000
         2                      0.058466                 2.000000
         3                      0.174493                 2.000000
         4                      0.174493                 2.000000
         5                      0.280767                 0.000000
         6                      0.335999                 0.000000
         7                      0.335999                 0.000000
         8                      0.477136                 0.000000
         9                      0.549376                 0.000000
        10                      0.549376                 0.000000
        11                      0.745002                 0.000000
        12                      0.840838                 0.000000
# Sum                                                    8.000000

  Fermi energy:                 0.185629

  HOMO-LUMO gap:                0.106274 =   2.89 eV



 MO EIGENVALUES AND MO OCCUPATION NUMBERS FOR K-POINT:     2

# MO index          MO eigenvalue [a.u.]            MO occupation
         1                     -0.140308                 2.000000
         2                     -0.035106                 2.000000
         3                      0.071648                 2.000000
         4                      0.119983                 2.000000
         5                      0.261290                 0.000000
         6                      0.388359                 0.000000
         7                      0.426289                 0.000000
         8                      0.437695                 0.000000
         9                      0.624540                 0.000000
        10                      0.656052                 0.000000
        11                      0.729255                 0.000000
        12                      0.753632                 0.000000
# Sum                                                    8.000000

  Fermi energy:                 0.185629

  HOMO-LUMO gap:                0.141306 =   3.85 eV



 MO EIGENVALUES AND MO OCCUPATION NUMBERS FOR K-POINT:     3

# MO index          MO eigenvalue [a.u.]            MO occupation
         1                     -0.140308                 2.000000
         2                     -0.035106                 2.000000
         3                      0.071648                 2.000000
         4                      0.119983                 2.000000
         5                      0.261290                 0.000000
         6                      0.388359                 0.000000
         7                      0.426289                 0.000000
         8                      0.437695                 0.000000
         9                      0.624540                 0.000000
        10                      0.656052                 0.000000
        11                      0.729255                 0.000000
        12                      0.753632                 0.000000
# Sum                                                    8.000000

  Fermi energy:                 0.185629

  HOMO-LUMO gap:                0.141306 =   3.85 eV



 MO EIGENVALUES AND MO OCCUPATION NUMBERS FOR K-POINT:     4

# MO index          MO eigenvalue [a.u.]            MO occupation
         1                     -0.140308                 2.000000
         2                     -0.035106                 2.000000
         3                      0.071648                 2.000000
         4                      0.119983                 2.000000
         5                      0.261290                 0.000000
         6                      0.388359                 0.000000
         7                      0.426289                 0.000000
         8                      0.437695                 0.000000
         9                      0.624540                 0.000000
        10                      0.656052                 0.000000
        11                      0.729255                 0.000000
        12                      0.753632                 0.000000
# Sum                                                    8.000000

  Fermi energy:                 0.185629

  HOMO-LUMO gap:                0.141306 =   3.85 eV


 ENERGY| Total FORCE_EVAL ( QS ) energy [a.u.]:               -7.865880005723936

 -------------------------------------------------------------------------------
 -                                                                             -
 -                                DBCSR STATISTICS                             -
 -                                                                             -
 -------------------------------------------------------------------------------
 COUNTER                                    TOTAL       BLAS       SMM       ACC
 flops inhomo. stacks                           0       0.0%      0.0%      0.0%
 flops total                         0.000000E+00       0.0%      0.0%      0.0%
 flops max/rank                      0.000000E+00       0.0%      0.0%      0.0%
 matmuls inhomo. stacks                         0       0.0%      0.0%      0.0%
 matmuls total                                  0       0.0%      0.0%      0.0%
 number of processed stacks                     0       0.0%      0.0%      0.0%
 average stack size                                     0.0       0.0       0.0
 marketing flops                     0.000000E+00
 -------------------------------------------------------------------------------
 -                                                                             -
 -                      DBCSR MESSAGE PASSING PERFORMANCE                      -
 -                                                                             -
 -------------------------------------------------------------------------------
 ROUTINE             CALLS      AVE VOLUME [Bytes]
 MP_Bcast                1                     12.
 MP_Allreduce         3692                      8.
 MP_Alltoall          5400                   4138.
 -------------------------------------------------------------------------------

 -------------------------------------------------------------------------------
 -                                                                             -
 -                                GRID STATISTICS                              -
 -                                                                             -
 -------------------------------------------------------------------------------
 LP    KERNEL             BACKEND                              COUNT     PERCENT
 4     collocate general  REF                                  40200      52.63%
 4     integrate general  REF                                  36180      47.37%
 0     collocate general  REF                                      2       0.00%
 -------------------------------------------------------------------------------

 MEMORY| Estimated peak process memory [MiB]                                 143

 -------------------------------------------------------------------------------
 -                                                                             -
 -                         MESSAGE PASSING PERFORMANCE                         -
 -                                                                             -
 -------------------------------------------------------------------------------

 ROUTINE             CALLS      AVE VOLUME [Bytes]
 MP_Group                6
 MP_Bcast             1336                 137707.
 MP_Allreduce         2330                     41.
 MP_Sync                43
 MP_Alltoall           227                 324229.
 MP_ISendRecv         2208                  22902.
 MP_Wait              3326
 MP_ISend             1664                     85.
 MP_IRecv             1664                     85.
 MP_Recv              1020                   1040.
 -------------------------------------------------------------------------------


 -------------------------------------------------------------------------------
 -                                                                             -
 -                           R E F E R E N C E S                               -
 -                                                                             -
 -------------------------------------------------------------------------------
 
 CP2K version 8.1, the CP2K developers group (2020).
 CP2K is freely available from https://www.cp2k.org/ .

 Kuehne,Thomas D.; Iannuzzi,Marcella; Del Ben,Mauro;
 Rybkin,Vladimir V.; Seewald,Patrick; Stein,Frederick; Laino,Teodoro;
 Khaliullin,Rustam Z.; Schuett,Ole; Schiffmann,Florian; Golze,Dorothea;
 Wilhelm,Jan; Chulkov,Sergey; Bani-Hashemian,Mohammad Hossein;
 Weber,Valery; Borstnik,Urban; Taillefumier,Mathieu;
 Jakobovits,Alice Shoshana; Lazzaro,Alfio; Pabst,Hans; Mueller,Tiziano;
 Schade,Robert; Guidon,Manuel; Andermatt,Samuel; Holmberg,Nico;
 Schenter,Gregory K.; Hehn,Anna; Bussy,Augustin; Belleflamme,Fabian;
 Tabacchi,Gloria; Gloess,Andreas; Lass,Michael; Bethune,Iain;
 Mundy,Christopher J.; Plessl,Christian; Watkins,Matt;
 VandeVondele,Joost; Krack,Matthias; Hutter,Juerg. 
 The Journal of Chemical Physics, 152 (19), (2020). 
 CP2K: An electronic structure and molecular dynamics software package -
 Quickstep: Efficient and accurate electronic structure calculations.
 https://doi.org/10.1063/5.0007045

 Togo, Atsushi; Tanaka, Isao. arXiv, 1808.01590 (2018). 
 Spglib : a software library for crystal symmetry search.
 https://doi.org/xxx

 Schuett, Ole; Messmer, Peter; Hutter, Juerg; VandeVondele, Joost. 
 Electronic Structure Calculations on Graphics Processing Units, John
 Wiley & Sons, Ltd, 173-190 (2016). 
 GPU-Accelerated Sparse Matrix-Matrix Multiplication for
 Linear Scaling Density Functional Theory.
 https://doi.org/10.1002/9781118670712.ch8

 Borstnik, U; VandeVondele, J; Weber, V; Hutter, J. 
 PARALLEL COMPUTING, 40 (5-6), 47-58 (2014). 
 Sparse matrix multiplication: The distributed block-compressed sparse
 row library.
 https://doi.org/10.1016/j.parco.2014.03.012

 Hutter, J; Iannuzzi, M; Schiffmann, F; VandeVondele, J. 
 WIREs Comput Mol Sci., 4 (1), 15-25 (2014). 
 CP2K: atomistic simulations of condensed matter systems.
 https://doi.org/10.1002/wcms.1159

 VandeVondele, J; Hutter, J. 
 JOURNAL OF CHEMICAL PHYSICS, 127 (11), 114105 (2007). 
 Gaussian basis sets for accurate calculations on molecular systems in
 gas and condensed phases.
 https://doi.org/10.1063/1.2770708

 Krack, M. 
 THEORETICAL CHEMISTRY ACCOUNTS, 114 (1-3), 145-152 (2005). 
 Pseudopotentials for H to Kr optimized for gradient-corrected
 exchange-correlation functionals.
 https://doi.org/10.1007/s00214-005-0655-y

 VandeVondele, J; Krack, M; Mohamed, F; Parrinello, M; Chassaing, T;
 Hutter, J. COMPUTER PHYSICS COMMUNICATIONS, 167 (2), 103-128 (2005). 
 QUICKSTEP: Fast and accurate density functional calculations using a
 mixed Gaussian and plane waves approach.
 https://doi.org/10.1016/j.cpc.2004.12.014

 Frigo, M; Johnson, SG. 
 PROCEEDINGS OF THE IEEE, 93 (2), 216-231 (2005). 
 The design and implementation of FFTW3.
 https://doi.org/10.1109/JPROC.2004.840301

 Hartwigsen, C; Goedecker, S; Hutter, J. 
 PHYSICAL REVIEW B, 58 (7), 3641-3662 (1998). 
 Relativistic separable dual-space Gaussian pseudopotentials from H to Rn.
 https://doi.org/10.1103/PhysRevB.58.3641

 Lippert, G; Hutter, J; Parrinello, M. 
 MOLECULAR PHYSICS, 92 (3), 477-487 (1997). 
 A hybrid Gaussian and plane wave density functional scheme.
 https://doi.org/10.1080/002689797170220

 Perdew, JP; Burke, K; Ernzerhof, M. 
 PHYSICAL REVIEW LETTERS, 77 (18), 3865-3868 (1996). 
 Generalized gradient approximation made simple.
 https://doi.org/10.1103/PhysRevLett.77.3865

 Goedecker, S; Teter, M; Hutter, J. 
 PHYSICAL REVIEW B, 54 (3), 1703-1710 (1996). 
 Separable dual-space Gaussian pseudopotentials.
 https://doi.org/10.1103/PhysRevB.54.1703


 -------------------------------------------------------------------------------
 -                                                                             -
 -                                T I M I N G                                  -
 -                                                                             -
 -------------------------------------------------------------------------------
 SUBROUTINE                       CALLS  ASD         SELF TIME        TOTAL TIME
                                MAXIMUM       AVERAGE  MAXIMUM  AVERAGE  MAXIMUM
 CP2K                                 1  1.0    0.028    0.039   18.567   18.571
 qs_energies                          1  2.0    0.006    0.010   18.224   18.274
 scf_env_do_scf                       1  3.0    0.000    0.000   17.041   17.094
 scf_env_do_scf_inner_loop            9  4.0    0.005    0.006   17.041   17.094
 rs_pw_transfer                      96  9.4    0.001    0.001    8.743    9.128
 mp_waitall_1                      3326 10.7    8.684    9.073    8.684    9.073
 qs_rho_update_rho                   10  5.0    0.000    0.000    9.060    9.061
 calculate_rho_elec                  10  6.0    0.001    0.004    9.060    9.061
 rs_pw_transfer_RS2PW_300            11  8.8    0.012    0.014    8.670    9.057
 density_rs2pw                       10  7.0    0.000    0.001    8.656    9.038
 grid_collocate_task_list            10  7.0    0.398    8.937    0.398    8.937
 qs_scf_new_mos_kp                    9  5.0    0.000    0.000    8.130    8.463
 do_general_diag_kp                   9  6.0    0.002    0.002    8.130    8.463
 qs_ks_update_qs_env                  9  5.0    0.000    0.000    0.588    8.251
 rebuild_ks_matrix                    9  6.0    0.000    0.000    0.550    8.213
 qs_ks_build_kohn_sham_matrix         9  7.0    0.004    0.006    0.550    8.213
 mp_alltoall_i22                    912  8.5    7.770    8.112    7.770    8.112
 dbcsr_desymmetrize_deep            492  7.3    0.007    0.011    7.761    8.099
 sum_up_and_integrate                 9  8.0    0.001    0.001    0.411    8.071
 integrate_v_rspace                   9  9.0    0.000    0.004    0.410    8.070
 grid_integrate_task_list             9 10.0    0.333    7.993    0.333    7.993
 init_scf_run                         1  3.0    0.000    0.000    0.990    0.994
 scf_env_initial_rho_setup            1  4.0    0.000    0.000    0.990    0.994
 -------------------------------------------------------------------------------

 The number of warnings for this run is : 2
 
 -------------------------------------------------------------------------------
  **** **** ******  **  PROGRAM ENDED AT                 2021-05-23 16:45:02.323
 ***** ** ***  *** **   PROGRAM RAN ON                                   mpcl038
 **    ****   ******    PROGRAM RAN BY                                  pubo1141
 ***** **    ** ** **   PROGRAM PROCESS ID                                 14491
  **** **  *******  **  PROGRAM STOPPED IN /user/pubo1141/simulations/aiida_test
                                           s/cp2k_8.1/eigenvalues_low
