 DBCSR| CPU Multiplication driver                                           XSMM (U)
 DBCSR| Multrec recursion limit                                              512 (U)
 DBCSR| Multiplication stack size                                           1000 (D)
 DBCSR| Maximum elements for images                                    UNLIMITED (U)
 DBCSR| Multiplicative factor virtual images                                   1 (U)
 DBCSR| Use multiplication densification                                       T (D)
 DBCSR| Multiplication size stacks                                             3 (U)
 DBCSR| Use memory pool for CPU allocation                                     F (U)
 DBCSR| Number of 3D layers                                               SINGLE (U)
 DBCSR| Use MPI memory allocation                                              F (U)
 DBCSR| Use RMA algorithm                                                      F (U)
 DBCSR| Use Communication thread                                               T (U)
 DBCSR| Communication thread load                                             87 (D)
 DBCSR| MPI: My process id                                                     0
 DBCSR| MPI: Number of processes                                              96
 DBCSR| OMP: Current number of threads                                         1
 DBCSR| OMP: Max number of threads                                             1
 DBCSR| Split modifier for TAS multiplication algorithm                  1.0E+00 (U)


  **** **** ******  **  PROGRAM STARTED AT               2024-07-07 15:22:15.325
 ***** ** ***  *** **   PROGRAM STARTED ON                                 c0266
 **    ****   ******    PROGRAM STARTED BY                              nichdsas
 ***** **    ** ** **   PROGRAM PROCESS ID                                799895
  **** **  *******  **  PROGRAM STARTED IN /scratch-grete/usr/nichdsas/test_pars
                                           er/cp2k-2024.1/geo_opt_low

 CP2K| version string:                                       CP2K version 2024.1
 CP2K| source code revision number:                                             
 CP2K| cp2kflags: omp libint fftw3 libxc elpa parallel scalapack xsmm spglib sir
 CP2K|            ius libvori libbqb
 CP2K| is freely available from                            https://www.cp2k.org/
 CP2K| Program compiled at                                   2024-05-28 17:35:28
 CP2K| Program compiled on                                                      
 CP2K| Program compiled for                                               x86_64
 CP2K| Data directory path    /sw/rev/24.05/sapphirerapids_opa_rocky8/linux-rock
 CP2K| Input file name                                                 aiida.inp

 GLOBAL| Force Environment number                                              1
 GLOBAL| Basis set file name                                        BASIS_MOLOPT
 GLOBAL| Potential file name                                      GTH_POTENTIALS
 GLOBAL| MM Potential file name                                     MM_POTENTIAL
 GLOBAL| Coordinate file name                                   aiida.coords.xyz
 GLOBAL| Method name                                                        CP2K
 GLOBAL| Project name                                                      aiida
 GLOBAL| Run type                                                        GEO_OPT
 GLOBAL| FFT library                                                       FFTW3
 GLOBAL| Diagonalization library                                            ELPA
 GLOBAL| DGEMM library                                                      BLAS
 GLOBAL| Minimum number of eigenvectors for ELPA usage                        16
 GLOBAL| Orthonormality check for eigenvectors                          DISABLED
 GLOBAL| Matrix multiplication library                                 ScaLAPACK
 GLOBAL| All-to-all communication in single precision                          F
 GLOBAL| FFTs using library dependent lengths                                  F
 GLOBAL| Grid backend                                                       AUTO
 GLOBAL| Global print level                                                  LOW
 GLOBAL| MPI I/O enabled                                                       T
 GLOBAL| Total number of message passing processes                            96
 GLOBAL| Number of threads for this process                                    1
 GLOBAL| This output is from process                                           0
 GLOBAL| Stack size for threads created by OpenMP (OMP_STACKSIZE)        default
 GLOBAL| CPU model name                           Intel(R) Xeon(R) Platinum 8468
 GLOBAL| CPUID                                                              1003

 MEMORY| system memory details [Kb]
 MEMORY|                        rank 0           min           max       average
 MEMORY| MemTotal            527678176     527678176     527678176     527678176
 MEMORY| MemFree             512589340     512589340     512589340     512589340
 MEMORY| Buffers                  8144          8144          8144          8144
 MEMORY| Cached                2393664       2393664       2393664       2393664
 MEMORY| Slab                  1371640       1371640       1371640       1371640
 MEMORY| SReclaimable           210908        210908        210908        210908
 MEMORY| MemLikelyFree       515202056     515202056     515202056     515202056


 GENERATE|  Preliminary Number of Bonds generated:                             0
 GENERATE|  Achieved consistency in connectivity generation.

 *******************************************************************************
 *******************************************************************************
 **                                                                           **
 **     #####                         ##              ##                      **
 **    ##   ##            ##          ##              ##                      **
 **   ##     ##                       ##            ######                    **
 **   ##     ##  ##   ##  ##   #####  ##  ##   ####   ##    #####    #####    **
 **   ##     ##  ##   ##  ##  ##      ## ##   ##      ##   ##   ##  ##   ##   **
 **   ##  ## ##  ##   ##  ##  ##      ####     ###    ##   ######   ######    **
 **    ##  ###   ##   ##  ##  ##      ## ##      ##   ##   ##       ##        **
 **     #######   #####   ##   #####  ##  ##  ####    ##    #####   ##        **
 **           ##                                                    ##        **
 **                                                                           **
 **                                                ... make the atoms dance   **
 **                                                                           **
 **            Copyright (C) by CP2K developers group (2000-2024)             **
 **                      J. Chem. Phys. 152, 194103 (2020)                    **
 **                                                                           **
 *******************************************************************************


 TOTAL NUMBERS AND MAXIMUM NUMBERS

  Total number of            - Atomic kinds:                                   1
                             - Atoms:                                          2
                             - Shell sets:                                     2
                             - Shells:                                         6
                             - Primitive Cartesian functions:                 10
                             - Cartesian basis functions:                     10
                             - Spherical basis functions:                     10

  Maximum angular momentum of- Orbital basis functions:                        1
                             - Local part of the GTH pseudopotential:          2


 SCF PARAMETERS         Density guess:                                    ATOMIC
                        --------------------------------------------------------
                        max_scf:                                              50
                        max_scf_history:                                       0
                        max_diis:                                              4
                        --------------------------------------------------------
                        eps_scf:                                        1.00E-05
                        eps_scf_history:                                0.00E+00
                        eps_diis:                                       1.00E-01
                        eps_eigval:                                     1.00E-05
                        --------------------------------------------------------
                        level_shift [a.u.]:                             0.000000
                        --------------------------------------------------------
                        Mixing method:                           DIRECT_P_MIXING
                        --------------------------------------------------------
                        No outer SCF

 BFGS| Use rational function optimization for step estimation:                NO
 BFGS| Use model Hessian for initial guess:                                  YES
 BFGS| Restart Hessian:                                                       NO
 BFGS| Trust radius:                                                       0.472

 *******************************************************************************
 ***                     STARTING GEOMETRY OPTIMIZATION                      ***
 ***                                   BFGS                                  ***
 *******************************************************************************

 Number of electrons:                                                          2
 Number of occupied orbitals:                                                  1
 Number of molecular orbitals:                                                 1

 Number of orbital functions:                                                 10
 Number of independent orbital functions:                                     10

 Extrapolation method: initial_guess


 SCF WAVEFUNCTION OPTIMIZATION

  Step     Update method      Time    Convergence         Total energy    Change
  ------------------------------------------------------------------------------
     1 P_Mix/Diag. 0.40E+00    0.0     0.58131095        -0.8981598355 -8.98E-01
     2 P_Mix/Diag. 0.40E+00    0.0     0.34923638        -1.0032835431 -1.05E-01
     3 P_Mix/Diag. 0.40E+00    0.0     0.20976519        -1.0663496478 -6.31E-02
     4 P_Mix/Diag. 0.40E+00    0.0     0.12596517        -1.1041905509 -3.78E-02
     5 P_Mix/Diag. 0.40E+00    0.0     0.07562951        -1.1268968171 -2.27E-02
     6 DIIS/Diag.  0.53E-03    0.0     0.04542519        -1.1405215468 -1.36E-02
     7 DIIS/Diag.  0.48E-04    0.0     0.00001007        -1.1609605153 -2.04E-02
     8 DIIS/Diag.  0.76E-04    0.0     0.00000860        -1.1609605150  2.94E-10

  *** SCF run converged in     8 steps ***


  Electronic density on regular grids:         -1.9999999991        0.0000000009
  Core density on regular grids:                1.9999999865       -0.0000000135
  Total charge density on r-space grids:       -0.0000000126
  Total charge density g-space grids:          -0.0000000126

  Overlap energy of the core charge distribution:               0.00000060512959
  Self energy of the core charge distribution:                 -2.82094791773878
  Core Hamiltonian energy:                                      1.07883183764649
  Hartree energy:                                               1.30392537667707
  Exchange-correlation energy:                                 -0.72277041674596

  Total energy:                                                -1.16096051503160

 ENERGY| Total FORCE_EVAL ( QS ) energy [a.u.]:               -1.160960515442513

 --------  Informations at step =     0 ------------
  Optimization Method        =                 BFGS
  Total Energy               =        -1.1609605154
  Used time                  =                0.424
 ---------------------------------------------------

 --------------------------
 OPTIMIZATION STEP:      1
 --------------------------

 Number of electrons:                                                          2
 Number of occupied orbitals:                                                  1
 Number of molecular orbitals:                                                 1

 Number of orbital functions:                                                 10
 Number of independent orbital functions:                                     10

 Extrapolation method: PS Nth order
 Extrapolation order:  0


 SCF WAVEFUNCTION OPTIMIZATION

  Step     Update method      Time    Convergence         Total energy    Change
  ------------------------------------------------------------------------------
     1 P_Mix/Diag. 0.40E+00    0.0     0.00061766        -1.1611751800 -1.16E+00
     2 P_Mix/Diag. 0.40E+00    0.0     0.00038032        -1.1611771341 -1.95E-06
     3 DIIS/Diag.  0.68E-04    0.0     0.00024387        -1.1611783375 -1.20E-06
     4 DIIS/Diag.  0.45E-06    0.0     0.00000025        -1.1611801901 -1.85E-06

  *** SCF run converged in     4 steps ***


  Electronic density on regular grids:         -1.9999999981        0.0000000019
  Core density on regular grids:                1.9999999854       -0.0000000146
  Total charge density on r-space grids:       -0.0000000127
  Total charge density g-space grids:          -0.0000000127

  Overlap energy of the core charge distribution:               0.00000117383618
  Self energy of the core charge distribution:                 -2.82094791773878
  Core Hamiltonian energy:                                      1.08370607680208
  Hartree energy:                                               1.30183472840209
  Exchange-correlation energy:                                 -0.72577425139609

  Total energy:                                                -1.16118019009451

 ENERGY| Total FORCE_EVAL ( QS ) energy [a.u.]:               -1.161180190094639

 --------  Informations at step =     1 ------------
  Optimization Method        =                 BFGS
  Total Energy               =        -1.1611801901
  Real energy change         =        -0.0002196747
  Predicted change in energy =        -0.0002539146
  Scaling factor             =         0.0000000000
  Step size                  =         0.0178180522
  Trust radius               =         0.4724315332
  Decrease in energy         =                  YES
  Used time                  =                0.139

  Convergence check :
  Max. step size             =         0.0178180522
  Conv. limit for step size  =         0.0030000000
  Convergence in step size   =                   NO
  RMS step size              =         0.0102872569
  Conv. limit for RMS step   =         0.0015000000
  Convergence in RMS step    =                   NO
  Max. gradient              =         0.0022539257
  Conv. limit for gradients  =         0.0004500000
  Conv. for gradients        =                   NO
  RMS gradient               =         0.0013013046
  Conv. limit for RMS grad.  =         0.0003000000
  Conv. for gradients        =                   NO
 ---------------------------------------------------
 Estimated peak process memory after this step [MiB]                         363

 --------------------------
 OPTIMIZATION STEP:      2
 --------------------------

 Number of electrons:                                                          2
 Number of occupied orbitals:                                                  1
 Number of molecular orbitals:                                                 1

 Number of orbital functions:                                                 10
 Number of independent orbital functions:                                     10

 Extrapolation method: PS Nth order
 Extrapolation order:  1


 SCF WAVEFUNCTION OPTIMIZATION

  Step     Update method      Time    Convergence         Total energy    Change
  ------------------------------------------------------------------------------
     1 P_Mix/Diag. 0.40E+00    0.0     0.00070394        -1.1611788549 -1.16E+00
     2 P_Mix/Diag. 0.40E+00    0.0     0.00043348        -1.1611813967 -2.54E-06
     3 DIIS/Diag.  0.78E-04    0.0     0.00027802        -1.1611829621 -1.57E-06
     4 DIIS/Diag.  0.54E-06    0.0     0.00000032        -1.1611853721 -2.41E-06

  *** SCF run converged in     4 steps ***


  Electronic density on regular grids:         -1.9999999982        0.0000000018
  Core density on regular grids:                1.9999999871       -0.0000000129
  Total charge density on r-space grids:       -0.0000000111
  Total charge density g-space grids:          -0.0000000111

  Overlap energy of the core charge distribution:               0.00000107320985
  Self energy of the core charge distribution:                 -2.82094791773878
  Core Hamiltonian energy:                                      1.08302261802369
  Hartree energy:                                               1.30210002419302
  Exchange-correlation energy:                                 -0.72536116976372

  Total energy:                                                -1.16118537207594

 ENERGY| Total FORCE_EVAL ( QS ) energy [a.u.]:               -1.161185372076127

 --------  Informations at step =     2 ------------
  Optimization Method        =                 BFGS
  Total Energy               =        -1.1611853721
  Real energy change         =        -0.0000051820
  Predicted change in energy =        -0.0000054846
  Scaling factor             =         0.0000000000
  Step size                  =         0.0024333339
  Trust radius               =         0.4724315332
  Decrease in energy         =                  YES
  Used time                  =                0.150

  Convergence check :
  Max. step size             =         0.0024333339
  Conv. limit for step size  =         0.0030000000
  Convergence in step size   =                  YES
  RMS step size              =         0.0014048858
  Conv. limit for RMS step   =         0.0015000000
  Convergence in RMS step    =                  YES
  Max. gradient              =         0.0001178849
  Conv. limit for gradients  =         0.0004500000
  Conv. in gradients         =                  YES
  RMS gradient               =         0.0000680609
  Conv. limit for RMS grad.  =         0.0003000000
  Conv. in RMS gradients     =                  YES
 ---------------------------------------------------
 Estimated peak process memory after this step [MiB]                         364

 *******************************************************************************
 ***                    GEOMETRY OPTIMIZATION COMPLETED                      ***
 *******************************************************************************

                    Reevaluating energy at the minimum

 Number of electrons:                                                          2
 Number of occupied orbitals:                                                  1
 Number of molecular orbitals:                                                 1

 Number of orbital functions:                                                 10
 Number of independent orbital functions:                                     10

 Extrapolation method: PS Nth order
 Extrapolation order:  2


 SCF WAVEFUNCTION OPTIMIZATION

  Step     Update method      Time    Convergence         Total energy    Change
  ------------------------------------------------------------------------------
     1 P_Mix/Diag. 0.40E+00    0.0     0.00079045        -1.1611771582 -1.16E+00
     2 P_Mix/Diag. 0.40E+00    0.0     0.00048678        -1.1611803615 -3.20E-06
     3 DIIS/Diag.  0.88E-04    0.0     0.00031222        -1.1611823345 -1.97E-06
     4 DIIS/Diag.  0.53E-06    0.0     0.00000030        -1.1611853721 -3.04E-06

  *** SCF run converged in     4 steps ***


  Electronic density on regular grids:         -1.9999999982        0.0000000018
  Core density on regular grids:                1.9999999871       -0.0000000129
  Total charge density on r-space grids:       -0.0000000111
  Total charge density g-space grids:          -0.0000000111

  Overlap energy of the core charge distribution:               0.00000107320985
  Self energy of the core charge distribution:                 -2.82094791773878
  Core Hamiltonian energy:                                      1.08302280613915
  Hartree energy:                                               1.30209993233473
  Exchange-correlation energy:                                 -0.72536126602091

  Total energy:                                                -1.16118537207595

 ENERGY| Total FORCE_EVAL ( QS ) energy [a.u.]:               -1.161185372075949

 -------------------------------------------------------------------------------
 -                                                                             -
 -                                DBCSR STATISTICS                             -
 -                                                                             -
 -------------------------------------------------------------------------------
 COUNTER                                    TOTAL       BLAS       SMM       ACC
 flops     5 x     1 x     5                  600       0.0%    100.0%      0.0%
 flops inhomo. stacks                        3900     100.0%      0.0%      0.0%
 flops total                         4.500000E+03      86.7%     13.3%      0.0%
 flops max/rank                      4.500000E+03      86.7%     13.3%      0.0%
 matmuls inhomo. stacks                        78     100.0%      0.0%      0.0%
 matmuls total                                 90      86.7%     13.3%      0.0%
 number of processed stacks                    32      81.2%     18.8%      0.0%
 average stack size                                     3.0       2.0       0.0
 marketing flops                     5.799999E+03
 -------------------------------------------------------------------------------
 # multiplications                             29
 max memory usage/rank               1.268584E+09
 # max total images/rank                        3
 # max 3D layers                                1
 # MPI messages exchanged                  119712
 MPI messages size (bytes):
  total size                        65.520000E+03
  min size                           0.000000E+00
  max size                         400.000000E+00
  average size                     547.313571E-03
 MPI breakdown and total messages size (bytes):
             size <=      128              119646                    39120
       128 < size <=     8192                  66                    26400
      8192 < size <=    32768                   0                        0
     32768 < size <=   131072                   0                        0
    131072 < size <=  4194304                   0                        0
   4194304 < size <= 16777216                   0                        0
  16777216 < size                               0                        0
 -------------------------------------------------------------------------------

 *** WARNING in dbcsr_mm.F:291 :: Using a non-square number of MPI ranks ***
 *** might lead to poor performance. Used ranks: 96 Suggested: 100 196   ***

 -------------------------------------------------------------------------------
 -                                                                             -
 -                      DBCSR MESSAGE PASSING PERFORMANCE                      -
 -                                                                             -
 -------------------------------------------------------------------------------
 ROUTINE             CALLS      AVE VOLUME [Bytes]
 MP_Bcast                2                     12.
 MP_Allreduce          207                      9.
 MP_Alltoall           798                  22458.
 MP_ISend             2610                     64.
 MP_IRecv             2610                     61.
 -------------------------------------------------------------------------------

 -------------------------------------------------------------------------------
 -                                                                             -
 -                                DBM STATISTICS                               -
 -                                                                             -
 -------------------------------------------------------------------------------
    M  x    N  x    K                                          COUNT     PERCENT
 -------------------------------------------------------------------------------

 -------------------------------------------------------------------------------
 -                                                                             -
 -                                GRID STATISTICS                              -
 -                                                                             -
 -------------------------------------------------------------------------------
 LP    KERNEL             BACKEND                              COUNT     PERCENT
 2     collocate ortho    CPU                                   1800      50.86%
 2     integrate ortho    CPU                                   1500      42.38%
 3     integrate ortho    CPU                                    225       6.36%
 0     collocate general  CPU                                      8       0.23%
 1     integrate general  CPU                                      6       0.17%
 -------------------------------------------------------------------------------

 MEMORY| Estimated peak process memory [MiB]                                 365

 -------------------------------------------------------------------------------
 -                                                                             -
 -                         MESSAGE PASSING PERFORMANCE                         -
 -                                                                             -
 -------------------------------------------------------------------------------

 ROUTINE             CALLS      AVE VOLUME [Bytes]
 MP_Group                5
 MP_Bcast               80                2342449.
 MP_Allreduce          819                    137.
 MP_Sync               309
 MP_Alltoall           664                  65856.
 MP_SendRecv          9500                   3024.
 MP_ISendRecv         9025                   2970.
 MP_Wait              9307
 MP_comm_split          23
 MP_ISend             3074                     48.
 MP_IRecv             3083                     48.
 -------------------------------------------------------------------------------


 -------------------------------------------------------------------------------
 -                                                                             -
 -                           R E F E R E N C E S                               -
 -                                                                             -
 -------------------------------------------------------------------------------
 
 CP2K version 2024.1, the CP2K developers group (2024).
 CP2K is freely available from https://www.cp2k.org/ .

 Kuehne,Thomas D.; Iannuzzi,Marcella; Del Ben,Mauro;
 Rybkin,Vladimir V.; Seewald,Patrick; Stein,Frederick; Laino,Teodoro;
 Khaliullin,Rustam Z.; Schuett,Ole; Schiffmann,Florian; Golze,Dorothea;
 Wilhelm,Jan; Chulkov,Sergey; Bani-Hashemian,Mohammad Hossein;
 Weber,Valery; Borstnik,Urban; Taillefumier,Mathieu;
 Jakobovits,Alice Shoshana; Lazzaro,Alfio; Pabst,Hans; Mueller,Tiziano;
 Schade,Robert; Guidon,Manuel; Andermatt,Samuel; Holmberg,Nico;
 Schenter,Gregory K.; Hehn,Anna; Bussy,Augustin; Belleflamme,Fabian;
 Tabacchi,Gloria; Gloess,Andreas; Lass,Michael; Bethune,Iain;
 Mundy,Christopher J.; Plessl,Christian; Watkins,Matt;
 VandeVondele,Joost; Krack,Matthias; Hutter,Juerg. 
 The Journal of Chemical Physics, 152 (19), (2020). 
 CP2K: An electronic structure and molecular dynamics software package -
 Quickstep: Efficient and accurate electronic structure calculations.
 https://doi.org/10.1063/5.0007045

 Schuett, Ole; Messmer, Peter; Hutter, Juerg; VandeVondele, Joost. 
 Electronic Structure Calculations on Graphics Processing Units, John
 Wiley & Sons, Ltd, 173-190 (2016). 
 GPU-Accelerated Sparse Matrix-Matrix Multiplication for
 Linear Scaling Density Functional Theory.
 https://doi.org/10.1002/9781118670712.ch8

 Heinecke, A; Henry, G; Hutchinson, M; Pabst, H. 
 Proceedings of Intl. Supercomputing Conference, 981-991 (2016). 
 LIBXSMM: Accelerating Small Matrix Multiplications
 by Runtime Code Generation.
 https://doi.org/10.1109/SC.2016.83

 Borstnik, U; VandeVondele, J; Weber, V; Hutter, J. 
 PARALLEL COMPUTING, 40 (5-6), 47-58 (2014). 
 Sparse matrix multiplication: The distributed block-compressed sparse
 row library.
 https://doi.org/10.1016/j.parco.2014.03.012

 Hutter, J; Iannuzzi, M; Schiffmann, F; VandeVondele, J. 
 WIREs Comput Mol Sci., 4 (1), 15-25 (2014). 
 CP2K: atomistic simulations of condensed matter systems.
 https://doi.org/10.1002/wcms.1159

 Marek, A; Blum, V; Johanni, R; Havu, V; Lang, B; Auckenthaler, T;
 Heinecke, A; Bungartz, H; Lederer, H. 
 Journal of Physics: Condensed Matter, 26 (21), (2014). 
 The ELPA library: scalable parallel eigenvalue solutions for
 electronic structure
 theory and computational science.
 https://doi.org/10.1088/0953-8984/26/21/213201

 VandeVondele, J; Hutter, J. 
 JOURNAL OF CHEMICAL PHYSICS, 127 (11), 114105 (2007). 
 Gaussian basis sets for accurate calculations on molecular systems in
 gas and condensed phases.
 https://doi.org/10.1063/1.2770708

 Krack, M. 
 THEORETICAL CHEMISTRY ACCOUNTS, 114 (1-3), 145-152 (2005). 
 Pseudopotentials for H to Kr optimized for gradient-corrected
 exchange-correlation functionals.
 https://doi.org/10.1007/s00214-005-0655-y

 VandeVondele, J; Krack, M; Mohamed, F; Parrinello, M; Chassaing, T;
 Hutter, J. COMPUTER PHYSICS COMMUNICATIONS, 167 (2), 103-128 (2005). 
 QUICKSTEP: Fast and accurate density functional calculations using a
 mixed Gaussian and plane waves approach.
 https://doi.org/10.1016/j.cpc.2004.12.014

 Frigo, M; Johnson, SG. 
 PROCEEDINGS OF THE IEEE, 93 (2), 216-231 (2005). 
 The design and implementation of FFTW3.
 https://doi.org/10.1109/JPROC.2004.840301

 Martyna, GJ; Tuckerman, ME. 
 JOURNAL OF CHEMICAL PHYSICS, 110 (6), 2810-2821 (1999). 
 A reciprocal space based method for treating long range interactions in
 ab initio and force-field-based calculations in clusters.
 https://doi.org/10.1063/1.477923

 Hartwigsen, C; Goedecker, S; Hutter, J. 
 PHYSICAL REVIEW B, 58 (7), 3641-3662 (1998). 
 Relativistic separable dual-space Gaussian pseudopotentials from H to Rn.
 https://doi.org/10.1103/PhysRevB.58.3641

 Lippert, G; Hutter, J; Parrinello, M. 
 MOLECULAR PHYSICS, 92 (3), 477-487 (1997). 
 A hybrid Gaussian and plane wave density functional scheme.
 https://doi.org/10.1080/002689797170220

 Perdew, JP; Burke, K; Ernzerhof, M. 
 PHYSICAL REVIEW LETTERS, 77 (18), 3865-3868 (1996). 
 Generalized gradient approximation made simple.
 https://doi.org/10.1103/PhysRevLett.77.3865

 Goedecker, S; Teter, M; Hutter, J. 
 PHYSICAL REVIEW B, 54 (3), 1703-1710 (1996). 
 Separable dual-space Gaussian pseudopotentials.
 https://doi.org/10.1103/PhysRevB.54.1703


 -------------------------------------------------------------------------------
 -                                                                             -
 -                                T I M I N G                                  -
 -                                                                             -
 -------------------------------------------------------------------------------
 SUBROUTINE                       CALLS  ASD         SELF TIME        TOTAL TIME
                                MAXIMUM       AVERAGE  MAXIMUM  AVERAGE  MAXIMUM
 CP2K                                 1  1.0    0.034    0.051    1.101    1.102
 cp_geo_opt                           1  2.0    0.004    0.004    0.843    0.844
 geoopt_bfgs                          1  3.0    0.008    0.008    0.840    0.841
 cp_eval_at                           4  4.0    0.002    0.003    0.762    0.762
 qs_energies                          4  5.8    0.007    0.007    0.717    0.717
 qs_forces                            3  5.0    0.001    0.002    0.642    0.642
 scf_env_do_scf                       4  6.8    0.000    0.000    0.553    0.558
 scf_env_do_scf_inner_loop           20  7.8    0.002    0.003    0.551    0.557
 rebuild_ks_matrix                   23  9.4    0.000    0.000    0.267    0.281
 qs_ks_build_kohn_sham_matrix        23 10.4    0.004    0.005    0.267    0.281
 qs_ks_update_qs_env                 20  8.8    0.000    0.000    0.233    0.244
 pw_transfer                        447 13.7    0.028    0.033    0.240    0.243
 fft_wrap_pw1pw2                    401 14.8    0.001    0.001    0.212    0.215
 fft3d_ps                           401 16.8    0.010    0.012    0.206    0.210
 fft_wrap_pw1pw2_140                259 16.2    0.002    0.002    0.160    0.163
 qs_scf_new_mos                      20  8.8    0.001    0.001    0.157    0.159
 qs_rho_update_rho_low               24  8.9    0.000    0.000    0.154    0.155
 calculate_rho_elec                  24  9.9    0.000    0.000    0.154    0.155
 density_rs2pw                       24 10.9    0.001    0.001    0.146    0.147
 qs_vxc_create                       23 11.4    0.001    0.002    0.125    0.125
 sum_up_and_integrate                23 11.4    0.000    0.000    0.110    0.125
 integrate_v_rspace                  23 12.4    0.000    0.000    0.109    0.124
 xc_vxc_pw_create                    23 12.4    0.004    0.004    0.124    0.124
 mp_alltoall_z11v                   259 19.2    0.114    0.120    0.114    0.120
 potential_pw2rs                     23 13.4    0.000    0.001    0.109    0.109
 transfer_rs2pw                     100 11.8    0.000    0.001    0.098    0.100
 xc_pw_derive                       138 14.4    0.000    0.000    0.091    0.094
 cp_fm_syevd                         23  9.9    0.000    0.000    0.090    0.092
 init_scf_run                         4  6.8    0.000    0.000    0.087    0.088
 mp_sendrecv_dv                    9500 13.8    0.083    0.086    0.083    0.086
 yz_to_xz                           208 18.1    0.007    0.009    0.082    0.085
 parser_read_line                  3062  4.0    0.001    0.001    0.056    0.080
 parser_read_line_low                 5  5.4    0.006    0.015    0.056    0.080
 xz_to_yz                           192 17.4    0.004    0.005    0.071    0.076
 transfer_pw2rs                      95 14.3    0.000    0.000    0.073    0.073
 broadcast_input_information          5  6.4    0.012    0.014    0.049    0.072
 scf_env_initial_rho_setup            4  7.8    0.000    0.000    0.072    0.072
 transfer_rs2pw_140                  28 12.6    0.007    0.010    0.064    0.071
 copy_dbcsr_to_fm                    43 10.0    0.002    0.002    0.070    0.071
 cp_fm_redistribute_end              23 10.9    0.039    0.070    0.040    0.070
 topology_control                     1  2.0    0.005    0.006    0.069    0.069
 create_qs_kind_set                   1  2.0    0.001    0.001    0.063    0.067
 read_qs_kind                         1  3.0    0.028    0.037    0.062    0.066
 xc_pw_divergence                    23 13.4    0.000    0.000    0.061    0.063
 xc_rho_set_and_dset_create          23 13.4    0.002    0.003    0.058    0.062
 cp_fm_syevd_base                    23 10.9    0.030    0.060    0.030    0.060
 cp_dbcsr_plus_fm_fm_t_native        26 10.6    0.001    0.001    0.056    0.058
 coordinate_control                   1  3.0    0.027    0.035    0.055    0.056
 qs_energies_init_hamiltonians        4  6.8    0.007    0.008    0.054    0.055
 eigensolver                         20  9.8    0.001    0.002    0.053    0.054
 mp_bcast_i_src                      20  7.4    0.031    0.054    0.031    0.054
 dbcsr_complete_redistribute         75 11.6    0.002    0.003    0.051    0.052
 coordinate_control_READ_COORDI       1  4.0    0.000    0.002    0.028    0.049
 calculate_dm_sparse                 23  9.8    0.000    0.000    0.047    0.048
 mp_waitall_1                     12091 16.2    0.042    0.048    0.042    0.048
 read_coordinate_xyz                  1  5.0    0.005    0.014    0.027    0.048
 get_fft_scratch                    402 17.8    0.041    0.044    0.042    0.044
 qs_init_subsys                       1  2.0    0.013    0.014    0.043    0.043
 dbcsr_multiply_generic              29 11.6    0.001    0.001    0.039    0.041
 cp_fm_write_unformatted              6  8.8    0.039    0.039    0.039    0.039
 transfer_pw2rs_140                  26 14.9    0.009    0.013    0.038    0.039
 fft3d_s                              1  2.0    0.000    0.001    0.038    0.039
 qs_ks_update_qs_env_forces           3  6.0    0.000    0.000    0.036    0.038
 dbcsr_desymmetrize_deep             43 11.0    0.003    0.003    0.036    0.037
 qs_env_update_s_mstruct              4  7.8    0.000    0.000    0.034    0.034
 write_mo_set_to_restart             20  8.8    0.001    0.033    0.029    0.034
 wfi_extrapolate                      4  8.8    0.000    0.000    0.032    0.032
 calculate_rho_core                   4  8.8    0.000    0.004    0.030    0.030
 write_mo_set_low                     4  9.8    0.000    0.000    0.028    0.028
 mp_alltoall_z22v                   401 18.8    0.022    0.028    0.022    0.028
 fft_wrap_pw1pw2_50                  47 15.1    0.000    0.000    0.026    0.027
 calculate_first_density_matrix       1  9.0    0.002    0.002    0.026    0.026
 transfer_rs2pw_50                   24 12.9    0.002    0.003    0.017    0.026
 qs_diis_b_step                      16  9.8    0.000    0.000    0.025    0.026
 calculate_atomic_block_dm            1 10.0    0.008    0.009    0.024    0.025
 mp_alltoall_d11v                   354 12.7    0.024    0.024    0.024    0.024
 mp_alltoall_i11v                   268 12.5    0.023    0.023    0.023    0.023
 mp_isendrecv_dv                   9025 16.3    0.020    0.023    0.020    0.023
 mp_alltoall_i22                    118 12.4    0.021    0.023    0.021    0.023
 qs_env_setup                         1  3.0    0.003    0.004    0.022    0.022
 -------------------------------------------------------------------------------

 The number of warnings for this run is : 1
 
 -------------------------------------------------------------------------------
  **** **** ******  **  PROGRAM ENDED AT                 2024-07-07 15:22:19.652
 ***** ** ***  *** **   PROGRAM RAN ON                                     c0266
 **    ****   ******    PROGRAM RAN BY                                  nichdsas
 ***** **    ** ** **   PROGRAM PROCESS ID                                799895
  **** **  *******  **  PROGRAM STOPPED IN /scratch-grete/usr/nichdsas/test_pars
                                           er/cp2k-2024.1/geo_opt_low
