 DBCSR| CPU Multiplication driver                                           XSMM
 DBCSR| Multrec recursion limit                                              512
 DBCSR| Multiplication stack size                                           1000
 DBCSR| Maximum elements for images                                    UNLIMITED
 DBCSR| Multiplicative factor virtual images                                   1
 DBCSR| Use multiplication densification                                       T
 DBCSR| Multiplication size stacks                                             3
 DBCSR| Use memory pool for CPU allocation                                     F
 DBCSR| Number of 3D layers                                               SINGLE
 DBCSR| Use MPI memory allocation                                              F
 DBCSR| Use RMA algorithm                                                      F
 DBCSR| Use Communication thread                                               T
 DBCSR| Communication thread load                                             87
 DBCSR| MPI: My node id                                                        0
 DBCSR| MPI: Number of nodes                                                  96
 DBCSR| OMP: Current number of threads                                         1
 DBCSR| OMP: Max number of threads                                             1
 DBCSR| Split modifier for TAS multiplication algorithm                  1.0E+00


  **** **** ******  **  PROGRAM STARTED AT               2022-01-04 08:24:31.746
 ***** ** ***  *** **   PROGRAM STARTED ON                               gcn2717
 **    ****   ******    PROGRAM STARTED BY                              nichdsas
 ***** **    ** ** **   PROGRAM PROCESS ID                                464426
  **** **  *******  **  PROGRAM STARTED IN /scratch/usr/nichdsas/cp2k-parser-tes
                                           ts/9.1/eigenvalues_spin_pol_low

 CP2K| version string:                                          CP2K version 9.1
 CP2K| source code revision number:                                  git:d8d7100
 CP2K| cp2kflags: omp libint fftw3 libxc parallel mpi3 scalapack xsmm has_ieee_e
 CP2K|            xceptions spglib libvori libbqb
 CP2K| is freely available from                            https://www.cp2k.org/
 CP2K| Program compiled at                          Mon Jan  3 14:05:13 CET 2022
 CP2K| Program compiled on                                               glogin4
 CP2K| Program compiled for                                      hlrn-gompi-foss
 CP2K| Data directory path            /home/nichdsas/software/cp2k/cp2k-9.1/data
 CP2K| Input file name                                                 aiida.inp

 GLOBAL| Force Environment number                                              1
 GLOBAL| Basis set file name                                        BASIS_MOLOPT
 GLOBAL| Potential file name                                      GTH_POTENTIALS
 GLOBAL| MM Potential file name                                     MM_POTENTIAL
 GLOBAL| Coordinate file name                                      __STD_INPUT__
 GLOBAL| Method name                                                        CP2K
 GLOBAL| Project name                                                      aiida
 GLOBAL| Run type                                                         ENERGY
 GLOBAL| FFT library                                                       FFTW3
 GLOBAL| Diagonalization library                                       ScaLAPACK
 GLOBAL| Orthonormality check for eigenvectors                          DISABLED
 GLOBAL| Matrix multiplication library                                 ScaLAPACK
 GLOBAL| All-to-all communication in single precision                          F
 GLOBAL| FFTs using library dependent lengths                                  F
 GLOBAL| Grid backend                                                       AUTO
 GLOBAL| Global print level                                                  LOW
 GLOBAL| MPI I/O enabled                                                       T
 GLOBAL| Total number of message passing processes                            96
 GLOBAL| Number of threads for this process                                    1
 GLOBAL| This output is from process                                           0
 GLOBAL| Stack size for threads created by OpenMP (OMP_STACKSIZE)        default
 GLOBAL| CPU model name             Intel(R) Xeon(R) Platinum 9242 CPU @ 2.30GHz
 GLOBAL| CPUID                                                              1003
 GLOBAL| Compiled for CPUID                                                    0

 *** HINT in environment.F:869 :: The compiler target flags (generic) used ***
 *** to build this binary cannot exploit all extensions of this CPU model  ***
 *** (x86_avx512). Consider compiler target flags as part of FCFLAGS and   ***
 *** CFLAGS (ARCH file).                                                   ***


 MEMORY| system memory details [Kb]
 MEMORY|                        rank 0           min           max       average
 MEMORY| MemTotal            394827328     394827328     394827328     394827328
 MEMORY| MemFree             360078324     360077516     360078324     360078160
 MEMORY| Buffers                     0             0             0             0
 MEMORY| Cached               14401000      14401000      14401000      14401000
 MEMORY| Slab                  2022932       2022932       2022932       2022932
 MEMORY| SReclaimable           333984        333984        333984        333984
 MEMORY| MemLikelyFree       374813308     374812500     374813308     374813144


 GENERATE|  Preliminary Number of Bonds generated:                             0
 GENERATE|  Achieved consistency in connectivity generation.

 *******************************************************************************
 *******************************************************************************
 **                                                                           **
 **     #####                         ##              ##                      **
 **    ##   ##            ##          ##              ##                      **
 **   ##     ##                       ##            ######                    **
 **   ##     ##  ##   ##  ##   #####  ##  ##   ####   ##    #####    #####    **
 **   ##     ##  ##   ##  ##  ##      ## ##   ##      ##   ##   ##  ##   ##   **
 **   ##  ## ##  ##   ##  ##  ##      ####     ###    ##   ######   ######    **
 **    ##  ###   ##   ##  ##  ##      ## ##      ##   ##   ##       ##        **
 **     #######   #####   ##   #####  ##  ##  ####    ##    #####   ##        **
 **           ##                                                    ##        **
 **                                                                           **
 **                                                ... make the atoms dance   **
 **                                                                           **
 **            Copyright (C) by CP2K developers group (2000-2021)             **
 **                      J. Chem. Phys. 152, 194103 (2020)                    **
 **                                                                           **
 *******************************************************************************


 TOTAL NUMBERS AND MAXIMUM NUMBERS

  Total number of            - Atomic kinds:                                   1
                             - Atoms:                                          2
                             - Shell sets:                                     2
                             - Shells:                                        10
                             - Primitive Cartesian functions:                 12
                             - Cartesian basis functions:                     28
                             - Spherical basis functions:                     26

  Maximum angular momentum of- Orbital basis functions:                        2
                             - Local part of the GTH pseudopotential:          0
                             - Non-local part of the GTH pseudopotential:      2


 SCF PARAMETERS         Density guess:                                   RESTART
                        --------------------------------------------------------
                        max_scf:                                             150
                        max_scf_history:                                       0
                        max_diis:                                              4
                        --------------------------------------------------------
                        eps_scf:                                        1.00E-04
                        eps_scf_history:                                0.00E+00
                        eps_diis:                                       1.00E-01
                        eps_eigval:                                     1.00E-05
                        --------------------------------------------------------
                        level_shift [a.u.]:                                 0.00
                        added MOs                                         8    8
                        --------------------------------------------------------
                        Mixing method:                            BROYDEN_MIXING
                                                charge density mixing in g-space
                        --------------------------------------------------------
                        No outer SCF

 KPOINTS| Number of kpoint groups                                              1
 KPOINTS| Size of each kpoint group                                           96
 KPOINTS| Number of kpoints per group                                          4

 Spin 1

 Number of electrons:                                                          4
 Number of occupied orbitals:                                                  4
 Number of molecular orbitals:                                                12

 Spin 2

 Number of electrons:                                                          4
 Number of occupied orbitals:                                                  4
 Number of molecular orbitals:                                                12

 Number of orbital functions:                                                 26
 Number of independent orbital functions:                                     26

 Extrapolation method: initial_guess

 *** WARNING in qs_initial_guess.F:309 :: User requested to restart the    ***
 *** wavefunction from the file named: aiida-RESTART.kp. This file does    ***
 *** not exist. Please check the existence of the file or change properly  ***
 *** the value of the keyword WFN_RESTART_FILE_NAME. Calculation continues ***
 *** using ATOMIC GUESS.                                                   ***



 SCF WAVEFUNCTION OPTIMIZATION

  Step     Update method      Time    Convergence         Total energy    Change
  ------------------------------------------------------------------------------
     1 NoMix/Diag. 0.30E+00    1.5     0.49495073        -8.0057397977 -8.01E+00
     2 Broy./Diag. 0.30E+00    2.8     0.01178116        -7.7953842080  2.10E-01
     3 Broy./Diag. 0.30E+00    2.8     0.02581367        -7.8346123586 -3.92E-02
     4 Broy./Diag. 0.30E+00    2.8     0.00039747        -7.8773034203 -4.27E-02
     5 Broy./Diag. 0.30E+00    2.8     0.00056360        -7.8674363487  9.87E-03
     6 Broy./Diag. 0.30E+00    2.8     0.00004154        -7.8657938300  1.64E-03

  *** SCF run converged in     6 steps ***


  Electronic density on regular grids:         -7.9999999996        0.0000000004
  Core density on regular grids:                7.9999998827       -0.0000001173
  Total charge density on r-space grids:       -0.0000001169
  Total charge density g-space grids:          -0.0000001169

  Overlap energy of the core charge distribution:               0.00000000002093
  Self energy of the core charge distribution:                -20.51598485628205
  Core Hamiltonian energy:                                      4.39391603412215
  Hartree energy:                                              10.68839109442544
  Exchange-correlation energy:                                 -2.43211610226107

  Total energy:                                                -7.86579382997459

 MO| ALPHA EIGENVALUES AND OCCUPATION NUMBERS FOR K POINT 1
 MO|
 MO|  Index      Eigenvalue [a.u.]        Eigenvalue [eV]             Occupation
 MO|      1              -0.212876              -5.792644               1.000000
 MO|      2               0.058448               1.590460               1.000000
 MO|      3               0.174488               4.748072               1.000000
 MO|      4               0.174488               4.748072               1.000000
 MO|      5               0.280754               7.639707               0.000000
 MO|      6               0.336004               9.143140               0.000000
 MO|      7               0.336004               9.143140               0.000000
 MO|      8               0.477117              12.983015               0.000000
 MO|      9               0.549365              14.948978               0.000000
 MO|     10               0.549365              14.948978               0.000000
 MO|     11               0.744972              20.271715               0.000000
 MO|     12               0.840825              22.880025               0.000000
 MO| Sum:                                                               4.000000
 MO| E(Fermi):            0.185619 a.u.          5.050937 eV
 MO| Band gap:            0.106266 a.u.          2.891635 eV


 MO| BETA EIGENVALUES AND OCCUPATION NUMBERS FOR K POINT 1
 MO|
 MO|  Index      Eigenvalue [a.u.]        Eigenvalue [eV]             Occupation
 MO|      1              -0.212876              -5.792644               1.000000
 MO|      2               0.058448               1.590460               1.000000
 MO|      3               0.174488               4.748072               1.000000
 MO|      4               0.174488               4.748072               1.000000
 MO|      5               0.280754               7.639707               0.000000
 MO|      6               0.336004               9.143140               0.000000
 MO|      7               0.336004               9.143140               0.000000
 MO|      8               0.477117              12.983015               0.000000
 MO|      9               0.549365              14.948978               0.000000
 MO|     10               0.549365              14.948978               0.000000
 MO|     11               0.744972              20.271715               0.000000
 MO|     12               0.840825              22.880025               0.000000
 MO| Sum:                                                               4.000000
 MO| E(Fermi):            0.185619 a.u.          5.050937 eV
 MO| Band gap:            0.106266 a.u.          2.891635 eV


 MO| ALPHA EIGENVALUES AND OCCUPATION NUMBERS FOR K POINT 2
 MO|
 MO|  Index      Eigenvalue [a.u.]        Eigenvalue [eV]             Occupation
 MO|      1              -0.140317              -3.818230               1.000000
 MO|      2              -0.035111              -0.955419               1.000000
 MO|      3               0.071630               1.949139               1.000000
 MO|      4               0.119981               3.264858               1.000000
 MO|      5               0.261274               7.109639               0.000000
 MO|      6               0.388344              10.567374               0.000000
 MO|      7               0.426275              11.599521               0.000000
 MO|      8               0.437686              11.910050               0.000000
 MO|      9               0.624527              16.994254               0.000000
 MO|     10               0.656052              17.852079               0.000000
 MO|     11               0.729239              19.843591               0.000000
 MO|     12               0.753633              20.507408               0.000000
 MO| Sum:                                                               4.000000
 MO| E(Fermi):            0.185619 a.u.          5.050937 eV
 MO| Band gap:            0.141293 a.u.          3.844781 eV


 MO| BETA EIGENVALUES AND OCCUPATION NUMBERS FOR K POINT 2
 MO|
 MO|  Index      Eigenvalue [a.u.]        Eigenvalue [eV]             Occupation
 MO|      1              -0.140317              -3.818230               1.000000
 MO|      2              -0.035111              -0.955419               1.000000
 MO|      3               0.071630               1.949139               1.000000
 MO|      4               0.119981               3.264858               1.000000
 MO|      5               0.261274               7.109639               0.000000
 MO|      6               0.388344              10.567374               0.000000
 MO|      7               0.426275              11.599521               0.000000
 MO|      8               0.437686              11.910050               0.000000
 MO|      9               0.624527              16.994254               0.000000
 MO|     10               0.656052              17.852079               0.000000
 MO|     11               0.729239              19.843591               0.000000
 MO|     12               0.753633              20.507408               0.000000
 MO| Sum:                                                               4.000000
 MO| E(Fermi):            0.185619 a.u.          5.050937 eV
 MO| Band gap:            0.141293 a.u.          3.844781 eV


 MO| ALPHA EIGENVALUES AND OCCUPATION NUMBERS FOR K POINT 3
 MO|
 MO|  Index      Eigenvalue [a.u.]        Eigenvalue [eV]             Occupation
 MO|      1              -0.140317              -3.818230               1.000000
 MO|      2              -0.035111              -0.955419               1.000000
 MO|      3               0.071630               1.949139               1.000000
 MO|      4               0.119981               3.264858               1.000000
 MO|      5               0.261274               7.109639               0.000000
 MO|      6               0.388344              10.567374               0.000000
 MO|      7               0.426275              11.599521               0.000000
 MO|      8               0.437686              11.910050               0.000000
 MO|      9               0.624527              16.994254               0.000000
 MO|     10               0.656052              17.852079               0.000000
 MO|     11               0.729239              19.843591               0.000000
 MO|     12               0.753633              20.507408               0.000000
 MO| Sum:                                                               4.000000
 MO| E(Fermi):            0.185619 a.u.          5.050937 eV
 MO| Band gap:            0.141293 a.u.          3.844781 eV


 MO| BETA EIGENVALUES AND OCCUPATION NUMBERS FOR K POINT 3
 MO|
 MO|  Index      Eigenvalue [a.u.]        Eigenvalue [eV]             Occupation
 MO|      1              -0.140317              -3.818230               1.000000
 MO|      2              -0.035111              -0.955419               1.000000
 MO|      3               0.071630               1.949139               1.000000
 MO|      4               0.119981               3.264858               1.000000
 MO|      5               0.261274               7.109639               0.000000
 MO|      6               0.388344              10.567374               0.000000
 MO|      7               0.426275              11.599521               0.000000
 MO|      8               0.437686              11.910050               0.000000
 MO|      9               0.624527              16.994254               0.000000
 MO|     10               0.656052              17.852079               0.000000
 MO|     11               0.729239              19.843591               0.000000
 MO|     12               0.753633              20.507408               0.000000
 MO| Sum:                                                               4.000000
 MO| E(Fermi):            0.185619 a.u.          5.050937 eV
 MO| Band gap:            0.141293 a.u.          3.844781 eV


 MO| ALPHA EIGENVALUES AND OCCUPATION NUMBERS FOR K POINT 4
 MO|
 MO|  Index      Eigenvalue [a.u.]        Eigenvalue [eV]             Occupation
 MO|      1              -0.140317              -3.818230               1.000000
 MO|      2              -0.035111              -0.955419               1.000000
 MO|      3               0.071630               1.949139               1.000000
 MO|      4               0.119981               3.264858               1.000000
 MO|      5               0.261274               7.109639               0.000000
 MO|      6               0.388344              10.567374               0.000000
 MO|      7               0.426275              11.599521               0.000000
 MO|      8               0.437686              11.910050               0.000000
 MO|      9               0.624527              16.994254               0.000000
 MO|     10               0.656052              17.852079               0.000000
 MO|     11               0.729239              19.843591               0.000000
 MO|     12               0.753633              20.507408               0.000000
 MO| Sum:                                                               4.000000
 MO| E(Fermi):            0.185619 a.u.          5.050937 eV
 MO| Band gap:            0.141293 a.u.          3.844781 eV


 MO| BETA EIGENVALUES AND OCCUPATION NUMBERS FOR K POINT 4
 MO|
 MO|  Index      Eigenvalue [a.u.]        Eigenvalue [eV]             Occupation
 MO|      1              -0.140317              -3.818230               1.000000
 MO|      2              -0.035111              -0.955419               1.000000
 MO|      3               0.071630               1.949139               1.000000
 MO|      4               0.119981               3.264858               1.000000
 MO|      5               0.261274               7.109639               0.000000
 MO|      6               0.388344              10.567374               0.000000
 MO|      7               0.426275              11.599521               0.000000
 MO|      8               0.437686              11.910050               0.000000
 MO|      9               0.624527              16.994254               0.000000
 MO|     10               0.656052              17.852079               0.000000
 MO|     11               0.729239              19.843591               0.000000
 MO|     12               0.753633              20.507408               0.000000
 MO| Sum:                                                               4.000000
 MO| E(Fermi):            0.185619 a.u.          5.050937 eV
 MO| Band gap:            0.141293 a.u.          3.844781 eV


  Integrated absolute spin density  :                               0.0000000000

 *** WARNING in qs_scf_post_gpw.F:1764 :: Spin contamination estimate not ***
 *** implemented for k-points.                                            ***


 ENERGY| Total FORCE_EVAL ( QS ) energy [a.u.]:               -7.865793829974587

 -------------------------------------------------------------------------------
 -                                                                             -
 -                                DBCSR STATISTICS                             -
 -                                                                             -
 -------------------------------------------------------------------------------
 COUNTER                                    TOTAL       BLAS       SMM       ACC
 flops inhomo. stacks                           0       0.0%      0.0%      0.0%
 flops total                         0.000000E+00       0.0%      0.0%      0.0%
 flops max/rank                      0.000000E+00       0.0%      0.0%      0.0%
 matmuls inhomo. stacks                         0       0.0%      0.0%      0.0%
 matmuls total                                  0       0.0%      0.0%      0.0%
 number of processed stacks                     0       0.0%      0.0%      0.0%
 average stack size                                     0.0       0.0       0.0
 marketing flops                     0.000000E+00
 -------------------------------------------------------------------------------
 -                                                                             -
 -                      DBCSR MESSAGE PASSING PERFORMANCE                      -
 -                                                                             -
 -------------------------------------------------------------------------------
 ROUTINE             CALLS      AVE VOLUME [Bytes]
 MP_Bcast                1                     12.
 MP_Allreduce         4917                      8.
 MP_Alltoall          8832                  27455.
 -------------------------------------------------------------------------------

 -------------------------------------------------------------------------------
 -                                                                             -
 -                                GRID STATISTICS                              -
 -                                                                             -
 -------------------------------------------------------------------------------
 LP    KERNEL             BACKEND                              COUNT     PERCENT
 4     collocate general  REF                                  56280      53.85%
 4     integrate general  REF                                  48240      46.15%
 0     collocate general  REF                                      2       0.00%
 -------------------------------------------------------------------------------

 MEMORY| Estimated peak process memory [MiB]                                 235

 -------------------------------------------------------------------------------
 -                                                                             -
 -                         MESSAGE PASSING PERFORMANCE                         -
 -                                                                             -
 -------------------------------------------------------------------------------

 ROUTINE             CALLS      AVE VOLUME [Bytes]
 MP_Group                5
 MP_Bcast             1765                 104220.
 MP_Allreduce         2864                     29.
 MP_Sync               160
 MP_Alltoall           363              552741322.
 MP_ISendRecv         9975                   1412.
 MP_Wait             11571
 MP_ISend             2874                    136.
 MP_IRecv             2978                    136.
 MP_Recv              3264                    624.
 -------------------------------------------------------------------------------


 -------------------------------------------------------------------------------
 -                                                                             -
 -                           R E F E R E N C E S                               -
 -                                                                             -
 -------------------------------------------------------------------------------
 
 CP2K version 9.1, the CP2K developers group (2021).
 CP2K is freely available from https://www.cp2k.org/ .

 Kuehne,Thomas D.; Iannuzzi,Marcella; Del Ben,Mauro;
 Rybkin,Vladimir V.; Seewald,Patrick; Stein,Frederick; Laino,Teodoro;
 Khaliullin,Rustam Z.; Schuett,Ole; Schiffmann,Florian; Golze,Dorothea;
 Wilhelm,Jan; Chulkov,Sergey; Bani-Hashemian,Mohammad Hossein;
 Weber,Valery; Borstnik,Urban; Taillefumier,Mathieu;
 Jakobovits,Alice Shoshana; Lazzaro,Alfio; Pabst,Hans; Mueller,Tiziano;
 Schade,Robert; Guidon,Manuel; Andermatt,Samuel; Holmberg,Nico;
 Schenter,Gregory K.; Hehn,Anna; Bussy,Augustin; Belleflamme,Fabian;
 Tabacchi,Gloria; Gloess,Andreas; Lass,Michael; Bethune,Iain;
 Mundy,Christopher J.; Plessl,Christian; Watkins,Matt;
 VandeVondele,Joost; Krack,Matthias; Hutter,Juerg. 
 The Journal of Chemical Physics, 152 (19), (2020). 
 CP2K: An electronic structure and molecular dynamics software package -
 Quickstep: Efficient and accurate electronic structure calculations.
 https://doi.org/10.1063/5.0007045

 Togo, Atsushi; Tanaka, Isao. arXiv, 1808.01590 (2018). 
 Spglib : a software library for crystal symmetry search.
 https://doi.org/xxx

 Schuett, Ole; Messmer, Peter; Hutter, Juerg; VandeVondele, Joost. 
 Electronic Structure Calculations on Graphics Processing Units, John
 Wiley & Sons, Ltd, 173-190 (2016). 
 GPU-Accelerated Sparse Matrix-Matrix Multiplication for
 Linear Scaling Density Functional Theory.
 https://doi.org/10.1002/9781118670712.ch8

 Heinecke, A; Henry, G; Hutchinson, M; Pabst, H. 
 Proceedings of Intl. Supercomputing Conference, 981-991 (2016). 
 LIBXSMM: Accelerating Small Matrix Multiplications
 by Runtime Code Generation.
 https://doi.org/10.1109/SC.2016.83

 Borstnik, U; VandeVondele, J; Weber, V; Hutter, J. 
 PARALLEL COMPUTING, 40 (5-6), 47-58 (2014). 
 Sparse matrix multiplication: The distributed block-compressed sparse
 row library.
 https://doi.org/10.1016/j.parco.2014.03.012

 Hutter, J; Iannuzzi, M; Schiffmann, F; VandeVondele, J. 
 WIREs Comput Mol Sci., 4 (1), 15-25 (2014). 
 CP2K: atomistic simulations of condensed matter systems.
 https://doi.org/10.1002/wcms.1159

 VandeVondele, J; Hutter, J. 
 JOURNAL OF CHEMICAL PHYSICS, 127 (11), 114105 (2007). 
 Gaussian basis sets for accurate calculations on molecular systems in
 gas and condensed phases.
 https://doi.org/10.1063/1.2770708

 Krack, M. 
 THEORETICAL CHEMISTRY ACCOUNTS, 114 (1-3), 145-152 (2005). 
 Pseudopotentials for H to Kr optimized for gradient-corrected
 exchange-correlation functionals.
 https://doi.org/10.1007/s00214-005-0655-y

 VandeVondele, J; Krack, M; Mohamed, F; Parrinello, M; Chassaing, T;
 Hutter, J. COMPUTER PHYSICS COMMUNICATIONS, 167 (2), 103-128 (2005). 
 QUICKSTEP: Fast and accurate density functional calculations using a
 mixed Gaussian and plane waves approach.
 https://doi.org/10.1016/j.cpc.2004.12.014

 Frigo, M; Johnson, SG. 
 PROCEEDINGS OF THE IEEE, 93 (2), 216-231 (2005). 
 The design and implementation of FFTW3.
 https://doi.org/10.1109/JPROC.2004.840301

 Hartwigsen, C; Goedecker, S; Hutter, J. 
 PHYSICAL REVIEW B, 58 (7), 3641-3662 (1998). 
 Relativistic separable dual-space Gaussian pseudopotentials from H to Rn.
 https://doi.org/10.1103/PhysRevB.58.3641

 Lippert, G; Hutter, J; Parrinello, M. 
 MOLECULAR PHYSICS, 92 (3), 477-487 (1997). 
 A hybrid Gaussian and plane wave density functional scheme.
 https://doi.org/10.1080/002689797170220

 Perdew, JP; Burke, K; Ernzerhof, M. 
 PHYSICAL REVIEW LETTERS, 77 (18), 3865-3868 (1996). 
 Generalized gradient approximation made simple.
 https://doi.org/10.1103/PhysRevLett.77.3865

 Goedecker, S; Teter, M; Hutter, J. 
 PHYSICAL REVIEW B, 54 (3), 1703-1710 (1996). 
 Separable dual-space Gaussian pseudopotentials.
 https://doi.org/10.1103/PhysRevB.54.1703


 -------------------------------------------------------------------------------
 -                                                                             -
 -                                T I M I N G                                  -
 -                                                                             -
 -------------------------------------------------------------------------------
 SUBROUTINE                       CALLS  ASD         SELF TIME        TOTAL TIME
                                MAXIMUM       AVERAGE  MAXIMUM  AVERAGE  MAXIMUM
 CP2K                                 1  1.0    0.018    0.025   18.826   18.827
 qs_energies                          1  2.0    0.001    0.002   18.745   18.746
 scf_env_do_scf                       1  3.0    0.000    0.000   17.231   17.231
 scf_env_do_scf_inner_loop            6  4.0    0.003    0.003   17.231   17.231
 rs_pw_transfer                     105  9.4    0.001    0.001    9.358    9.457
 mp_waitall_1                     11571 11.2    9.323    9.424    9.323    9.424
 rs_pw_transfer_RS2PW_100            15  8.9    0.005    0.006    9.293    9.394
 qs_rho_update_rho                    7  5.0    0.000    0.000    9.338    9.339
 calculate_rho_elec                  14  6.0    0.000    0.005    9.338    9.338
 density_rs2pw                       14  7.0    0.001    0.001    9.238    9.336
 grid_collocate_task_list            14  7.0    0.099    9.255    0.099    9.255
 qs_ks_update_qs_env                  6  5.0    0.000    0.000    3.961    7.706
 rebuild_ks_matrix                    6  6.0    0.000    0.001    3.902    7.647
 qs_ks_build_kohn_sham_matrix         6  7.0    0.003    0.003    3.902    7.647
 sum_up_and_integrate                 6  8.0    0.000    0.001    3.862    7.605
 integrate_v_rspace                  12  9.0    0.000    0.004    3.861    7.605
 grid_integrate_task_list            12 10.0    0.079    7.546    0.079    7.546
 qs_scf_new_mos_kp                    6  5.0    0.000    0.000    4.637    4.677
 do_general_diag_kp                   6  6.0    0.002    0.003    4.637    4.677
 dbcsr_desymmetrize_deep            792  7.2    0.009    0.012    4.158    4.202
 mp_alltoall_i22                   1488  8.4    3.914    3.960    3.914    3.960
 pw_transfer                        231  9.5    0.025    0.026    3.799    3.840
 potential_pw2rs                     12 10.0    0.000    0.000    3.782    3.822
 fft_wrap_pw1pw2                    219 10.5    0.001    0.001    3.774    3.816
 fft_wrap_pw1pw2_100                141 11.5    0.001    0.001    3.749    3.791
 fft3d_pb                           141 12.5    0.003    0.003    3.748    3.790
 mp_alltoall_z22v                   360 14.5    3.747    3.788    3.747    3.788
 cube_transpose_2                   105 13.0    0.000    0.001    0.440    3.776
 cube_transpose_4                    63 13.7    0.000    0.000    3.298    3.770
 init_scf_run                         1  3.0    0.000    0.000    1.341    1.342
 scf_env_initial_rho_setup            1  4.0    0.001    0.001    1.341    1.342
 copy_dbcsr_to_fm                   600  6.3    0.005    0.005    0.662    0.665
 write_kpoints_restart                6  5.0    0.001    0.003    0.553    0.553
 dbcsr_complete_redistribute        696  7.6    0.018    0.029    0.460    0.463
 -------------------------------------------------------------------------------

 The number of warnings for this run is : 2
 
 -------------------------------------------------------------------------------
  **** **** ******  **  PROGRAM ENDED AT                 2022-01-04 08:25:11.929
 ***** ** ***  *** **   PROGRAM RAN ON                                   gcn2717
 **    ****   ******    PROGRAM RAN BY                                  nichdsas
 ***** **    ** ** **   PROGRAM PROCESS ID                                464426
  **** **  *******  **  PROGRAM STOPPED IN /scratch/usr/nichdsas/cp2k-parser-tes
                                           ts/9.1/eigenvalues_spin_pol_low
