 DBCSR| CPU Multiplication driver                                           XSMM (U)
 DBCSR| Multrec recursion limit                                              512 (U)
 DBCSR| Multiplication stack size                                           1000 (D)
 DBCSR| Maximum elements for images                                    UNLIMITED (U)
 DBCSR| Multiplicative factor virtual images                                   1 (U)
 DBCSR| Use multiplication densification                                       T (D)
 DBCSR| Multiplication size stacks                                             3 (U)
 DBCSR| Use memory pool for CPU allocation                                     F (U)
 DBCSR| Number of 3D layers                                               SINGLE (U)
 DBCSR| Use MPI memory allocation                                              F (U)
 DBCSR| Use RMA algorithm                                                      F (U)
 DBCSR| Use Communication thread                                               T (U)
 DBCSR| Communication thread load                                             83 (D)
 DBCSR| MPI: My process id                                                     0
 DBCSR| MPI: Number of processes                                              48
 DBCSR| OMP: Current number of threads                                         2
 DBCSR| OMP: Max number of threads                                             2
 DBCSR| Split modifier for TAS multiplication algorithm                  1.0E+00 (U)


  **** **** ******  **  PROGRAM STARTED AT               2025-02-11 10:59:59.572
 ***** ** ***  *** **   PROGRAM STARTED ON                                 c0272
 **    ****   ******    PROGRAM STARTED BY                                u12591
 ***** **    ** ** **   PROGRAM PROCESS ID                                 11260
  **** **  *******  **  PROGRAM STARTED IN /mnt/lustre-grete/usr/u12591/cp2k_par
                                           ser_tests/cp2k-2025.1/geo_opt_low

 CP2K| version string:                                       CP2K version 2025.1
 CP2K| source code revision number:                                  git:9635df4
 CP2K| cp2kflags: omp libint fftw3 libxc libgrpp parallel scalapack mpi_f08 xsmm
 CP2K|             spglib libdftd4 libvori libbqb hdf5
 CP2K| is freely available from                            https://www.cp2k.org/
 CP2K| Program compiled at                          Tue Jan  7 11:11:50 CET 2025
 CP2K| Program compiled on                                              glogin11
 CP2K| Program compiled for                                                local
 CP2K| Data directory path    /mnt/lustre-grete/usr/u12591/software/cp2k/cp2k-20
 CP2K| Input file name                                                 aiida.inp

 GLOBAL| Force Environment number                                              1
 GLOBAL| Basis set file name                                        BASIS_MOLOPT
 GLOBAL| Potential file name                                      GTH_POTENTIALS
 GLOBAL| MM Potential file name                                     MM_POTENTIAL
 GLOBAL| Coordinate file name                                      __STD_INPUT__
 GLOBAL| Method name                                                        CP2K
 GLOBAL| Project name                                                      aiida
 GLOBAL| Run type                                                        GEO_OPT
 GLOBAL| FFT library                                                       FFTW3
 GLOBAL| Diagonalization library                                       ScaLAPACK
 GLOBAL| DGEMM library                                                      BLAS
 GLOBAL| Orthonormality check for eigenvectors                          DISABLED
 GLOBAL| Matrix multiplication library                                 ScaLAPACK
 GLOBAL| All-to-all communication in single precision                          F
 GLOBAL| FFTs using library dependent lengths                                  F
 GLOBAL| Grid backend                                                       AUTO
 GLOBAL| Global print level                                                  LOW
 GLOBAL| MPI I/O enabled                                                       T
 GLOBAL| Total number of message passing processes                            48
 GLOBAL| Number of threads for this process                                    2
 GLOBAL| This output is from process                                           0
 GLOBAL| OpenMP stack size per thread (OMP_STACKSIZE)                    default
 GLOBAL| CPU model name                           Intel(R) Xeon(R) Platinum 8468
 GLOBAL| CPUID                                                              1003

 MEMORY| system memory details [Kb]
 MEMORY|                        rank 0           min           max       average
 MEMORY| MemTotal            527928700     527928700     527928700     527928700
 MEMORY| MemFree             515999172     515999172     515999172     515999172
 MEMORY| Buffers                 13460         13460         13460         13460
 MEMORY| Cached                3432196       3432196       3432196       3432196
 MEMORY| Slab                  1167556       1167556       1167556       1167556
 MEMORY| SReclaimable           195344        195344        195344        195344
 MEMORY| MemLikelyFree       519640172     519640172     519640172     519640172


 GENERATE|  Preliminary Number of Bonds generated:                             0
 GENERATE|  Achieved consistency in connectivity generation.

 *******************************************************************************
 *******************************************************************************
 **                                                                           **
 **     #####                         ##              ##                      **
 **    ##   ##            ##          ##              ##                      **
 **   ##     ##                       ##            ######                    **
 **   ##     ##  ##   ##  ##   #####  ##  ##   ####   ##    #####    #####    **
 **   ##     ##  ##   ##  ##  ##      ## ##   ##      ##   ##   ##  ##   ##   **
 **   ##  ## ##  ##   ##  ##  ##      ####     ###    ##   ######   ######    **
 **    ##  ###   ##   ##  ##  ##      ## ##      ##   ##   ##       ##        **
 **     #######   #####   ##   #####  ##  ##  ####    ##    #####   ##        **
 **           ##                                                    ##        **
 **                                                                           **
 **                                                ... make the atoms dance   **
 **                                                                           **
 **            Copyright (C) by CP2K developers group (2000-2025)             **
 **                      J. Chem. Phys. 152, 194103 (2020)                    **
 **                                                                           **
 *******************************************************************************


 TOTAL NUMBERS AND MAXIMUM NUMBERS

  Total number of            - Atomic kinds:                                   1
                             - Atoms:                                          2
                             - Shell sets:                                     2
                             - Shells:                                         6
                             - Primitive Cartesian functions:                 10
                             - Cartesian basis functions:                     10
                             - Spherical basis functions:                     10

  Maximum angular momentum of- Orbital basis functions:                        1
                             - Local part of the GTH pseudopotential:          2


 SCF PARAMETERS         Density guess:                                    ATOMIC
                        --------------------------------------------------------
                        max_scf:                                              50
                        max_scf_history:                                       0
                        max_diis:                                              4
                        --------------------------------------------------------
                        eps_scf:                                        1.00E-05
                        eps_scf_history:                                0.00E+00
                        eps_diis:                                       1.00E-01
                        eps_eigval:                                     1.00E-05
                        --------------------------------------------------------
                        level_shift [a.u.]:                             0.000000
                        --------------------------------------------------------
                        Mixing method:                           DIRECT_P_MIXING
                        --------------------------------------------------------
                        No outer SCF

 BFGS| Use rational function optimization for step estimation:                NO
 BFGS| Use model Hessian for initial guess:                                  YES
 BFGS| Restart Hessian:                                                       NO
 BFGS| Trust radius:                                                       0.472

 *******************************************************************************
 ***                     STARTING GEOMETRY OPTIMIZATION                      ***
 ***                                   BFGS                                  ***
 *******************************************************************************

 Number of electrons:                                                          2
 Number of occupied orbitals:                                                  1
 Number of molecular orbitals:                                                 1

 Number of orbital functions:                                                 10
 Number of independent orbital functions:                                     10

 Extrapolation method: initial_guess


 SCF WAVEFUNCTION OPTIMIZATION

  Step     Update method      Time    Convergence         Total energy    Change
  ------------------------------------------------------------------------------
     1 P_Mix/Diag. 0.40E+00    0.1     0.58131095        -0.8981598355 -8.98E-01
     2 P_Mix/Diag. 0.40E+00    0.0     0.34923638        -1.0032835431 -1.05E-01
     3 P_Mix/Diag. 0.40E+00    0.0     0.20976519        -1.0663496478 -6.31E-02
     4 P_Mix/Diag. 0.40E+00    0.0     0.12596517        -1.1041905509 -3.78E-02
     5 P_Mix/Diag. 0.40E+00    0.0     0.07562951        -1.1268968171 -2.27E-02
     6 DIIS/Diag.  0.53E-03    0.0     0.04542519        -1.1405215468 -1.36E-02
     7 DIIS/Diag.  0.48E-04    0.0     0.00001007        -1.1609605153 -2.04E-02
     8 DIIS/Diag.  0.76E-04    0.0     0.00000860        -1.1609605150  2.94E-10

  *** SCF run converged in     8 steps ***


  Electronic density on regular grids:         -1.9999999991        0.0000000009
  Core density on regular grids:                1.9999999865       -0.0000000135
  Total charge density on r-space grids:       -0.0000000126
  Total charge density g-space grids:          -0.0000000126

  Overlap energy of the core charge distribution:               0.00000060512959
  Self energy of the core charge distribution:                 -2.82094791773878
  Core Hamiltonian energy:                                      1.07883183764649
  Hartree energy:                                               1.30392537667707
  Exchange-correlation energy:                                 -0.72277041674596

  Total energy:                                                -1.16096051503160

 ENERGY| Total FORCE_EVAL ( QS ) energy [hartree]             -1.160960515442513

 OPT| **************************************************************************
 OPT| Step number                                                              0
 OPT| Optimization method                                                   BFGS
 OPT| Total energy [hartree]                                       -1.1609605154
 OPT| Used time [s]                                                        0.297
 OPT| **************************************************************************
 OPT| Estimated peak process memory [MiB]                                    230

 --------------------------
 OPTIMIZATION STEP:      1
 --------------------------

 Number of electrons:                                                          2
 Number of occupied orbitals:                                                  1
 Number of molecular orbitals:                                                 1

 Number of orbital functions:                                                 10
 Number of independent orbital functions:                                     10

 Extrapolation method: PS Nth order
 Extrapolation order:  0


 SCF WAVEFUNCTION OPTIMIZATION

  Step     Update method      Time    Convergence         Total energy    Change
  ------------------------------------------------------------------------------
     1 P_Mix/Diag. 0.40E+00    0.0     0.00061766        -1.1611751800 -1.16E+00
     2 P_Mix/Diag. 0.40E+00    0.0     0.00038032        -1.1611771341 -1.95E-06
     3 DIIS/Diag.  0.68E-04    0.0     0.00024387        -1.1611783375 -1.20E-06
     4 DIIS/Diag.  0.45E-06    0.0     0.00000025        -1.1611801901 -1.85E-06

  *** SCF run converged in     4 steps ***


  Electronic density on regular grids:         -1.9999999981        0.0000000019
  Core density on regular grids:                1.9999999854       -0.0000000146
  Total charge density on r-space grids:       -0.0000000127
  Total charge density g-space grids:          -0.0000000127

  Overlap energy of the core charge distribution:               0.00000117383618
  Self energy of the core charge distribution:                 -2.82094791773878
  Core Hamiltonian energy:                                      1.08370607680208
  Hartree energy:                                               1.30183472840209
  Exchange-correlation energy:                                 -0.72577425139609

  Total energy:                                                -1.16118019009451

 ENERGY| Total FORCE_EVAL ( QS ) energy [hartree]             -1.161180190094639

 OPT| **************************************************************************
 OPT| Step number                                                              1
 OPT| Optimization method                                                   BFGS
 OPT| Total energy [hartree]                                       -1.1611801901
 OPT| Effective energy change [hartree]                            -0.0002196747
 OPT| Predicted energy change [hartree]                            -0.0002539146
 OPT| Scaling factor                                                0.0000000000
 OPT| Step size                                                     0.0178180522
 OPT| Trust radius                                                  0.4724315332
 OPT| Decrease in energy                                                     YES
 OPT| Used time [s]                                                        0.078
 OPT|
 OPT| Maximum step size                                             0.0178180522
 OPT| Convergence limit for maximum step size                       0.0030000000
 OPT| Maximum step size is converged                                          NO
 OPT|
 OPT| RMS step size                                                 0.0102872569
 OPT| Convergence limit for RMS step size                           0.0015000000
 OPT| RMS step size is converged                                              NO
 OPT|
 OPT| Maximum gradient                                              0.0022539257
 OPT| Convergence limit for maximum gradient                        0.0004500000
 OPT| Maximum gradient is converged                                           NO
 OPT|
 OPT| RMS gradient                                                  0.0013013046
 OPT| Convergence limit for RMS gradient                            0.0003000000
 OPT| RMS gradient is converged                                               NO
 OPT| **************************************************************************
 OPT| Estimated peak process memory after this step [MiB]                    231

 --------------------------
 OPTIMIZATION STEP:      2
 --------------------------

 Number of electrons:                                                          2
 Number of occupied orbitals:                                                  1
 Number of molecular orbitals:                                                 1

 Number of orbital functions:                                                 10
 Number of independent orbital functions:                                     10

 Extrapolation method: PS Nth order
 Extrapolation order:  1


 SCF WAVEFUNCTION OPTIMIZATION

  Step     Update method      Time    Convergence         Total energy    Change
  ------------------------------------------------------------------------------
     1 P_Mix/Diag. 0.40E+00    0.0     0.00070394        -1.1611788549 -1.16E+00
     2 P_Mix/Diag. 0.40E+00    0.0     0.00043348        -1.1611813967 -2.54E-06
     3 DIIS/Diag.  0.78E-04    0.0     0.00027802        -1.1611829621 -1.57E-06
     4 DIIS/Diag.  0.54E-06    0.0     0.00000032        -1.1611853721 -2.41E-06

  *** SCF run converged in     4 steps ***


  Electronic density on regular grids:         -1.9999999982        0.0000000018
  Core density on regular grids:                1.9999999871       -0.0000000129
  Total charge density on r-space grids:       -0.0000000111
  Total charge density g-space grids:          -0.0000000111

  Overlap energy of the core charge distribution:               0.00000107320985
  Self energy of the core charge distribution:                 -2.82094791773878
  Core Hamiltonian energy:                                      1.08302261802369
  Hartree energy:                                               1.30210002419302
  Exchange-correlation energy:                                 -0.72536116976372

  Total energy:                                                -1.16118537207594

 ENERGY| Total FORCE_EVAL ( QS ) energy [hartree]             -1.161185372076126

 OPT| **************************************************************************
 OPT| Step number                                                              2
 OPT| Optimization method                                                   BFGS
 OPT| Total energy [hartree]                                       -1.1611853721
 OPT| Effective energy change [hartree]                            -0.0000051820
 OPT| Predicted energy change [hartree]                            -0.0000054846
 OPT| Scaling factor                                                0.0000000000
 OPT| Step size                                                     0.0024333339
 OPT| Trust radius                                                  0.4724315332
 OPT| Decrease in energy                                                     YES
 OPT| Used time [s]                                                        0.089
 OPT|
 OPT| Maximum step size                                             0.0024333339
 OPT| Convergence limit for maximum step size                       0.0030000000
 OPT| Maximum step size is converged                                         YES
 OPT|
 OPT| RMS step size                                                 0.0014048858
 OPT| Convergence limit for RMS step size                           0.0015000000
 OPT| RMS step size is converged                                             YES
 OPT|
 OPT| Maximum gradient                                              0.0001178849
 OPT| Convergence limit for maximum gradient                        0.0004500000
 OPT| Maximum gradient is converged                                          YES
 OPT|
 OPT| RMS gradient                                                  0.0000680609
 OPT| Convergence limit for RMS gradient                            0.0003000000
 OPT| RMS gradient is converged                                              YES
 OPT| **************************************************************************
 OPT| Estimated peak process memory after this step [MiB]                    232

 *******************************************************************************
 ***                    GEOMETRY OPTIMIZATION COMPLETED                      ***
 *******************************************************************************

                    Reevaluating energy at the minimum

 Number of electrons:                                                          2
 Number of occupied orbitals:                                                  1
 Number of molecular orbitals:                                                 1

 Number of orbital functions:                                                 10
 Number of independent orbital functions:                                     10

 Extrapolation method: PS Nth order
 Extrapolation order:  2


 SCF WAVEFUNCTION OPTIMIZATION

  Step     Update method      Time    Convergence         Total energy    Change
  ------------------------------------------------------------------------------
     1 P_Mix/Diag. 0.40E+00    0.0     0.00079045        -1.1611771582 -1.16E+00
     2 P_Mix/Diag. 0.40E+00    0.0     0.00048678        -1.1611803615 -3.20E-06
     3 DIIS/Diag.  0.88E-04    0.0     0.00031222        -1.1611823345 -1.97E-06
     4 DIIS/Diag.  0.53E-06    0.0     0.00000030        -1.1611853721 -3.04E-06

  *** SCF run converged in     4 steps ***


  Electronic density on regular grids:         -1.9999999982        0.0000000018
  Core density on regular grids:                1.9999999871       -0.0000000129
  Total charge density on r-space grids:       -0.0000000111
  Total charge density g-space grids:          -0.0000000111

  Overlap energy of the core charge distribution:               0.00000107320985
  Self energy of the core charge distribution:                 -2.82094791773878
  Core Hamiltonian energy:                                      1.08302280613915
  Hartree energy:                                               1.30209993233473
  Exchange-correlation energy:                                 -0.72536126602091

  Total energy:                                                -1.16118537207595

 ENERGY| Total FORCE_EVAL ( QS ) energy [hartree]             -1.161185372075949

 -------------------------------------------------------------------------------
 -                                                                             -
 -                                DBCSR STATISTICS                             -
 -                                                                             -
 -------------------------------------------------------------------------------
 COUNTER                                    TOTAL       BLAS       SMM       ACC
 flops     5 x     1 x     5                  600       0.0%    100.0%      0.0%     
 flops inhomo. stacks                        3900     100.0%      0.0%      0.0%
 flops total                         4.500000E+03      86.7%     13.3%      0.0%
 flops max/rank                      3.200000E+03      81.2%     18.8%      0.0%
 matmuls inhomo. stacks                        78     100.0%      0.0%      0.0%
 matmuls total                                 90      86.7%     13.3%      0.0%
 number of processed stacks                    58      89.7%     10.3%      0.0%
 average stack size                                     1.5       2.0       0.0
 marketing flops                     5.799999E+03
 -------------------------------------------------------------------------------
 # multiplications                             29
 max memory usage/rank             242.507776E+06
 # max total images/rank                        3
 # max 3D layers                                1
 # MPI messages exchanged                   27840
 MPI messages size (bytes):
  total size                        56.240000E+03
  min size                           0.000000E+00
  max size                         400.000000E+00
  average size                       2.020115E+00
 MPI breakdown and total messages size (bytes):
             size <=      128               27774                    29840
       128 < size <=     8192                  66                    26400
      8192 < size <=    32768                   0                        0
     32768 < size <=   131072                   0                        0
    131072 < size <=  4194304                   0                        0
   4194304 < size <= 16777216                   0                        0
  16777216 < size                               0                        0
 -------------------------------------------------------------------------------

 *** WARNING in dbcsr_mm.F:301 :: Using a non-square number of MPI ranks ***
 *** might lead to poor performance. Used ranks: 48 Suggested: 49 100    ***

 -------------------------------------------------------------------------------
 -                                                                             -
 -                      DBCSR MESSAGE PASSING PERFORMANCE                      -
 -                                                                             -
 -------------------------------------------------------------------------------
 ROUTINE             CALLS      AVE VOLUME [Bytes]
 MP_Bcast                2                     12.
 MP_Allreduce          207                      9.
 MP_Alltoall           798                   5724.
 MP_ISend             1328                     65.
 MP_IRecv             1276                     62.
 -------------------------------------------------------------------------------

 -------------------------------------------------------------------------------
 -                                                                             -
 -                                DBM STATISTICS                               -
 -                                                                             -
 -------------------------------------------------------------------------------
    M  x    N  x    K                                          COUNT     PERCENT
 -------------------------------------------------------------------------------

 -------------------------------------------------------------------------------
 -                                                                             -
 -                                GRID STATISTICS                              -
 -                                                                             -
 -------------------------------------------------------------------------------
 LP    KERNEL             BACKEND                              COUNT     PERCENT
 2     collocate ortho    CPU                                   1800      50.86%
 2     integrate ortho    CPU                                   1500      42.38%
 3     integrate ortho    CPU                                    225       6.36%
 0     collocate general  CPU                                      8       0.23%
 1     integrate general  CPU                                      6       0.17%
 -------------------------------------------------------------------------------

 MEMORY| Estimated peak process memory [MiB]                                 232

 -------------------------------------------------------------------------------
 -                                                                             -
 -                         MESSAGE PASSING PERFORMANCE                         -
 -                                                                             -
 -------------------------------------------------------------------------------

 ROUTINE             CALLS      AVE VOLUME [Bytes]
 MP_Group                5
 MP_Bcast               73                2560492.
 MP_Allreduce          820                    130.
 MP_Sync               215
 MP_Alltoall           711                 121965.
 MP_SendRecv          4700                   5990.
 MP_ISendRecv         4465                   5881.
 MP_Wait              4653
 MP_comm_split          23
 MP_ISend             1459                     53.
 MP_IRecv             1455                     53.
 -------------------------------------------------------------------------------


 -------------------------------------------------------------------------------
 -                                                                             -
 -                           R E F E R E N C E S                               -
 -                                                                             -
 -------------------------------------------------------------------------------
 
 CP2K version 2025.1, the CP2K developers group (2025).
 CP2K is freely available from https://www.cp2k.org/ .
 
 T. D. Kuehne, M. Iannuzzi, M. Del Ben, V. V. Rybkin, P. Seewald, F. Stein, T. 
 Laino, R. Z. Khaliullin, O. Schuett, F. Schiffmann, D. Golze, J. Wilhelm, S. 
 Chulkov, M. H. Bani-Hashemian, V. Weber, U. Borstnik, M. Taillefumier, A. S. 
 Jakobovits, A. Lazzaro, H. Pabst, T. Mueller, R. Schade, M. Guidon, S. 
 Andermatt, N. Holmberg, G. K. Schenter, A. Hehn, A. Bussy, F. Belleflamme, G. 
 Tabacchi, A. Gloess, M. Lass, I. Bethune, C. J. Mundy, C. Plessl, M. Watkins, 
 J. VandeVondele, M. Krack, J. Hutter.
 J. Chem. Phys. 152, 194103 (2020).
 CP2K: An electronic structure and molecular dynamics software package - 
 Quickstep: Efficient and accurate electronic structure calculations.
 https://doi.org/10.1063/5.0007045

 O. Schuett, P. Messmer, J. Hutter, J. VandeVondele.
 Electronic Structure Calculations on Graphics Processing Units, 173-190 (2016).
 GPU-Accelerated Sparse Matrix-Matrix Multiplication for Linear Scaling Density 
 Functional Theory.
 https://doi.org/10.1002/9781118670712.ch8

 A. Heinecke, G. Henry, M. Hutchinson, H. Pabst.
 Proceedings of Intl. Supercomputing Conference, 981-991 (2016).
 LIBXSMM: Accelerating Small Matrix Multiplications by Runtime Code Generation.
 https://doi.org/10.1109/SC.2016.83

 J. Hutter, M. Iannuzzi, F. Schiffmann, J. VandeVondele.
 WIREs Comput Mol Sci. 4, 15-25 (2014).
 CP2K: atomistic simulations of condensed matter systems.
 https://doi.org/10.1002/wcms.1159

 U. Borstnik, J. VandeVondele, V. Weber, J. Hutter.
 Parallel Comput. 40, 47-58 (2014).
 Sparse matrix multiplication: The distributed block-compressed sparse row 
 library.
 https://doi.org/10.1016/j.parco.2014.03.012

 J. VandeVondele, J. Hutter.
 J. Chem. Phys. 127, 114105 (2007).
 Gaussian basis sets for accurate calculations on molecular systems in gas and 
 condensed phases.
 https://doi.org/10.1063/1.2770708

 J. VandeVondele, M. Krack, F. Mohamed, M. Parrinello, T. Chassaing, J. Hutter.
 Comput. Phys. Commun. 167, 103-128 (2005).
 QUICKSTEP: Fast and accurate density functional calculations using a mixed 
 Gaussian and plane waves approach.
 https://doi.org/10.1016/j.cpc.2004.12.014

 M. Krack.
 Theor. Chem. Acc. 114, 145-152 (2005).
 Pseudopotentials for H to Kr optimized for gradient-corrected 
 exchange-correlation functionals.
 https://doi.org/10.1007/s00214-005-0655-y

 M. Frigo, S. G. Johnson.
 Proc. IEEE 93, 216-231 (2005).
 The design and implementation of FFTW3.
 https://doi.org/10.1109/JPROC.2004.840301

 G. J. Martyna, M. E. Tuckerman.
 J. Chem. Phys. 110, 2810-2821 (1999).
 A reciprocal space based method for treating long range interactions in ab 
 initio and force-field-based calculations in clusters.
 https://doi.org/10.1063/1.477923

 C. Hartwigsen, S. Goedecker, J. Hutter.
 Phys. Rev. B 58, 3641-3662 (1998).
 Relativistic separable dual-space Gaussian pseudopotentials from H to Rn.
 https://doi.org/10.1103/PhysRevB.58.3641

 G. Lippert, J. Hutter, M. Parrinello.
 Mol. Phys. 92, 477-487 (1997).
 A hybrid Gaussian and plane wave density functional scheme.
 https://doi.org/10.1080/002689797170220

 S. Goedecker, M. Teter, J. Hutter.
 Phys. Rev. B 54, 1703-1710 (1996).
 Separable dual-space Gaussian pseudopotentials.
 https://doi.org/10.1103/PhysRevB.54.1703

 J. P. Perdew, K. Burke, M. Ernzerhof.
 Phys. Rev. Lett. 77, 3865-3868 (1996).
 Generalized gradient approximation made simple.
 https://doi.org/10.1103/PhysRevLett.77.3865


 -------------------------------------------------------------------------------
 -                                                                             -
 -                                T I M I N G                                  -
 -                                                                             -
 -------------------------------------------------------------------------------
 SUBROUTINE                       CALLS  ASD         SELF TIME        TOTAL TIME
                                MAXIMUM       AVERAGE  MAXIMUM  AVERAGE  MAXIMUM
 CP2K                                 1  1.0    0.185    0.193    0.864    0.865
 cp_geo_opt                           1  2.0    0.001    0.001    0.540    0.541
 geoopt_bfgs                          1  3.0    0.005    0.006    0.539    0.540
 cp_eval_at                           4  4.0    0.003    0.005    0.502    0.504
 qs_energies                          4  5.8    0.007    0.008    0.468    0.469
 qs_forces                            3  5.0    0.005    0.006    0.430    0.430
 scf_env_do_scf                       4  6.8    0.001    0.001    0.334    0.339
 scf_env_do_scf_inner_loop           20  7.8    0.003    0.004    0.333    0.338
 rebuild_ks_matrix                   23  9.4    0.000    0.001    0.154    0.160
 qs_ks_build_kohn_sham_matrix        23 10.4    0.004    0.006    0.154    0.160
 qs_ks_update_qs_env                 20  8.8    0.000    0.000    0.134    0.139
 fft_wrap_pw1pw2                    401 13.8    0.001    0.001    0.122    0.125
 fft3d_ps                           401 15.8    0.011    0.012    0.113    0.117
 qs_scf_new_mos                      20  8.8    0.001    0.001    0.094    0.100
 qs_rho_update_rho_low               24  8.9    0.000    0.000    0.090    0.091
 calculate_rho_elec                  24  9.9    0.000    0.001    0.090    0.091
 fft_wrap_pw1pw2_140                259 15.2    0.002    0.003    0.086    0.091
 density_rs2pw                       24 10.9    0.001    0.001    0.083    0.085
 init_scf_run                         4  6.8    0.000    0.001    0.079    0.079
 sum_up_and_integrate                23 11.4    0.000    0.001    0.065    0.072
 integrate_v_rspace                  23 12.4    0.001    0.001    0.064    0.072
 qs_vxc_create                       23 11.4    0.001    0.001    0.066    0.067
 xc_vxc_pw_create                    23 12.4    0.001    0.002    0.065    0.066
 scf_env_initial_rho_setup            4  7.8    0.001    0.001    0.064    0.064
 potential_pw2rs                     23 13.4    0.001    0.001    0.063    0.064
 transfer_rs2pw                     100 11.8    0.000    0.001    0.056    0.058
 mp_alltoall_z11v                   306 18.0    0.047    0.054    0.047    0.054
 cp_dbcsr_plus_fm_fm_t_native        26 10.6    0.001    0.001    0.045    0.052
 qs_init_subsys                       1  2.0    0.022    0.023    0.048    0.049
 mp_sendrecv_dv                    4700 13.8    0.045    0.048    0.045    0.048
 dbcsr_multiply_generic              29 11.6    0.003    0.004    0.041    0.047
 xc_pw_derive                       138 14.4    0.000    0.000    0.043    0.046
 calculate_dm_sparse                 23  9.8    0.000    0.000    0.040    0.046
 transfer_pw2rs                      95 14.3    0.000    0.000    0.045    0.046
 mp_waitall_1                      6973 16.1    0.033    0.043    0.033    0.043
 transfer_rs2pw_140                  28 12.6    0.006    0.009    0.040    0.043
 create_qs_kind_set                   1  2.0    0.000    0.001    0.041    0.043
 read_qs_kind                         1  3.0    0.017    0.025    0.040    0.042
 cp_fm_syevd                         23  9.9    0.000    0.001    0.038    0.041
 yz_to_xz                           208 17.1    0.005    0.006    0.035    0.039
 qs_energies_init_hamiltonians        4  6.8    0.001    0.002    0.037    0.038
 xz_to_yz                           192 16.4    0.005    0.006    0.034    0.038
 xc_rho_set_and_dset_create          23 13.4    0.002    0.003    0.033    0.037
 eigensolver                         20  9.8    0.001    0.001    0.032    0.033
 calculate_first_density_matrix       1  9.0    0.000    0.001    0.031    0.032
 calculate_atomic_block_dm            1 10.0    0.008    0.009    0.031    0.032
 xc_pw_divergence                    23 13.4    0.000    0.000    0.029    0.032
 topology_control                     1  2.0    0.006    0.007    0.031    0.031
 copy_dbcsr_to_fm                    43 10.0    0.001    0.001    0.029    0.031
 cp_fm_write_unformatted              6  8.8    0.029    0.030    0.029    0.030
 mp_alltoall_z22v                   401 17.8    0.019    0.028    0.019    0.028
 write_mo_set_to_restart             20  8.8    0.001    0.026    0.022    0.027
 transfer_pw2rs_140                  26 14.9    0.007    0.009    0.026    0.027
 parser_read_line                  3076  4.0    0.001    0.001    0.023    0.026
 qs_env_update_s_mstruct              4  7.8    0.000    0.001    0.023    0.026
 multiply_cannon                     29 12.6    0.003    0.004    0.019    0.026
 parser_read_line_low                 4  5.0    0.002    0.009    0.023    0.025
 cp_fm_redistribute_end              23 10.9    0.014    0.023    0.015    0.023
 calculate_rho_core                   4  8.8    0.001    0.001    0.021    0.023
 broadcast_input_information          4  6.0    0.004    0.004    0.020    0.023
 qs_env_setup                         1  3.0    0.002    0.003    0.021    0.022
 qs_ks_update_qs_env_forces           3  6.0    0.000    0.000    0.021    0.022
 write_mo_set_low                     4  9.8    0.000    0.000    0.021    0.022
 dbcsr_complete_redistribute         75 11.6    0.003    0.005    0.020    0.021
 multiply_cannon_loop                29 13.6    0.002    0.002    0.013    0.020
 wfi_extrapolate                      4  8.8    0.001    0.001    0.019    0.019
 connectivity_control                 1  3.0    0.004    0.004    0.017    0.018
 cube_transpose_2                   192 16.4    0.002    0.002    0.012    0.018
 cp_fm_syevd_base                    23 10.9    0.008    0.017    0.008    0.017
 -------------------------------------------------------------------------------

 The number of warnings for this run is : 1
 
 -------------------------------------------------------------------------------
  **** **** ******  **  PROGRAM ENDED AT                 2025-02-11 11:00:02.098
 ***** ** ***  *** **   PROGRAM RAN ON                                     c0272
 **    ****   ******    PROGRAM RAN BY                                    u12591
 ***** **    ** ** **   PROGRAM PROCESS ID                                 11260
  **** **  *******  **  PROGRAM STOPPED IN /mnt/lustre-grete/usr/u12591/cp2k_par
                                           ser_tests/cp2k-2025.1/geo_opt_low
