 DBCSR| CPU Multiplication driver                                           XSMM (U)
 DBCSR| Multrec recursion limit                                              512 (U)
 DBCSR| Multiplication stack size                                           1000 (D)
 DBCSR| Maximum elements for images                                    UNLIMITED (U)
 DBCSR| Multiplicative factor virtual images                                   1 (U)
 DBCSR| Use multiplication densification                                       T (D)
 DBCSR| Multiplication size stacks                                             3 (U)
 DBCSR| Use memory pool for CPU allocation                                     F (U)
 DBCSR| Number of 3D layers                                               SINGLE (U)
 DBCSR| Use MPI memory allocation                                              F (U)
 DBCSR| Use RMA algorithm                                                      F (U)
 DBCSR| Use Communication thread                                               T (U)
 DBCSR| Communication thread load                                             83 (D)
 DBCSR| MPI: My process id                                                     0
 DBCSR| MPI: Number of processes                                              48
 DBCSR| OMP: Current number of threads                                         2
 DBCSR| OMP: Max number of threads                                             2
 DBCSR| Split modifier for TAS multiplication algorithm                  1.0E+00 (U)


  **** **** ******  **  PROGRAM STARTED AT               2025-02-11 10:06:43.331
 ***** ** ***  *** **   PROGRAM STARTED ON                                 c0269
 **    ****   ******    PROGRAM STARTED BY                                u12591
 ***** **    ** ** **   PROGRAM PROCESS ID                                  5248
  **** **  *******  **  PROGRAM STARTED IN /mnt/lustre-grete/usr/u12591/cp2k_par
                                           ser_tests/cp2k-2025.1/eigenvalues_low

 CP2K| version string:                                       CP2K version 2025.1
 CP2K| source code revision number:                                  git:9635df4
 CP2K| cp2kflags: omp libint fftw3 libxc libgrpp parallel scalapack mpi_f08 xsmm
 CP2K|             spglib libdftd4 libvori libbqb hdf5
 CP2K| is freely available from                            https://www.cp2k.org/
 CP2K| Program compiled at                          Tue Jan  7 11:11:50 CET 2025
 CP2K| Program compiled on                                              glogin11
 CP2K| Program compiled for                                                local
 CP2K| Data directory path    /mnt/lustre-grete/usr/u12591/software/cp2k/cp2k-20
 CP2K| Input file name                                                 aiida.inp

 GLOBAL| Force Environment number                                              1
 GLOBAL| Basis set file name                                        BASIS_MOLOPT
 GLOBAL| Potential file name                                      GTH_POTENTIALS
 GLOBAL| MM Potential file name                                     MM_POTENTIAL
 GLOBAL| Coordinate file name                                      __STD_INPUT__
 GLOBAL| Method name                                                        CP2K
 GLOBAL| Project name                                                      aiida
 GLOBAL| Run type                                                         ENERGY
 GLOBAL| FFT library                                                       FFTW3
 GLOBAL| Diagonalization library                                       ScaLAPACK
 GLOBAL| DGEMM library                                                      BLAS
 GLOBAL| Orthonormality check for eigenvectors                          DISABLED
 GLOBAL| Matrix multiplication library                                 ScaLAPACK
 GLOBAL| All-to-all communication in single precision                          F
 GLOBAL| FFTs using library dependent lengths                                  F
 GLOBAL| Grid backend                                                       AUTO
 GLOBAL| Global print level                                                  LOW
 GLOBAL| MPI I/O enabled                                                       T
 GLOBAL| Total number of message passing processes                            48
 GLOBAL| Number of threads for this process                                    2
 GLOBAL| This output is from process                                           0
 GLOBAL| OpenMP stack size per thread (OMP_STACKSIZE)                    default
 GLOBAL| CPU model name                           Intel(R) Xeon(R) Platinum 8468
 GLOBAL| CPUID                                                              1003

 MEMORY| system memory details [Kb]
 MEMORY|                        rank 0           min           max       average
 MEMORY| MemTotal            527928788     527928788     527928788     527928788
 MEMORY| MemFree             516361108     516360744     516361108     516361092
 MEMORY| Buffers                 88416         88416         88416         88416
 MEMORY| Cached                3355724       3355724       3355724       3355724
 MEMORY| Slab                  1014848       1014848       1014848       1014848
 MEMORY| SReclaimable           185216        185216        185216        185216
 MEMORY| MemLikelyFree       519990464     519990100     519990464     519990448


 GENERATE|  Preliminary Number of Bonds generated:                             0
 GENERATE|  Achieved consistency in connectivity generation.

 *******************************************************************************
 *******************************************************************************
 **                                                                           **
 **     #####                         ##              ##                      **
 **    ##   ##            ##          ##              ##                      **
 **   ##     ##                       ##            ######                    **
 **   ##     ##  ##   ##  ##   #####  ##  ##   ####   ##    #####    #####    **
 **   ##     ##  ##   ##  ##  ##      ## ##   ##      ##   ##   ##  ##   ##   **
 **   ##  ## ##  ##   ##  ##  ##      ####     ###    ##   ######   ######    **
 **    ##  ###   ##   ##  ##  ##      ## ##      ##   ##   ##       ##        **
 **     #######   #####   ##   #####  ##  ##  ####    ##    #####   ##        **
 **           ##                                                    ##        **
 **                                                                           **
 **                                                ... make the atoms dance   **
 **                                                                           **
 **            Copyright (C) by CP2K developers group (2000-2025)             **
 **                      J. Chem. Phys. 152, 194103 (2020)                    **
 **                                                                           **
 *******************************************************************************


 TOTAL NUMBERS AND MAXIMUM NUMBERS

  Total number of            - Atomic kinds:                                   1
                             - Atoms:                                          2
                             - Shell sets:                                     2
                             - Shells:                                        10
                             - Primitive Cartesian functions:                 12
                             - Cartesian basis functions:                     28
                             - Spherical basis functions:                     26

  Maximum angular momentum of- Orbital basis functions:                        2
                             - Local part of the GTH pseudopotential:          0
                             - Non-local part of the GTH pseudopotential:      2


 SCF PARAMETERS         Density guess:                                   RESTART
                        --------------------------------------------------------
                        max_scf:                                             150
                        max_scf_history:                                       0
                        max_diis:                                              4
                        --------------------------------------------------------
                        eps_scf:                                        1.00E-04
                        eps_scf_history:                                0.00E+00
                        eps_diis:                                       1.00E-01
                        eps_eigval:                                     1.00E-05
                        --------------------------------------------------------
                        level_shift [a.u.]:                             0.000000
                        added MOs                                         8    0
                        --------------------------------------------------------
                        Mixing method:                            BROYDEN_MIXING
                                                charge density mixing in g-space
                        --------------------------------------------------------
                        No outer SCF

 Number of electrons:                                                          8
 Number of occupied orbitals:                                                  4
 Number of molecular orbitals:                                                12

 Number of orbital functions:                                                 26
 Number of independent orbital functions:                                     26

 Extrapolation method: initial_guess

 *** WARNING in qs_initial_guess.F:303 :: User requested to restart the    ***
 *** wavefunction from the file named: aiida-RESTART.kp. This file does    ***
 *** not exist. Please check the existence of the file or change properly  ***
 *** the value of the keyword WFN_RESTART_FILE_NAME. Calculation continues ***
 *** using ATOMIC GUESS.                                                   ***



 SCF WAVEFUNCTION OPTIMIZATION

  Step     Update method      Time    Convergence         Total energy    Change
  ------------------------------------------------------------------------------
     1 NoMix/Diag. 0.30E+00    0.3     0.98990157        -8.0057397859 -8.01E+00
     2 Broy./Diag. 0.30E+00    0.5     0.02356229        -7.7953841811  2.10E-01
     3 Broy./Diag. 0.30E+00    0.5     0.05162727        -7.8346123406 -3.92E-02
     4 Broy./Diag. 0.30E+00    0.5     0.00079495        -7.8773033987 -4.27E-02
     5 Broy./Diag. 0.30E+00    0.5     0.00112719        -7.8674363312  9.87E-03
     6 Broy./Diag. 0.30E+00    0.5     0.00008307        -7.8657938136  1.64E-03

  *** SCF run converged in     6 steps ***


  Electronic density on regular grids:         -7.9999999995        0.0000000005
  Core density on regular grids:                7.9999998827       -0.0000001173
  Total charge density on r-space grids:       -0.0000001169
  Total charge density g-space grids:          -0.0000001169

  Overlap energy of the core charge distribution:               0.00000000002093
  Self energy of the core charge distribution:                -20.51598485628205
  Core Hamiltonian energy:                                      4.39391606951139
  Hartree energy:                                              10.68839106981861
  Exchange-correlation energy:                                 -2.43211609669217

  Total energy:                                                -7.86579381362330

 MO| EIGENVALUES AND OCCUPATION NUMBERS FOR K POINT 1
 MO|
 MO|  Index      Eigenvalue [a.u.]        Eigenvalue [eV]             Occupation
 MO|      1              -0.212876              -5.792644               2.000000
 MO|      2               0.058448               1.590461               2.000000
 MO|      3               0.174488               4.748072               2.000000
 MO|      4               0.174488               4.748072               2.000000
 MO|      5               0.280754               7.639707               0.000000
 MO|      6               0.336004               9.143141               0.000000
 MO|      7               0.336004               9.143141               0.000000
 MO|      8               0.477117              12.983015               0.000000
 MO|      9               0.549365              14.948978               0.000000
 MO|     10               0.549365              14.948978               0.000000
 MO|     11               0.744972              20.271714               0.000000
 MO|     12               0.840825              22.880024               0.000000
 MO| Sum:                                                               8.000000
 MO| E(Fermi):            0.185619 a.u.          5.050937 eV
 MO| Band gap:            0.106266 a.u.          2.891635 eV


 MO| EIGENVALUES AND OCCUPATION NUMBERS FOR K POINT 2
 MO|
 MO|  Index      Eigenvalue [a.u.]        Eigenvalue [eV]             Occupation
 MO|      1              -0.140317              -3.818230               2.000000
 MO|      2              -0.035111              -0.955419               2.000000
 MO|      3               0.071630               1.949140               2.000000
 MO|      4               0.119981               3.264858               2.000000
 MO|      5               0.261274               7.109639               0.000000
 MO|      6               0.388344              10.567374               0.000000
 MO|      7               0.426275              11.599522               0.000000
 MO|      8               0.437686              11.910050               0.000000
 MO|      9               0.624527              16.994254               0.000000
 MO|     10               0.656052              17.852079               0.000000
 MO|     11               0.729239              19.843591               0.000000
 MO|     12               0.753633              20.507407               0.000000
 MO| Sum:                                                               8.000000
 MO| E(Fermi):            0.185619 a.u.          5.050937 eV
 MO| Band gap:            0.141293 a.u.          3.844781 eV


 MO| EIGENVALUES AND OCCUPATION NUMBERS FOR K POINT 3
 MO|
 MO|  Index      Eigenvalue [a.u.]        Eigenvalue [eV]             Occupation
 MO|      1              -0.140317              -3.818230               2.000000
 MO|      2              -0.035111              -0.955419               2.000000
 MO|      3               0.071630               1.949140               2.000000
 MO|      4               0.119981               3.264858               2.000000
 MO|      5               0.261274               7.109639               0.000000
 MO|      6               0.388344              10.567374               0.000000
 MO|      7               0.426275              11.599522               0.000000
 MO|      8               0.437686              11.910050               0.000000
 MO|      9               0.624527              16.994254               0.000000
 MO|     10               0.656052              17.852079               0.000000
 MO|     11               0.729239              19.843591               0.000000
 MO|     12               0.753633              20.507407               0.000000
 MO| Sum:                                                               8.000000
 MO| E(Fermi):            0.185619 a.u.          5.050937 eV
 MO| Band gap:            0.141293 a.u.          3.844781 eV


 MO| EIGENVALUES AND OCCUPATION NUMBERS FOR K POINT 4
 MO|
 MO|  Index      Eigenvalue [a.u.]        Eigenvalue [eV]             Occupation
 MO|      1              -0.140317              -3.818230               2.000000
 MO|      2              -0.035111              -0.955419               2.000000
 MO|      3               0.071630               1.949140               2.000000
 MO|      4               0.119981               3.264858               2.000000
 MO|      5               0.261274               7.109639               0.000000
 MO|      6               0.388344              10.567374               0.000000
 MO|      7               0.426275              11.599522               0.000000
 MO|      8               0.437686              11.910050               0.000000
 MO|      9               0.624527              16.994254               0.000000
 MO|     10               0.656052              17.852079               0.000000
 MO|     11               0.729239              19.843591               0.000000
 MO|     12               0.753633              20.507407               0.000000
 MO| Sum:                                                               8.000000
 MO| E(Fermi):            0.185619 a.u.          5.050937 eV
 MO| Band gap:            0.141293 a.u.          3.844781 eV


 ENERGY| Total FORCE_EVAL ( QS ) energy [hartree]             -7.865793813623298

 -------------------------------------------------------------------------------
 -                                                                             -
 -                                DBCSR STATISTICS                             -
 -                                                                             -
 -------------------------------------------------------------------------------
 COUNTER                                    TOTAL       BLAS       SMM       ACC
 flops inhomo. stacks                           0       0.0%      0.0%      0.0%
 flops total                         0.000000E+00       0.0%      0.0%      0.0%
 flops max/rank                      0.000000E+00       0.0%      0.0%      0.0%
 matmuls inhomo. stacks                         0       0.0%      0.0%      0.0%
 matmuls total                                  0       0.0%      0.0%      0.0%
 number of processed stacks                     0       0.0%      0.0%      0.0%
 average stack size                                     0.0       0.0       0.0
 marketing flops                     0.000000E+00
 -------------------------------------------------------------------------------
 -                                                                             -
 -                      DBCSR MESSAGE PASSING PERFORMANCE                      -
 -                                                                             -
 -------------------------------------------------------------------------------
 ROUTINE             CALLS      AVE VOLUME [Bytes]
 MP_Bcast                1                     12.
 MP_Allreduce         2468                      8.
 MP_Alltoall          4416                   7795.
 -------------------------------------------------------------------------------

 -------------------------------------------------------------------------------
 -                                                                             -
 -                                DBM STATISTICS                               -
 -                                                                             -
 -------------------------------------------------------------------------------
    M  x    N  x    K                                          COUNT     PERCENT
 -------------------------------------------------------------------------------

 -------------------------------------------------------------------------------
 -                                                                             -
 -                                GRID STATISTICS                              -
 -                                                                             -
 -------------------------------------------------------------------------------
 LP    KERNEL             BACKEND                              COUNT     PERCENT
 4     collocate general  CPU                                  28140      53.84%
 4     integrate general  CPU                                  24120      46.15%
 0     collocate general  CPU                                      2       0.00%
 -------------------------------------------------------------------------------

 MEMORY| Estimated peak process memory [MiB]                                 183

 -------------------------------------------------------------------------------
 -                                                                             -
 -                         MESSAGE PASSING PERFORMANCE                         -
 -                                                                             -
 -------------------------------------------------------------------------------

 ROUTINE             CALLS      AVE VOLUME [Bytes]
 MP_Group                5
 MP_Bcast              901                 207518.
 MP_Allreduce         1765                     39.
 MP_Sync                82
 MP_Alltoall           190
 MP_SendRecv          1363                   2970.
 MP_ISendRecv         1128                   2768.
 MP_Wait              1926
 MP_comm_split           2
 MP_ISend             1349                    621.
 MP_IRecv             1395                    610.
 -------------------------------------------------------------------------------


 -------------------------------------------------------------------------------
 -                                                                             -
 -                           R E F E R E N C E S                               -
 -                                                                             -
 -------------------------------------------------------------------------------
 
 CP2K version 2025.1, the CP2K developers group (2025).
 CP2K is freely available from https://www.cp2k.org/ .
 
 T. D. Kuehne, M. Iannuzzi, M. Del Ben, V. V. Rybkin, P. Seewald, F. Stein, T. 
 Laino, R. Z. Khaliullin, O. Schuett, F. Schiffmann, D. Golze, J. Wilhelm, S. 
 Chulkov, M. H. Bani-Hashemian, V. Weber, U. Borstnik, M. Taillefumier, A. S. 
 Jakobovits, A. Lazzaro, H. Pabst, T. Mueller, R. Schade, M. Guidon, S. 
 Andermatt, N. Holmberg, G. K. Schenter, A. Hehn, A. Bussy, F. Belleflamme, G. 
 Tabacchi, A. Gloess, M. Lass, I. Bethune, C. J. Mundy, C. Plessl, M. Watkins, 
 J. VandeVondele, M. Krack, J. Hutter.
 J. Chem. Phys. 152, 194103 (2020).
 CP2K: An electronic structure and molecular dynamics software package - 
 Quickstep: Efficient and accurate electronic structure calculations.
 https://doi.org/10.1063/5.0007045

 A. Togo, I. Tanaka.
 arXiv, 1808.01590 (2018).
 Spglib : a software library for crystal symmetry search.

 O. Schuett, P. Messmer, J. Hutter, J. VandeVondele.
 Electronic Structure Calculations on Graphics Processing Units, 173-190 (2016).
 GPU-Accelerated Sparse Matrix-Matrix Multiplication for Linear Scaling Density 
 Functional Theory.
 https://doi.org/10.1002/9781118670712.ch8

 A. Heinecke, G. Henry, M. Hutchinson, H. Pabst.
 Proceedings of Intl. Supercomputing Conference, 981-991 (2016).
 LIBXSMM: Accelerating Small Matrix Multiplications by Runtime Code Generation.
 https://doi.org/10.1109/SC.2016.83

 J. Hutter, M. Iannuzzi, F. Schiffmann, J. VandeVondele.
 WIREs Comput Mol Sci. 4, 15-25 (2014).
 CP2K: atomistic simulations of condensed matter systems.
 https://doi.org/10.1002/wcms.1159

 U. Borstnik, J. VandeVondele, V. Weber, J. Hutter.
 Parallel Comput. 40, 47-58 (2014).
 Sparse matrix multiplication: The distributed block-compressed sparse row 
 library.
 https://doi.org/10.1016/j.parco.2014.03.012

 J. VandeVondele, J. Hutter.
 J. Chem. Phys. 127, 114105 (2007).
 Gaussian basis sets for accurate calculations on molecular systems in gas and 
 condensed phases.
 https://doi.org/10.1063/1.2770708

 J. VandeVondele, M. Krack, F. Mohamed, M. Parrinello, T. Chassaing, J. Hutter.
 Comput. Phys. Commun. 167, 103-128 (2005).
 QUICKSTEP: Fast and accurate density functional calculations using a mixed 
 Gaussian and plane waves approach.
 https://doi.org/10.1016/j.cpc.2004.12.014

 M. Krack.
 Theor. Chem. Acc. 114, 145-152 (2005).
 Pseudopotentials for H to Kr optimized for gradient-corrected 
 exchange-correlation functionals.
 https://doi.org/10.1007/s00214-005-0655-y

 M. Frigo, S. G. Johnson.
 Proc. IEEE 93, 216-231 (2005).
 The design and implementation of FFTW3.
 https://doi.org/10.1109/JPROC.2004.840301

 C. Hartwigsen, S. Goedecker, J. Hutter.
 Phys. Rev. B 58, 3641-3662 (1998).
 Relativistic separable dual-space Gaussian pseudopotentials from H to Rn.
 https://doi.org/10.1103/PhysRevB.58.3641

 G. Lippert, J. Hutter, M. Parrinello.
 Mol. Phys. 92, 477-487 (1997).
 A hybrid Gaussian and plane wave density functional scheme.
 https://doi.org/10.1080/002689797170220

 S. Goedecker, M. Teter, J. Hutter.
 Phys. Rev. B 54, 1703-1710 (1996).
 Separable dual-space Gaussian pseudopotentials.
 https://doi.org/10.1103/PhysRevB.54.1703

 J. P. Perdew, K. Burke, M. Ernzerhof.
 Phys. Rev. Lett. 77, 3865-3868 (1996).
 Generalized gradient approximation made simple.
 https://doi.org/10.1103/PhysRevLett.77.3865


 -------------------------------------------------------------------------------
 -                                                                             -
 -                                T I M I N G                                  -
 -                                                                             -
 -------------------------------------------------------------------------------
 SUBROUTINE                       CALLS  ASD         SELF TIME        TOTAL TIME
                                MAXIMUM       AVERAGE  MAXIMUM  AVERAGE  MAXIMUM
 CP2K                                 1  1.0    0.125    0.128    3.525    3.525
 qs_energies                          1  2.0    0.008    0.009    3.261    3.262
 scf_env_do_scf                       1  3.0    0.000    0.001    2.919    2.919
 scf_env_do_scf_inner_loop            6  4.0    0.003    0.004    2.917    2.918
 qs_scf_new_mos_kp                    6  5.0    0.000    0.000    1.467    1.511
 do_general_diag_kp                   6  6.0    0.002    0.003    1.466    1.510
 qs_ks_update_qs_env                  6  5.0    0.000    0.000    0.112    1.434
 mp_alltoall_i22                    744  8.4    1.370    1.416    1.370    1.416
 dbcsr_desymmetrize_deep            396  7.2    0.004    0.007    1.371    1.416
 transfer_rs2pw                      29  7.9    0.000    0.000    1.363    1.408
 rebuild_ks_matrix                    6  6.0    0.000    0.001    0.084    1.407
 qs_ks_build_kohn_sham_matrix         6  7.0    0.004    0.005    0.084    1.406
 mp_sendrecv_dv                    1363  9.9    1.359    1.404    1.359    1.404
 transfer_rs2pw_100                   8  8.8    0.002    0.003    1.357    1.403
 qs_rho_update_rho_low                7  5.0    0.000    0.000    1.394    1.395
 calculate_rho_elec                   7  6.0    0.000    0.001    1.394    1.395
 density_rs2pw                        7  7.0    0.001    0.001    1.349    1.394
 sum_up_and_integrate                 6  8.0    0.000    0.000    0.060    1.382
 integrate_v_rspace                   6  9.0    0.000    0.002    0.059    1.382
 grid_collocate_task_list             7  7.0    0.044    1.369    0.044    1.369
 grid_integrate_task_list             6 10.0    0.043    1.365    0.043    1.365
 init_scf_run                         1  3.0    0.000    0.000    0.248    0.248
 scf_env_initial_rho_setup            1  4.0    0.001    0.002    0.248    0.248
 write_kpoints_restart                6  5.0    0.001    0.005    0.110    0.111
 copy_dbcsr_to_fm                   300  6.3    0.002    0.002    0.097    0.104
 dbcsr_complete_redistribute        348  7.6    0.007    0.011    0.074    0.079
 qs_energies_init_hamiltonians        1  3.0    0.003    0.004    0.077    0.079
 -------------------------------------------------------------------------------

 The number of warnings for this run is : 1
 
 -------------------------------------------------------------------------------
  **** **** ******  **  PROGRAM ENDED AT                 2025-02-11 10:06:48.461
 ***** ** ***  *** **   PROGRAM RAN ON                                     c0269
 **    ****   ******    PROGRAM RAN BY                                    u12591
 ***** **    ** ** **   PROGRAM PROCESS ID                                  5248
  **** **  *******  **  PROGRAM STOPPED IN /mnt/lustre-grete/usr/u12591/cp2k_par
                                           ser_tests/cp2k-2025.1/eigenvalues_low
