 DBCSR| CPU Multiplication driver                                           XSMM (U)
 DBCSR| Multrec recursion limit                                              512 (U)
 DBCSR| Multiplication stack size                                           1000 (D)
 DBCSR| Maximum elements for images                                    UNLIMITED (U)
 DBCSR| Multiplicative factor virtual images                                   1 (U)
 DBCSR| Use multiplication densification                                       T (D)
 DBCSR| Multiplication size stacks                                             3 (U)
 DBCSR| Use memory pool for CPU allocation                                     F (U)
 DBCSR| Number of 3D layers                                               SINGLE (U)
 DBCSR| Use MPI memory allocation                                              F (U)
 DBCSR| Use RMA algorithm                                                      F (U)
 DBCSR| Use Communication thread                                               T (U)
 DBCSR| Communication thread load                                             83 (D)
 DBCSR| MPI: My process id                                                     0
 DBCSR| MPI: Number of processes                                              48
 DBCSR| OMP: Current number of threads                                         2
 DBCSR| OMP: Max number of threads                                             2
 DBCSR| Split modifier for TAS multiplication algorithm                  1.0E+00 (U)


  **** **** ******  **  PROGRAM STARTED AT               2025-02-11 11:56:56.828
 ***** ** ***  *** **   PROGRAM STARTED ON                                 c0272
 **    ****   ******    PROGRAM STARTED BY                                u12591
 ***** **    ** ** **   PROGRAM PROCESS ID                                 23754
  **** **  *******  **  PROGRAM STARTED IN /mnt/lustre-grete/usr/u12591/cp2k_par
                                           ser_tests/cp2k-2025.1/smearing_need_a
                                           dded_mos_medium

 CP2K| version string:                                       CP2K version 2025.1
 CP2K| source code revision number:                                  git:9635df4
 CP2K| cp2kflags: omp libint fftw3 libxc libgrpp parallel scalapack mpi_f08 xsmm
 CP2K|             spglib libdftd4 libvori libbqb hdf5
 CP2K| is freely available from                            https://www.cp2k.org/
 CP2K| Program compiled at                          Tue Jan  7 11:11:50 CET 2025
 CP2K| Program compiled on                                              glogin11
 CP2K| Program compiled for                                                local
 CP2K| Data directory path    /mnt/lustre-grete/usr/u12591/software/cp2k/cp2k-20
 CP2K| Input file name                                                 aiida.inp

 GLOBAL| Force Environment number                                              1
 GLOBAL| Basis set file name                                        BASIS_MOLOPT
 GLOBAL| Potential file name                                      GTH_POTENTIALS
 GLOBAL| MM Potential file name                                     MM_POTENTIAL
 GLOBAL| Coordinate file name                                      __STD_INPUT__
 GLOBAL| Method name                                                        CP2K
 GLOBAL| Project name                                                      aiida
 GLOBAL| Run type                                                         ENERGY
 GLOBAL| FFT library                                                       FFTW3
 GLOBAL| Diagonalization library                                       ScaLAPACK
 GLOBAL| DGEMM library                                                      BLAS
 GLOBAL| Orthonormality check for eigenvectors                          DISABLED
 GLOBAL| Matrix multiplication library                                 ScaLAPACK
 GLOBAL| All-to-all communication in single precision                          F
 GLOBAL| FFTs using library dependent lengths                                  F
 GLOBAL| Grid backend                                                       AUTO
 GLOBAL| Global print level                                               MEDIUM
 GLOBAL| MPI I/O enabled                                                       T
 GLOBAL| Total number of message passing processes                            48
 GLOBAL| Number of threads for this process                                    2
 GLOBAL| This output is from process                                           0
 GLOBAL| OpenMP stack size per thread (OMP_STACKSIZE)                    default
 GLOBAL| CPU model name                           Intel(R) Xeon(R) Platinum 8468
 GLOBAL| CPUID                                                              1003

 MEMORY| system memory details [Kb]
 MEMORY|                        rank 0           min           max       average
 MEMORY| MemTotal            527928700     527928700     527928700     527928700
 MEMORY| MemFree             515022816     515022816     515022816     515022816
 MEMORY| Buffers                 13408         13408         13408         13408
 MEMORY| Cached                4249492       4249492       4249492       4249492
 MEMORY| Slab                  1282348       1282348       1282348       1282348
 MEMORY| SReclaimable           216896        216896        216896        216896
 MEMORY| MemLikelyFree       519502612     519502612     519502612     519502612


 *** Fundamental physical constants (SI units) ***

 *** Literature: B. J. Mohr and B. N. Taylor,
 ***             CODATA recommended values of the fundamental physical
 ***             constants: 2006, Web Version 5.1
 ***             http://physics.nist.gov/constants

 Speed of light in vacuum [m/s]                             2.99792458000000E+08
 Magnetic constant or permeability of vacuum [N/A**2]       1.25663706143592E-06
 Electric constant or permittivity of vacuum [F/m]          8.85418781762039E-12
 Planck constant (h) [J*s]                                  6.62606896000000E-34
 Planck constant (h-bar) [J*s]                              1.05457162825177E-34
 Elementary charge [C]                                      1.60217648700000E-19
 Electron mass [kg]                                         9.10938215000000E-31
 Electron g factor [ ]                                     -2.00231930436220E+00
 Proton mass [kg]                                           1.67262163700000E-27
 Fine-structure constant                                    7.29735253760000E-03
 Rydberg constant [1/m]                                     1.09737315685270E+07
 Avogadro constant [1/mol]                                  6.02214179000000E+23
 Boltzmann constant [J/K]                                   1.38065040000000E-23
 Atomic mass unit [kg]                                      1.66053878200000E-27
 Bohr radius [m]                                            5.29177208590000E-11

 *** Conversion factors ***

 [u] -> [a.u.]                                              1.82288848426455E+03
 [Angstrom] -> [Bohr] = [a.u.]                              1.88972613288564E+00
 [a.u.] = [Bohr] -> [Angstrom]                              5.29177208590000E-01
 [a.u.] -> [s]                                              2.41888432650478E-17
 [a.u.] -> [fs]                                             2.41888432650478E-02
 [a.u.] -> [J]                                              4.35974393937059E-18
 [a.u.] -> [N]                                              8.23872205491840E-08
 [a.u.] -> [K]                                              3.15774647902944E+05
 [a.u.] -> [kJ/mol]                                         2.62549961709828E+03
 [a.u.] -> [kcal/mol]                                       6.27509468713739E+02
 [a.u.] -> [Pa]                                             2.94210107994716E+13
 [a.u.] -> [bar]                                            2.94210107994716E+08
 [a.u.] -> [atm]                                            2.90362800883016E+08
 [a.u.] -> [eV]                                             2.72113838565563E+01
 [a.u.] -> [Hz]                                             6.57968392072181E+15
 [a.u.] -> [1/cm] (wave numbers)                            2.19474631370540E+05
 [a.u./Bohr**2] -> [1/cm]                                   5.14048714338585E+03
 

 CELL_TOP| Volume [angstrom^3]:                                        18.153110
 CELL_TOP| Vector a [angstrom     2.950     0.000     0.000   |a| =     2.950000
 CELL_TOP| Vector b [angstrom     1.475     2.555     0.000   |b| =     2.950000
 CELL_TOP| Vector c [angstrom     1.475     0.852     2.409   |c| =     2.950000
 CELL_TOP| Angle (b,c), alpha [degree]:                                60.000000
 CELL_TOP| Angle (a,c), beta  [degree]:                                60.000000
 CELL_TOP| Angle (a,b), gamma [degree]:                                60.000000
 CELL_TOP| Numerically orthorhombic:                                          NO
 CELL_TOP| Periodicity                                                       XYZ

 GENERATE|  Preliminary Number of Bonds generated:                             0
 GENERATE|  Achieved consistency in connectivity generation.

 CELL| Volume [angstrom^3]:                                            18.153110
 CELL| Vector a [angstrom]:       2.950     0.000     0.000   |a| =     2.950000
 CELL| Vector b [angstrom]:       1.475     2.555     0.000   |b| =     2.950000
 CELL| Vector c [angstrom]:       1.475     0.852     2.409   |c| =     2.950000
 CELL| Angle (b,c), alpha [degree]:                                    60.000000
 CELL| Angle (a,c), beta  [degree]:                                    60.000000
 CELL| Angle (a,b), gamma [degree]:                                    60.000000
 CELL| Numerically orthorhombic:                                              NO
 CELL| Periodicity                                                           XYZ

 CELL_REF| Volume [angstrom^3]:                                        18.153110
 CELL_REF| Vector a [angstrom     2.950     0.000     0.000   |a| =     2.950000
 CELL_REF| Vector b [angstrom     1.475     2.555     0.000   |b| =     2.950000
 CELL_REF| Vector c [angstrom     1.475     0.852     2.409   |c| =     2.950000
 CELL_REF| Angle (b,c), alpha [degree]:                                60.000000
 CELL_REF| Angle (a,c), beta  [degree]:                                60.000000
 CELL_REF| Angle (a,b), gamma [degree]:                                60.000000
 CELL_REF| Numerically orthorhombic:                                          NO
 CELL_REF| Periodicity                                                       XYZ

 *******************************************************************************
                                    Kpoints
 *******************************************************************************
 BRILLOUIN| K-point scheme                                        Monkhorst-Pack
 BRILLOUIN| K-Point grid                                             2    2    2
 BRILLOUIN| Accuracy in Symmetry determination                      0.100000E-05
 BRILLOUIN| K-Point point group symmetrization                               OFF
 BRILLOUIN| Wavefunction type                                            COMPLEX
 BRILLOUIN| List of Kpoints [2 Pi/Bohr]                                        4
 BRILLOUIN| Number           Weight            X              Y              Z
 BRILLOUIN|     1           0.25000       -0.25000       -0.25000       -0.25000
 BRILLOUIN|     2           0.25000       -0.25000       -0.25000        0.25000
 BRILLOUIN|     3           0.25000       -0.25000        0.25000       -0.25000
 BRILLOUIN|     4           0.25000       -0.25000        0.25000        0.25000
 *******************************************************************************

 *******************************************************************************
 *******************************************************************************
 **                                                                           **
 **     #####                         ##              ##                      **
 **    ##   ##            ##          ##              ##                      **
 **   ##     ##                       ##            ######                    **
 **   ##     ##  ##   ##  ##   #####  ##  ##   ####   ##    #####    #####    **
 **   ##     ##  ##   ##  ##  ##      ## ##   ##      ##   ##   ##  ##   ##   **
 **   ##  ## ##  ##   ##  ##  ##      ####     ###    ##   ######   ######    **
 **    ##  ###   ##   ##  ##  ##      ## ##      ##   ##   ##       ##        **
 **     #######   #####   ##   #####  ##  ##  ####    ##    #####   ##        **
 **           ##                                                    ##        **
 **                                                                           **
 **                                                ... make the atoms dance   **
 **                                                                           **
 **            Copyright (C) by CP2K developers group (2000-2025)             **
 **                      J. Chem. Phys. 152, 194103 (2020)                    **
 **                                                                           **
 *******************************************************************************

 *******************************************************************************
 *   ___                                                                       *
 *  /   \                                                                      *
 * [ABORT]                                                                     *
 *  \___/             Extra MOs (ADDED_MOS) are required for smearing          *
 *    |                                                                        *
 *  O/|                                                                        *
 * /| |                                                                        *
 * / \                                                   qs_environment.F:1642 *
 *******************************************************************************


 ===== Routine Calling Stack ===== 

            2 qs_init_subsys
            1 CP2K
