 DBCSR| CPU Multiplication driver                                           XSMM (U)
 DBCSR| Multrec recursion limit                                              512 (U)
 DBCSR| Multiplication stack size                                           1000 (D)
 DBCSR| Maximum elements for images                                    UNLIMITED (U)
 DBCSR| Multiplicative factor virtual images                                   1 (U)
 DBCSR| Use multiplication densification                                       T (D)
 DBCSR| Multiplication size stacks                                             3 (U)
 DBCSR| Use memory pool for CPU allocation                                     F (U)
 DBCSR| Number of 3D layers                                               SINGLE (U)
 DBCSR| Use MPI memory allocation                                              F (U)
 DBCSR| Use RMA algorithm                                                      F (U)
 DBCSR| Use Communication thread                                               T (U)
 DBCSR| Communication thread load                                             87 (D)
 DBCSR| MPI: My process id                                                     0
 DBCSR| MPI: Number of processes                                              96
 DBCSR| OMP: Current number of threads                                         1
 DBCSR| OMP: Max number of threads                                             1
 DBCSR| Split modifier for TAS multiplication algorithm                  1.0E+00 (U)


  **** **** ******  **  PROGRAM STARTED AT               2024-07-07 15:58:58.093
 ***** ** ***  *** **   PROGRAM STARTED ON                                 c0266
 **    ****   ******    PROGRAM STARTED BY                              nichdsas
 ***** **    ** ** **   PROGRAM PROCESS ID                                806762
  **** **  *******  **  PROGRAM STARTED IN /scratch-grete/usr/nichdsas/test_pars
                                           er/cp2k-2024.1/eigenvalues_low

 CP2K| version string:                                       CP2K version 2024.1
 CP2K| source code revision number:                                             
 CP2K| cp2kflags: omp libint fftw3 libxc elpa parallel scalapack xsmm spglib sir
 CP2K|            ius libvori libbqb
 CP2K| is freely available from                            https://www.cp2k.org/
 CP2K| Program compiled at                                   2024-05-28 17:35:28
 CP2K| Program compiled on                                                      
 CP2K| Program compiled for                                               x86_64
 CP2K| Data directory path    /sw/rev/24.05/sapphirerapids_opa_rocky8/linux-rock
 CP2K| Input file name                                                 aiida.inp

 GLOBAL| Force Environment number                                              1
 GLOBAL| Basis set file name                                        BASIS_MOLOPT
 GLOBAL| Potential file name                                      GTH_POTENTIALS
 GLOBAL| MM Potential file name                                     MM_POTENTIAL
 GLOBAL| Coordinate file name                                      __STD_INPUT__
 GLOBAL| Method name                                                        CP2K
 GLOBAL| Project name                                                      aiida
 GLOBAL| Run type                                                         ENERGY
 GLOBAL| FFT library                                                       FFTW3
 GLOBAL| Diagonalization library                                            ELPA
 GLOBAL| DGEMM library                                                      BLAS
 GLOBAL| Minimum number of eigenvectors for ELPA usage                        16
 GLOBAL| Orthonormality check for eigenvectors                          DISABLED
 GLOBAL| Matrix multiplication library                                 ScaLAPACK
 GLOBAL| All-to-all communication in single precision                          F
 GLOBAL| FFTs using library dependent lengths                                  F
 GLOBAL| Grid backend                                                       AUTO
 GLOBAL| Global print level                                                  LOW
 GLOBAL| MPI I/O enabled                                                       T
 GLOBAL| Total number of message passing processes                            96
 GLOBAL| Number of threads for this process                                    1
 GLOBAL| This output is from process                                           0
 GLOBAL| Stack size for threads created by OpenMP (OMP_STACKSIZE)        default
 GLOBAL| CPU model name                           Intel(R) Xeon(R) Platinum 8468
 GLOBAL| CPUID                                                              1003

 MEMORY| system memory details [Kb]
 MEMORY|                        rank 0           min           max       average
 MEMORY| MemTotal            527678176     527678176     527678176     527678176
 MEMORY| MemFree             511707928     511707928     511707928     511707928
 MEMORY| Buffers                 12632         12632         12632         12632
 MEMORY| Cached                3262220       3262220       3262220       3262220
 MEMORY| Slab                  1381928       1381928       1381928       1381928
 MEMORY| SReclaimable           212476        212476        212476        212476
 MEMORY| MemLikelyFree       515195256     515195256     515195256     515195256


 GENERATE|  Preliminary Number of Bonds generated:                             0
 GENERATE|  Achieved consistency in connectivity generation.

 *******************************************************************************
 *******************************************************************************
 **                                                                           **
 **     #####                         ##              ##                      **
 **    ##   ##            ##          ##              ##                      **
 **   ##     ##                       ##            ######                    **
 **   ##     ##  ##   ##  ##   #####  ##  ##   ####   ##    #####    #####    **
 **   ##     ##  ##   ##  ##  ##      ## ##   ##      ##   ##   ##  ##   ##   **
 **   ##  ## ##  ##   ##  ##  ##      ####     ###    ##   ######   ######    **
 **    ##  ###   ##   ##  ##  ##      ## ##      ##   ##   ##       ##        **
 **     #######   #####   ##   #####  ##  ##  ####    ##    #####   ##        **
 **           ##                                                    ##        **
 **                                                                           **
 **                                                ... make the atoms dance   **
 **                                                                           **
 **            Copyright (C) by CP2K developers group (2000-2024)             **
 **                      J. Chem. Phys. 152, 194103 (2020)                    **
 **                                                                           **
 *******************************************************************************


 TOTAL NUMBERS AND MAXIMUM NUMBERS

  Total number of            - Atomic kinds:                                   1
                             - Atoms:                                          2
                             - Shell sets:                                     2
                             - Shells:                                        10
                             - Primitive Cartesian functions:                 12
                             - Cartesian basis functions:                     28
                             - Spherical basis functions:                     26

  Maximum angular momentum of- Orbital basis functions:                        2
                             - Local part of the GTH pseudopotential:          0
                             - Non-local part of the GTH pseudopotential:      2


 SCF PARAMETERS         Density guess:                                   RESTART
                        --------------------------------------------------------
                        max_scf:                                             150
                        max_scf_history:                                       0
                        max_diis:                                              4
                        --------------------------------------------------------
                        eps_scf:                                        1.00E-04
                        eps_scf_history:                                0.00E+00
                        eps_diis:                                       1.00E-01
                        eps_eigval:                                     1.00E-05
                        --------------------------------------------------------
                        level_shift [a.u.]:                             0.000000
                        added MOs                                         8    0
                        --------------------------------------------------------
                        Mixing method:                            BROYDEN_MIXING
                                                charge density mixing in g-space
                        --------------------------------------------------------
                        No outer SCF

 Number of electrons:                                                          8
 Number of occupied orbitals:                                                  4
 Number of molecular orbitals:                                                12

 Number of orbital functions:                                                 26
 Number of independent orbital functions:                                     26

 Extrapolation method: initial_guess

 *** WARNING in qs_initial_guess.F:306 :: User requested to restart the    ***
 *** wavefunction from the file named: aiida-RESTART.kp. This file does    ***
 *** not exist. Please check the existence of the file or change properly  ***
 *** the value of the keyword WFN_RESTART_FILE_NAME. Calculation continues ***
 *** using ATOMIC GUESS.                                                   ***



 SCF WAVEFUNCTION OPTIMIZATION

  Step     Update method      Time    Convergence         Total energy    Change
  ------------------------------------------------------------------------------
     1 NoMix/Diag. 0.30E+00    0.7     0.98990157        -8.0057397859 -8.01E+00
     2 Broy./Diag. 0.30E+00    1.3     0.02356229        -7.7953841811  2.10E-01
     3 Broy./Diag. 0.30E+00    1.2     0.05162727        -7.8346123406 -3.92E-02
     4 Broy./Diag. 0.30E+00    1.2     0.00079495        -7.8773033987 -4.27E-02
     5 Broy./Diag. 0.30E+00    1.2     0.00112719        -7.8674363312  9.87E-03
     6 Broy./Diag. 0.30E+00    1.2     0.00008307        -7.8657938136  1.64E-03

  *** SCF run converged in     6 steps ***


  Electronic density on regular grids:         -7.9999999995        0.0000000005
  Core density on regular grids:                7.9999998827       -0.0000001173
  Total charge density on r-space grids:       -0.0000001169
  Total charge density g-space grids:          -0.0000001169

  Overlap energy of the core charge distribution:               0.00000000002093
  Self energy of the core charge distribution:                -20.51598485628205
  Core Hamiltonian energy:                                      4.39391606951138
  Hartree energy:                                              10.68839106981861
  Exchange-correlation energy:                                 -2.43211609669217

  Total energy:                                                -7.86579381362330

 MO| EIGENVALUES AND OCCUPATION NUMBERS FOR K POINT 1
 MO|
 MO|  Index      Eigenvalue [a.u.]        Eigenvalue [eV]             Occupation
 MO|      1              -0.212876              -5.792644               2.000000
 MO|      2               0.058448               1.590461               2.000000
 MO|      3               0.174488               4.748072               2.000000
 MO|      4               0.174488               4.748072               2.000000
 MO|      5               0.280754               7.639707               0.000000
 MO|      6               0.336004               9.143141               0.000000
 MO|      7               0.336004               9.143141               0.000000
 MO|      8               0.477117              12.983015               0.000000
 MO|      9               0.549365              14.948978               0.000000
 MO|     10               0.549365              14.948978               0.000000
 MO|     11               0.744972              20.271714               0.000000
 MO|     12               0.840825              22.880024               0.000000
 MO| Sum:                                                               8.000000
 MO| E(Fermi):            0.185619 a.u.          5.050937 eV
 MO| Band gap:            0.106266 a.u.          2.891635 eV


 MO| EIGENVALUES AND OCCUPATION NUMBERS FOR K POINT 2
 MO|
 MO|  Index      Eigenvalue [a.u.]        Eigenvalue [eV]             Occupation
 MO|      1              -0.140317              -3.818230               2.000000
 MO|      2              -0.035111              -0.955419               2.000000
 MO|      3               0.071630               1.949140               2.000000
 MO|      4               0.119981               3.264858               2.000000
 MO|      5               0.261274               7.109639               0.000000
 MO|      6               0.388344              10.567374               0.000000
 MO|      7               0.426275              11.599522               0.000000
 MO|      8               0.437686              11.910050               0.000000
 MO|      9               0.624527              16.994254               0.000000
 MO|     10               0.656052              17.852079               0.000000
 MO|     11               0.729239              19.843591               0.000000
 MO|     12               0.753633              20.507407               0.000000
 MO| Sum:                                                               8.000000
 MO| E(Fermi):            0.185619 a.u.          5.050937 eV
 MO| Band gap:            0.141293 a.u.          3.844781 eV


 MO| EIGENVALUES AND OCCUPATION NUMBERS FOR K POINT 3
 MO|
 MO|  Index      Eigenvalue [a.u.]        Eigenvalue [eV]             Occupation
 MO|      1              -0.140317              -3.818230               2.000000
 MO|      2              -0.035111              -0.955419               2.000000
 MO|      3               0.071630               1.949140               2.000000
 MO|      4               0.119981               3.264858               2.000000
 MO|      5               0.261274               7.109639               0.000000
 MO|      6               0.388344              10.567374               0.000000
 MO|      7               0.426275              11.599522               0.000000
 MO|      8               0.437686              11.910050               0.000000
 MO|      9               0.624527              16.994254               0.000000
 MO|     10               0.656052              17.852079               0.000000
 MO|     11               0.729239              19.843591               0.000000
 MO|     12               0.753633              20.507407               0.000000
 MO| Sum:                                                               8.000000
 MO| E(Fermi):            0.185619 a.u.          5.050937 eV
 MO| Band gap:            0.141293 a.u.          3.844781 eV


 MO| EIGENVALUES AND OCCUPATION NUMBERS FOR K POINT 4
 MO|
 MO|  Index      Eigenvalue [a.u.]        Eigenvalue [eV]             Occupation
 MO|      1              -0.140317              -3.818230               2.000000
 MO|      2              -0.035111              -0.955419               2.000000
 MO|      3               0.071630               1.949140               2.000000
 MO|      4               0.119981               3.264858               2.000000
 MO|      5               0.261274               7.109639               0.000000
 MO|      6               0.388344              10.567374               0.000000
 MO|      7               0.426275              11.599522               0.000000
 MO|      8               0.437686              11.910050               0.000000
 MO|      9               0.624527              16.994254               0.000000
 MO|     10               0.656052              17.852079               0.000000
 MO|     11               0.729239              19.843591               0.000000
 MO|     12               0.753633              20.507407               0.000000
 MO| Sum:                                                               8.000000
 MO| E(Fermi):            0.185619 a.u.          5.050937 eV
 MO| Band gap:            0.141293 a.u.          3.844781 eV


 ENERGY| Total FORCE_EVAL ( QS ) energy [a.u.]:               -7.865793813623299

 -------------------------------------------------------------------------------
 -                                                                             -
 -                                DBCSR STATISTICS                             -
 -                                                                             -
 -------------------------------------------------------------------------------
 COUNTER                                    TOTAL       BLAS       SMM       ACC
 flops inhomo. stacks                           0       0.0%      0.0%      0.0%
 flops total                         0.000000E+00       0.0%      0.0%      0.0%
 flops max/rank                      0.000000E+00       0.0%      0.0%      0.0%
 matmuls inhomo. stacks                         0       0.0%      0.0%      0.0%
 matmuls total                                  0       0.0%      0.0%      0.0%
 number of processed stacks                     0       0.0%      0.0%      0.0%
 average stack size                                     0.0       0.0       0.0
 marketing flops                     0.000000E+00
 -------------------------------------------------------------------------------
 -                                                                             -
 -                      DBCSR MESSAGE PASSING PERFORMANCE                      -
 -                                                                             -
 -------------------------------------------------------------------------------
 ROUTINE             CALLS      AVE VOLUME [Bytes]
 MP_Bcast                1                     12.
 MP_Allreduce         2468                      8.
 MP_Alltoall          4416                  27455.
 -------------------------------------------------------------------------------

 -------------------------------------------------------------------------------
 -                                                                             -
 -                                DBM STATISTICS                               -
 -                                                                             -
 -------------------------------------------------------------------------------
    M  x    N  x    K                                          COUNT     PERCENT
 -------------------------------------------------------------------------------

 -------------------------------------------------------------------------------
 -                                                                             -
 -                                GRID STATISTICS                              -
 -                                                                             -
 -------------------------------------------------------------------------------
 LP    KERNEL             BACKEND                              COUNT     PERCENT
 4     collocate general  CPU                                  28140      53.84%
 4     integrate general  CPU                                  24120      46.15%
 0     collocate general  CPU                                      2       0.00%
 -------------------------------------------------------------------------------

 MEMORY| Estimated peak process memory [MiB]                                 351

 -------------------------------------------------------------------------------
 -                                                                             -
 -                         MESSAGE PASSING PERFORMANCE                         -
 -                                                                             -
 -------------------------------------------------------------------------------

 ROUTINE             CALLS      AVE VOLUME [Bytes]
 MP_Group                5
 MP_Bcast              901                 207929.
 MP_Allreduce         1765                     41.
 MP_Sync                82
 MP_Alltoall           190
 MP_SendRecv          2755                   1485.
 MP_ISendRecv         2280                   1384.
 MP_Wait              3078
 MP_comm_split           2
 MP_ISend             1437                    136.
 MP_IRecv             1489                    136.
 -------------------------------------------------------------------------------


 -------------------------------------------------------------------------------
 -                                                                             -
 -                           R E F E R E N C E S                               -
 -                                                                             -
 -------------------------------------------------------------------------------
 
 CP2K version 2024.1, the CP2K developers group (2024).
 CP2K is freely available from https://www.cp2k.org/ .

 Kuehne,Thomas D.; Iannuzzi,Marcella; Del Ben,Mauro;
 Rybkin,Vladimir V.; Seewald,Patrick; Stein,Frederick; Laino,Teodoro;
 Khaliullin,Rustam Z.; Schuett,Ole; Schiffmann,Florian; Golze,Dorothea;
 Wilhelm,Jan; Chulkov,Sergey; Bani-Hashemian,Mohammad Hossein;
 Weber,Valery; Borstnik,Urban; Taillefumier,Mathieu;
 Jakobovits,Alice Shoshana; Lazzaro,Alfio; Pabst,Hans; Mueller,Tiziano;
 Schade,Robert; Guidon,Manuel; Andermatt,Samuel; Holmberg,Nico;
 Schenter,Gregory K.; Hehn,Anna; Bussy,Augustin; Belleflamme,Fabian;
 Tabacchi,Gloria; Gloess,Andreas; Lass,Michael; Bethune,Iain;
 Mundy,Christopher J.; Plessl,Christian; Watkins,Matt;
 VandeVondele,Joost; Krack,Matthias; Hutter,Juerg. 
 The Journal of Chemical Physics, 152 (19), (2020). 
 CP2K: An electronic structure and molecular dynamics software package -
 Quickstep: Efficient and accurate electronic structure calculations.
 https://doi.org/10.1063/5.0007045

 Togo, Atsushi; Tanaka, Isao. arXiv, 1808.01590 (2018). 
 Spglib : a software library for crystal symmetry search.
 https://doi.org/xxx

 Schuett, Ole; Messmer, Peter; Hutter, Juerg; VandeVondele, Joost. 
 Electronic Structure Calculations on Graphics Processing Units, John
 Wiley & Sons, Ltd, 173-190 (2016). 
 GPU-Accelerated Sparse Matrix-Matrix Multiplication for
 Linear Scaling Density Functional Theory.
 https://doi.org/10.1002/9781118670712.ch8

 Heinecke, A; Henry, G; Hutchinson, M; Pabst, H. 
 Proceedings of Intl. Supercomputing Conference, 981-991 (2016). 
 LIBXSMM: Accelerating Small Matrix Multiplications
 by Runtime Code Generation.
 https://doi.org/10.1109/SC.2016.83

 Borstnik, U; VandeVondele, J; Weber, V; Hutter, J. 
 PARALLEL COMPUTING, 40 (5-6), 47-58 (2014). 
 Sparse matrix multiplication: The distributed block-compressed sparse
 row library.
 https://doi.org/10.1016/j.parco.2014.03.012

 Hutter, J; Iannuzzi, M; Schiffmann, F; VandeVondele, J. 
 WIREs Comput Mol Sci., 4 (1), 15-25 (2014). 
 CP2K: atomistic simulations of condensed matter systems.
 https://doi.org/10.1002/wcms.1159

 Marek, A; Blum, V; Johanni, R; Havu, V; Lang, B; Auckenthaler, T;
 Heinecke, A; Bungartz, H; Lederer, H. 
 Journal of Physics: Condensed Matter, 26 (21), (2014). 
 The ELPA library: scalable parallel eigenvalue solutions for
 electronic structure
 theory and computational science.
 https://doi.org/10.1088/0953-8984/26/21/213201

 VandeVondele, J; Hutter, J. 
 JOURNAL OF CHEMICAL PHYSICS, 127 (11), 114105 (2007). 
 Gaussian basis sets for accurate calculations on molecular systems in
 gas and condensed phases.
 https://doi.org/10.1063/1.2770708

 Krack, M. 
 THEORETICAL CHEMISTRY ACCOUNTS, 114 (1-3), 145-152 (2005). 
 Pseudopotentials for H to Kr optimized for gradient-corrected
 exchange-correlation functionals.
 https://doi.org/10.1007/s00214-005-0655-y

 VandeVondele, J; Krack, M; Mohamed, F; Parrinello, M; Chassaing, T;
 Hutter, J. COMPUTER PHYSICS COMMUNICATIONS, 167 (2), 103-128 (2005). 
 QUICKSTEP: Fast and accurate density functional calculations using a
 mixed Gaussian and plane waves approach.
 https://doi.org/10.1016/j.cpc.2004.12.014

 Frigo, M; Johnson, SG. 
 PROCEEDINGS OF THE IEEE, 93 (2), 216-231 (2005). 
 The design and implementation of FFTW3.
 https://doi.org/10.1109/JPROC.2004.840301

 Hartwigsen, C; Goedecker, S; Hutter, J. 
 PHYSICAL REVIEW B, 58 (7), 3641-3662 (1998). 
 Relativistic separable dual-space Gaussian pseudopotentials from H to Rn.
 https://doi.org/10.1103/PhysRevB.58.3641

 Lippert, G; Hutter, J; Parrinello, M. 
 MOLECULAR PHYSICS, 92 (3), 477-487 (1997). 
 A hybrid Gaussian and plane wave density functional scheme.
 https://doi.org/10.1080/002689797170220

 Perdew, JP; Burke, K; Ernzerhof, M. 
 PHYSICAL REVIEW LETTERS, 77 (18), 3865-3868 (1996). 
 Generalized gradient approximation made simple.
 https://doi.org/10.1103/PhysRevLett.77.3865

 Goedecker, S; Teter, M; Hutter, J. 
 PHYSICAL REVIEW B, 54 (3), 1703-1710 (1996). 
 Separable dual-space Gaussian pseudopotentials.
 https://doi.org/10.1103/PhysRevB.54.1703


 -------------------------------------------------------------------------------
 -                                                                             -
 -                                T I M I N G                                  -
 -                                                                             -
 -------------------------------------------------------------------------------
 SUBROUTINE                       CALLS  ASD         SELF TIME        TOTAL TIME
                                MAXIMUM       AVERAGE  MAXIMUM  AVERAGE  MAXIMUM
 CP2K                                 1  1.0    0.038    0.050    8.402    8.403
 qs_energies                          1  2.0    0.007    0.008    8.202    8.202
 scf_env_do_scf                       1  3.0    0.000    0.000    7.497    7.498
 scf_env_do_scf_inner_loop            6  4.0    0.004    0.004    7.497    7.498
 qs_scf_new_mos_kp                    6  5.0    0.002    0.002    3.874    3.911
 do_general_diag_kp                   6  6.0    0.003    0.003    3.872    3.908
 transfer_rs2pw                      29  7.9    0.000    0.000    3.758    3.798
 mp_sendrecv_dv                    2755  9.9    3.751    3.791    3.751    3.791
 transfer_rs2pw_100                   8  8.8    0.004    0.005    3.746    3.790
 qs_rho_update_rho_low                7  5.0    0.000    0.000    3.731    3.731
 calculate_rho_elec                   7  6.0    0.000    0.002    3.731    3.731
 density_rs2pw                        7  7.0    0.000    0.000    3.690    3.729
 grid_collocate_task_list             7  7.0    0.040    3.693    0.040    3.693
 dbcsr_desymmetrize_deep            396  7.2    0.006    0.006    3.635    3.673
 qs_ks_update_qs_env                  6  5.0    0.000    0.000    0.117    3.555
 mp_alltoall_i22                    744  8.4    3.492    3.530    3.492    3.530
 rebuild_ks_matrix                    6  6.0    0.000    0.000    0.084    3.521
 qs_ks_build_kohn_sham_matrix         6  7.0    0.005    0.006    0.084    3.521
 sum_up_and_integrate                 6  8.0    0.000    0.000    0.058    3.495
 integrate_v_rspace                   6  9.0    0.000    0.002    0.057    3.495
 grid_integrate_task_list             6 10.0    0.036    3.473    0.036    3.473
 init_scf_run                         1  3.0    0.000    0.000    0.561    0.562
 scf_env_initial_rho_setup            1  4.0    0.000    0.000    0.561    0.562
 copy_dbcsr_to_fm                   300  6.3    0.002    0.002    0.316    0.317
 write_kpoints_restart                6  5.0    0.000    0.005    0.253    0.254
 dbcsr_complete_redistribute        348  7.6    0.007    0.011    0.206    0.207
 cp_cfm_geeig                        24  7.0    0.000    0.000    0.185    0.185
 -------------------------------------------------------------------------------

 The number of warnings for this run is : 1
 
 -------------------------------------------------------------------------------
  **** **** ******  **  PROGRAM ENDED AT                 2024-07-07 15:59:09.641
 ***** ** ***  *** **   PROGRAM RAN ON                                     c0266
 **    ****   ******    PROGRAM RAN BY                                  nichdsas
 ***** **    ** ** **   PROGRAM PROCESS ID                                806762
  **** **  *******  **  PROGRAM STOPPED IN /scratch-grete/usr/nichdsas/test_pars
                                           er/cp2k-2024.1/eigenvalues_low
