                  _   _     _          ___     
                 (_) | |   (_)        |__ \    
     ___   _ __   _  | |_   _    ___     ) |   
    / __| | '__| | | | __| | |  / __|   / /    
   | (__  | |    | | | |_  | | | (__   / /_    
    \___| |_|    |_|  \__| |_|  \___| |____|   

* CRITIC2: analysis of real-space scalar fields in solids and molecules.
  (c) 1996-2019 A. Otero-de-la-Roza, A. Martin-Pendas, V. Lua~na
  Distributed under GNU GPL v.3 (see COPYING for details)
  Bugs, requests, and rants: aoterodelaroza@gmail.com 
  Website: https://aoterodelaroza.github.io/critic2/
  If you find this software useful, please cite:
  A. Otero-de-la-Roza et al., Comput. Phys. Commun. 185 (2014) 1007-1018.
  A. Otero-de-la-Roza et al., Comput. Phys. Commun. 180 (2009) 157-166.

+ critic2 (development), version 1.0 (git:n/a) 
         host: Linux-3.10.0-514.el7.x86_64
         date: Tue 23 Nov 2021 16:53:27
 compiled dat: /user/pubo1141/software/critic2/1.1_dev/share/critic2
      datadir: /user/pubo1141/software/critic2/1.1_dev/share/critic2
     dic file: /user/pubo1141/software/critic2/1.1_dev/share/critic2/cif/cif_core.dic
...was found?: T
       spglib: 1.13.0
        libxc: <unavailable>

CRITIC2--2022/5/31, 09:53:18.602

critic2:1> %% crystal valence_density.cube

* Crystal structure
  From: valence_density.cube
  Lattice parameters (bohr): 7.605867  7.605867  7.605867
  Lattice parameters (ang): 4.024851  4.024851  4.024851
  Lattice angles (degrees): 60.000  60.000  60.000
  Empirical formula: Na(1) Cl(1) 
  Number of non-equivalent atoms in the unit cell: 2
  Number of atoms in the unit cell: 2
  Number of atomic species: 2
  Number of electrons (with zero atomic charge): 28
  Molar mass (amu, per unit cell): 58.443
  Cell volume (bohr^3): 311.12231
  Cell volume (ang^3): 46.10357
  Density (g/cm^3): 2.105
  Space group (H-M): Fm-3m (225)

+ List of atomic species: 
# spc = atomic species. Z = atomic number. name = atomic name (symbol).
# Q = charge. ZPSP = pseudopotential charge.
# spc  Z   name    Q   ZPSP
   1  11    Na     0.0  -- 
   2  17    Cl     0.0  -- 

+ List of non-equivalent atoms in the unit cell (cryst. coords.): 
# at = complete list atomic ID. xyz = Cartesian coordinates. spc = atomic species.
# wyck = wyckoff position. name = atomic name (symbol). mult = multiplicity.
# Z = atomic number.
# nat       x              y              z        spc wyck  name   mult  Z 
   1   0.0000000000   0.0000000000   0.0000000000   1    1a   Na     1   11 
   2   0.5000000930   0.5000000930   0.5000000930   2    1b   Cl     1   17 

+ List of atoms in the unit cell (cryst. coords.): 
# at = complete list atomic ID. xyz = Cartesian coordinates. spc = atomic species.
# name = atomic name (symbol). Z = atomic number. nat = non-equivalent atom id.
# mol = molecular fragment.
# at        x              y              z        spc  name    Z  nat mol
   1   0.0000000000   0.0000000000   0.0000000000   1    Na    11   1   1 
   2   0.5000000930   0.5000000930   0.5000000930   2    Cl    17   2   1 

+ Lattice vectors (bohr)
    a:    0.0000000000     5.3781600000     5.3781600000 
    b:    5.3781600000     0.0000000000     5.3781600000 
    c:    5.3781600000     5.3781600000     0.0000000000 

+ List of atoms in Cartesian coordinates (bohr): 
# at = complete list atomic ID. xyz = Cartesian coordinates. spc = atomic species.
# name = atomic name (symbol). Z = atomic number. dnn = nearest-neighbor distance.
# nat = non-equivalent atom id. mol = molecular fragment.
# at         x                y                z         spc  name    Z     dnn     nat mol
   1     0.0000000000     0.0000000000     0.0000000000   1    Na    11    5.3782    1   1 
   2     5.3781610000     5.3781610000     5.3781610000   2    Cl    17    5.3782    2   1 

+ List of symmetry operations (48):
  Operation 1:
     1.000000  0.000000  0.000000  0.000000
     0.000000  1.000000  0.000000  0.000000
     0.000000  0.000000  1.000000  0.000000
  Operation 2:
    -1.000000  0.000000  0.000000  0.000000
     0.000000 -1.000000  0.000000  0.000000
     0.000000  0.000000 -1.000000  0.000000
  Operation 3:
     1.000000  1.000000  1.000000  0.000000
     0.000000  0.000000 -1.000000  0.000000
    -1.000000  0.000000  0.000000  0.000000
  Operation 4:
    -1.000000 -1.000000 -1.000000  0.000000
     0.000000  0.000000  1.000000  0.000000
     1.000000  0.000000  0.000000  0.000000
  Operation 5:
     0.000000  1.000000  0.000000  0.000000
     1.000000  0.000000  0.000000  0.000000
    -1.000000 -1.000000 -1.000000  0.000000
  Operation 6:
     0.000000 -1.000000  0.000000  0.000000
    -1.000000  0.000000  0.000000  0.000000
     1.000000  1.000000  1.000000  0.000000
  Operation 7:
     0.000000  0.000000 -1.000000  0.000000
     1.000000  1.000000  1.000000  0.000000
     0.000000 -1.000000  0.000000  0.000000
  Operation 8:
     0.000000  0.000000  1.000000  0.000000
    -1.000000 -1.000000 -1.000000  0.000000
     0.000000  1.000000  0.000000  0.000000
  Operation 9:
    -1.000000 -1.000000 -1.000000  0.000000
     0.000000  0.000000  1.000000  0.000000
     0.000000  1.000000  0.000000  0.000000
  Operation 10:
     1.000000  1.000000  1.000000  0.000000
     0.000000  0.000000 -1.000000  0.000000
     0.000000 -1.000000  0.000000  0.000000
  Operation 11:
     0.000000 -1.000000  0.000000  0.000000
    -1.000000  0.000000  0.000000  0.000000
     0.000000  0.000000 -1.000000  0.000000
  Operation 12:
     0.000000  1.000000  0.000000  0.000000
     1.000000  0.000000  0.000000  0.000000
     0.000000  0.000000  1.000000  0.000000
  Operation 13:
     0.000000  0.000000  1.000000  0.000000
    -1.000000 -1.000000 -1.000000  0.000000
     1.000000  0.000000  0.000000  0.000000
  Operation 14:
     0.000000  0.000000 -1.000000  0.000000
     1.000000  1.000000  1.000000  0.000000
    -1.000000  0.000000  0.000000  0.000000
  Operation 15:
    -1.000000  0.000000  0.000000  0.000000
     0.000000 -1.000000  0.000000  0.000000
     1.000000  1.000000  1.000000  0.000000
  Operation 16:
     1.000000  0.000000  0.000000  0.000000
     0.000000  1.000000  0.000000  0.000000
    -1.000000 -1.000000 -1.000000  0.000000
  Operation 17:
     0.000000  0.000000  1.000000  0.000000
     1.000000  0.000000  0.000000  0.000000
     0.000000  1.000000  0.000000  0.000000
  Operation 18:
     0.000000  0.000000 -1.000000  0.000000
    -1.000000  0.000000  0.000000  0.000000
     0.000000 -1.000000  0.000000  0.000000
  Operation 19:
    -1.000000  0.000000  0.000000  0.000000
     1.000000  1.000000  1.000000  0.000000
     0.000000  0.000000 -1.000000  0.000000
  Operation 20:
     1.000000  0.000000  0.000000  0.000000
    -1.000000 -1.000000 -1.000000  0.000000
     0.000000  0.000000  1.000000  0.000000
  Operation 21:
    -1.000000 -1.000000 -1.000000  0.000000
     0.000000  1.000000  0.000000  0.000000
     1.000000  0.000000  0.000000  0.000000
  Operation 22:
     1.000000  1.000000  1.000000  0.000000
     0.000000 -1.000000  0.000000  0.000000
    -1.000000  0.000000  0.000000  0.000000
  Operation 23:
     0.000000 -1.000000  0.000000  0.000000
     0.000000  0.000000 -1.000000  0.000000
     1.000000  1.000000  1.000000  0.000000
  Operation 24:
     0.000000  1.000000  0.000000  0.000000
     0.000000  0.000000  1.000000  0.000000
    -1.000000 -1.000000 -1.000000  0.000000
  Operation 25:
     0.000000  1.000000  0.000000  0.000000
    -1.000000 -1.000000 -1.000000  0.000000
     0.000000  0.000000  1.000000  0.000000
  Operation 26:
     0.000000 -1.000000  0.000000  0.000000
     1.000000  1.000000  1.000000  0.000000
     0.000000  0.000000 -1.000000  0.000000
  Operation 27:
     0.000000  0.000000 -1.000000  0.000000
     0.000000 -1.000000  0.000000  0.000000
    -1.000000  0.000000  0.000000  0.000000
  Operation 28:
     0.000000  0.000000  1.000000  0.000000
     0.000000  1.000000  0.000000  0.000000
     1.000000  0.000000  0.000000  0.000000
  Operation 29:
     1.000000  0.000000  0.000000  0.000000
     0.000000  0.000000  1.000000  0.000000
    -1.000000 -1.000000 -1.000000  0.000000
  Operation 30:
    -1.000000  0.000000  0.000000  0.000000
     0.000000  0.000000 -1.000000  0.000000
     1.000000  1.000000  1.000000  0.000000
  Operation 31:
     1.000000  1.000000  1.000000  0.000000
    -1.000000  0.000000  0.000000  0.000000
     0.000000 -1.000000  0.000000  0.000000
  Operation 32:
    -1.000000 -1.000000 -1.000000  0.000000
     1.000000  0.000000  0.000000  0.000000
     0.000000  1.000000  0.000000  0.000000
  Operation 33:
     0.000000  1.000000  0.000000  0.000000
     0.000000  0.000000  1.000000  0.000000
     1.000000  0.000000  0.000000  0.000000
  Operation 34:
     0.000000 -1.000000  0.000000  0.000000
     0.000000  0.000000 -1.000000  0.000000
    -1.000000  0.000000  0.000000  0.000000
  Operation 35:
     0.000000  0.000000 -1.000000  0.000000
    -1.000000  0.000000  0.000000  0.000000
     1.000000  1.000000  1.000000  0.000000
  Operation 36:
     0.000000  0.000000  1.000000  0.000000
     1.000000  0.000000  0.000000  0.000000
    -1.000000 -1.000000 -1.000000  0.000000
  Operation 37:
     1.000000  0.000000  0.000000  0.000000
    -1.000000 -1.000000 -1.000000  0.000000
     0.000000  1.000000  0.000000  0.000000
  Operation 38:
    -1.000000  0.000000  0.000000  0.000000
     1.000000  1.000000  1.000000  0.000000
     0.000000 -1.000000  0.000000  0.000000
  Operation 39:
     1.000000  1.000000  1.000000  0.000000
     0.000000 -1.000000  0.000000  0.000000
     0.000000  0.000000 -1.000000  0.000000
  Operation 40:
    -1.000000 -1.000000 -1.000000  0.000000
     0.000000  1.000000  0.000000  0.000000
     0.000000  0.000000  1.000000  0.000000
  Operation 41:
     0.000000  0.000000  1.000000  0.000000
     0.000000  1.000000  0.000000  0.000000
    -1.000000 -1.000000 -1.000000  0.000000
  Operation 42:
     0.000000  0.000000 -1.000000  0.000000
     0.000000 -1.000000  0.000000  0.000000
     1.000000  1.000000  1.000000  0.000000
  Operation 43:
    -1.000000  0.000000  0.000000  0.000000
     0.000000  0.000000 -1.000000  0.000000
     0.000000 -1.000000  0.000000  0.000000
  Operation 44:
     1.000000  0.000000  0.000000  0.000000
     0.000000  0.000000  1.000000  0.000000
     0.000000  1.000000  0.000000  0.000000
  Operation 45:
    -1.000000 -1.000000 -1.000000  0.000000
     1.000000  0.000000  0.000000  0.000000
     0.000000  0.000000  1.000000  0.000000
  Operation 46:
     1.000000  1.000000  1.000000  0.000000
    -1.000000  0.000000  0.000000  0.000000
     0.000000  0.000000 -1.000000  0.000000
  Operation 47:
     0.000000 -1.000000  0.000000  0.000000
     1.000000  1.000000  1.000000  0.000000
    -1.000000  0.000000  0.000000  0.000000
  Operation 48:
     0.000000  1.000000  0.000000  0.000000
    -1.000000 -1.000000 -1.000000  0.000000
     1.000000  0.000000  0.000000  0.000000

+ List of symmetry operations in crystallographic notation:
# number: operation ... ## order of rotation [axis]; [axis in Cartesian]
     1: x,y,z                          ##  1
     2: -x,-y,-z                       ## -1
     3: x+y+z,-z,-x                    ##  4 [1,1,-1]; [0.000,-0.000,1.000]
     4: -x-y-z,z,x                     ## -4 [1,1,-1]; [0.000,-0.000,1.000]
     5: y,x,-x-y-z                     ##  2 [1,1,-1]; [0.000,0.000,1.000]
     6: -y,-x,x+y+z                    ## -1 [1,1,-1]; [0.000,0.000,1.000]
     7: -z,x+y+z,-y                    ##  4 [1,1,-1]; [0.000,0.000,1.000]
     8: z,-x-y-z,y                     ## -4 [1,1,-1]; [0.000,0.000,1.000]
     9: -x-y-z,z,y                     ##  2 [-1,1,1]; [1.000,0.000,0.000]
    10: x+y+z,-z,-y                    ## -1 [-1,1,1]; [1.000,0.000,0.000]
    11: -y,-x,-z                       ##  2 [1,-1,0]; [-0.707,0.707,0.000]
    12: y,x,z                          ## -1 [-1,1,0]; [0.707,-0.707,0.000]
    13: z,-x-y-z,x                     ##  2 [1,-1,1]; [0.000,1.000,0.000]
    14: -z,x+y+z,-x                    ## -1 [1,-1,1]; [0.000,1.000,0.000]
    15: -x,-y,x+y+z                    ##  2 [0,0,1]; [0.707,0.707,0.000]
    16: x,y,-x-y-z                     ## -1 [0,0,1]; [0.707,0.707,0.000]
    17: z,x,y                          ##  3 [-1,-1,-1]; [-0.577,-0.577,-0.577]
    18: -z,-x,-y                       ## -6 [-1,-1,-1]; [-0.577,-0.577,-0.577]
    19: -x,x+y+z,-z                    ##  2 [0,1,0]; [0.707,0.000,0.707]
    20: x,-x-y-z,z                     ## -1 [0,1,0]; [0.707,0.000,0.707]
    21: -x-y-z,y,x                     ##  3 [-1,3,-1]; [0.577,-0.577,0.577]
    22: x+y+z,-y,-x                    ## -6 [-1,3,-1]; [0.577,-0.577,0.577]
    23: -y,-z,x+y+z                    ##  4 [1,-1,1]; [0.000,1.000,0.000]
    24: y,z,-x-y-z                     ## -4 [1,-1,1]; [0.000,1.000,0.000]
    25: y,-x-y-z,z                     ##  3 [-1,-1,3]; [0.577,0.577,-0.577]
    26: -y,x+y+z,-z                    ## -6 [-1,-1,3]; [0.577,0.577,-0.577]
    27: -z,-y,-x                       ##  2 [1,0,-1]; [-0.707,0.000,0.707]
    28: z,y,x                          ## -1 [-1,0,1]; [0.707,0.000,-0.707]
    29: x,z,-x-y-z                     ##  3 [3,-1,-1]; [-0.577,0.577,0.577]
    30: -x,-z,x+y+z                    ## -6 [3,-1,-1]; [-0.577,0.577,0.577]
    31: x+y+z,-x,-y                    ##  4 [1,-1,1]; [0.000,1.000,-0.000]
    32: -x-y-z,x,y                     ## -4 [1,-1,1]; [0.000,1.000,-0.000]
    33: y,z,x                          ##  3 [-1,-1,-1]; [-0.577,-0.577,-0.577]
    34: -y,-z,-x                       ## -6 [-1,-1,-1]; [-0.577,-0.577,-0.577]
    35: -z,-x,x+y+z                    ##  4 [-1,1,1]; [1.000,-0.000,0.000]
    36: z,x,-x-y-z                     ## -4 [-1,1,1]; [1.000,-0.000,0.000]
    37: x,-x-y-z,y                     ##  3 [3,-1,-1]; [-0.577,0.577,0.577]
    38: -x,x+y+z,-y                    ## -6 [3,-1,-1]; [-0.577,0.577,0.577]
    39: x+y+z,-y,-z                    ##  2 [1,0,0]; [0.000,0.707,0.707]
    40: -x-y-z,y,z                     ## -1 [1,0,0]; [0.000,0.707,0.707]
    41: z,y,-x-y-z                     ##  3 [-1,3,-1]; [0.577,-0.577,0.577]
    42: -z,-y,x+y+z                    ## -6 [-1,3,-1]; [0.577,-0.577,0.577]
    43: -x,-z,-y                       ##  2 [0,-1,1]; [0.000,0.707,-0.707]
    44: x,z,y                          ## -1 [0,1,-1]; [0.000,-0.707,0.707]
    45: -x-y-z,x,z                     ##  3 [-1,-1,3]; [0.577,0.577,-0.577]
    46: x+y+z,-x,-z                    ## -6 [-1,-1,3]; [0.577,0.577,-0.577]
    47: -y,x+y+z,-x                    ##  4 [-1,1,1]; [1.000,0.000,-0.000]
    48: y,-x-y-z,x                     ## -4 [-1,1,1]; [1.000,0.000,-0.000]

+ List of centering vectors (1):
  Vector 1: 0.000000  0.000000  0.000000 

+ Crystal symmetry information
  Space group (Hermann-Mauguin): Fm-3m (number 225)
  Point group (Hermann-Mauguin): m-3m
  Point group (Schoenflies): Oh
  Holohedry: cubic
  Laue class: m-3m

+ Cartesian/crystallographic coordinate transformation matrices:
  A = car to crys (xcrys = A * xcar, bohr^-1)
      -0.0929685989     0.0929685989     0.0929685989 
       0.0929685989    -0.0929685989     0.0929685989 
       0.0929685989     0.0929685989    -0.0929685989 
  B = crys to car (xcar = B * xcrys, bohr)
       0.0000000000     5.3781600000     5.3781600000 
       5.3781600000     0.0000000000     5.3781600000 
       5.3781600000     5.3781600000     0.0000000000 
  G = metric tensor (B'*B, bohr^2)
      57.8492099712    28.9246049856    28.9246049856 
      28.9246049856    57.8492099712    28.9246049856 
      28.9246049856    28.9246049856    57.8492099712 

+ List of fragments in the system (1)
# Id = fragment ID. nat = number of atoms in fragment. C-o-m = center of mass (bohr).
# Discrete = is this fragment finite?
# Id  nat           Center of mass            Discrete  
  1    2      0.696686    0.303314    0.696686   No

+ This is a 3D periodic structure.

+ Atomic environment
  Number of atoms (reduced cell/environment): 2 / 2216
  Radius of (unit cell/environment) circumscribed sphere (bohr): 8.5036 / 71.4506
  Maximum interaction distance (bohr): 35.2473 
  Covering regions: 
    Total number of regions: 512 (8 8 8)
    Minimum region ID: -4 -4 -4
    Maximum region ID: 3 3 3
    Region side (bohr): 12.5478
    Transformation origin (bohr): 2.6891,0.0000,-2.6891
    Search offsets: 2197
    Maximum search offset: 6
    Average number of atoms per region: 4.3281
    Maximum number of atoms in a region: 27

+ Vertex of the WS cell in cryst. coords. (14)
# id = vertex ID. xyz = vertex cryst. coords. d = vertex distance to origin (bohr).
   id       x            y            z          d (bohr)   
    1   -0.250000    -0.250000    -0.250000     4.65762319  
    2    0.250000    -0.750000     0.250000     4.65762319  
    3    0.750000    -0.250000    -0.250000     4.65762319  
    4    0.250000     0.250000    -0.750000     4.65762319  
    5    0.250000     0.250000     0.250000     4.65762319  
    6   -0.250000     0.750000    -0.250000     4.65762319  
    7   -0.250000    -0.250000     0.750000     4.65762319  
    8   -0.750000     0.250000     0.250000     4.65762319  
    9    0.500000    -0.500000    -0.500000     5.37816000  
   10   -0.500000     0.500000     0.500000     5.37816000  
   11    0.500000     0.500000    -0.500000     5.37816000  
   12   -0.500000     0.500000    -0.500000     5.37816000  
   13   -0.500000    -0.500000     0.500000     5.37816000  
   14    0.500000    -0.500000     0.500000     5.37816000  

+ Faces of the WS cell (12)
# Face ID: vertexID1 vertexID2 ...
   1: 14 5  10 7 
   2: 14 2  9  3 
   3: 14 2  13 7 
   4: 14 3  11 5 
   5: 1  13 8  12
   6: 1  9  4  12
   7: 1  9  2  13
   8: 7  13 8  10
   9: 12 6  11 4 
  10: 12 8  10 6 
  11: 3  11 4  9 
  12: 5  11 6  10

+ Lattice vectors for the Wigner-Seitz neighbors
# FaceID: Voronoi lattice vector (cryst. coords.)
   1:  0  0  1
   2:  1 -1  0
   3:  0 -1  1
   4:  1  0  0
   5: -1  0  0
   6:  0  0 -1
   7:  0 -1  0
   8: -1  0  1
   9:  0  1 -1
  10: -1  1  0
  11:  1  0 -1
  12:  0  1  0

+ Lattice vectors for the Delaunay reduced cell (cryst. coords.)
  a: -1  1  0
  b:  0 -1  0
  c:  0  0  1
  Delaunay reduced cell lengths: 7.605867 7.605867 7.605867
  Delaunay reduced cell angles: 120.000 90.000 120.000

+ Is the cell orthogonal? F
+ Is the reduced cell orthogonal? F

* List of scalar fields
+ Field number 0
  Name: <promolecular>
  Source: <generated>
  Type: promolecular
  Atoms in the environment: 2216
  Use core densities? F
  Numerical derivatives? F
  Nuclear CP signature: -3
  Number of non-equivalent critical points: 2
  Number of critical points in the unit cell: 2
  Alias for this field (2): $0, $rho0
  This is the REFERENCE field.

* List of integrable properties (3)
#  Id  Type  Field  Name
    1   v        0  Volume  
    2  fval      0  Pop  
    3  lval      0  Lap  

* List of additional properties at critical points (0)

* List of core and pseudopotential charges for each field
# id  type   core?  ZPSP
  0  promol   no  

critic2:2> %% load valence_density.cube core zpsp Na 9 Cl 7

+ Field number 1
  Source: valence_density.cube
  Type: grid
  Grid dimensions : 60  60  60
  First elements... 3.517000000000E-04  2.291100000000E+00  4.203300000000E+00
  Last elements... 2.575000000000E+00  3.558600000000E+00  4.218200000000E+00
  Sum of elements... 1.110816437995E+04
  Sum of squares of elements... 9.783010290622E+03
  Cell integral (grid SUM) = 15.99998949
  Min: 1.45550000E-05
  Average: 5.14266869E-02
  Max: 4.25860000E+00
  Interpolation mode (1=nearest,2=linear,3=spline,4=tricubic): 4
  Use core densities? T
  Core charges (ZPSP): Na(9), Cl(7)
  Numerical derivatives? F
  Nuclear CP signature: -3
  Number of non-equivalent critical points: 2
  Number of critical points in the unit cell: 2
  Alias for this field (1): $1

* Field number 1 is now REFERENCE.

critic2:3> %% load valence_density.cube

+ Field number 2
  Source: valence_density.cube
  Type: grid
  Grid dimensions : 60  60  60
  First elements... 3.517000000000E-04  2.291100000000E+00  4.203300000000E+00
  Last elements... 2.575000000000E+00  3.558600000000E+00  4.218200000000E+00
  Sum of elements... 1.110816437995E+04
  Sum of squares of elements... 9.783010290622E+03
  Cell integral (grid SUM) = 15.99998949
  Min: 1.45550000E-05
  Average: 5.14266869E-02
  Max: 4.25860000E+00
  Interpolation mode (1=nearest,2=linear,3=spline,4=tricubic): 4
  Use core densities? F
  Numerical derivatives? F
  Nuclear CP signature: -3
  Number of non-equivalent critical points: 2
  Number of critical points in the unit cell: 2
  Alias for this field (1): $2

critic2:4> %% integrable 2

* List of integrable properties (4)
#  Id  Type  Field  Name
    1   v        0  Volume  
    2  fval      1  Pop  
    3  lval      1  Lap  
    4   f        2  $2  

critic2:5> %% yt

* Yu-Trinkle integration 
  Please cite: 
  Min Yu, Dallas Trinkle, J. Chem. Phys. 134 (2011) 064111.
+ Distance atomic assignment (bohr): 1.0000E+40
+ Attractors in YT: 2
+ Attractors after reordering: 2

+ Integrating atomic properties

+ Integrated property (number 1): Volume
+ Integrated property (number 2): Pop
+ Integrated property (number 3): Lap
+ Integrated property (number 4): $2

* List of properties integrated in the attractor basins
+ The "Label" entries will be used to identify the integrable
  in the tables of integrated atomic properties. The entries with
  an "x" will not be integrated.
# id    Label      fid  Field       Additional
  1       Volume    -- Volume       
  2        Pop       1 Field (v)    
  3        Lap       1 Laplcn (v)   
  4         $2       2 Field        

* Key for the interpretation of table headings
# Id = attractor identifier
# cp/at = critical point/atom from the complete CP/atom list
# (lvec) = lattice translation from CP/atom to the main cell's representative
# ncp/nat = critical point/atom from the non-equivalent CP/atom list
# Name = atomic name
# Z = atomic number
# Position = atomic position
# Mol = molecule identifier (see corresponding table above)
# Volume = volume of the reference field basins.
# Pop (population) = the reference field integrated in its own basins.
# Lap = Laplacian of the reference field integrated in the reference field basins.
# $xxx = field xxx integrated in the basins of the reference field.

* List of attractors integrated
# Id   cp   ncp   Name  Z   mult           Position (cryst.) 
  1    1    1      Na   11  --    0.0000000    0.0000000    0.0000000 
  2    2    2      Cl   17  --    0.5000001    0.5000001    0.5000001 

* Integrated atomic properties
# (See key above for interpretation of column headings.)
# Integrable properties 1 to 4
# Id   cp   ncp   Name  Z   mult     Volume            Pop             Lap             $2       
  1    1    1      Na   11  --   6.73255850E+01  8.13163977E+00  1.92028119E-03  8.13163977E+00
  2    2    2      Cl   17  --   2.43796722E+02  7.86834972E+00 -1.92028119E-03  7.86834972E+00
------------------------------------------------------------------------------------------------
  Sum                            3.11122307E+02  1.59999895E+01  2.36410284E-14  1.59999895E+01

critic2:6> 
CRITIC2 ended successfully (0 WARNINGS, 0 COMMENTS)

Elapsed wall time: 1s
Elapsed CPU time: 4s
CRITIC2--2022/5/31, 09:53:19.674
