 DBCSR| CPU Multiplication driver                                           XSMM (U)
 DBCSR| Multrec recursion limit                                              512 (U)
 DBCSR| Multiplication stack size                                           1000 (D)
 DBCSR| Maximum elements for images                                    UNLIMITED (U)
 DBCSR| Multiplicative factor virtual images                                   1 (U)
 DBCSR| Use multiplication densification                                       T (D)
 DBCSR| Multiplication size stacks                                             3 (U)
 DBCSR| Use memory pool for CPU allocation                                     F (U)
 DBCSR| Number of 3D layers                                               SINGLE (U)
 DBCSR| Use MPI memory allocation                                              F (U)
 DBCSR| Use RMA algorithm                                                      F (U)
 DBCSR| Use Communication thread                                               T (U)
 DBCSR| Communication thread load                                             83 (D)
 DBCSR| MPI: My process id                                                     0
 DBCSR| MPI: Number of processes                                              48
 DBCSR| OMP: Current number of threads                                         2
 DBCSR| OMP: Max number of threads                                             2
 DBCSR| Split modifier for TAS multiplication algorithm                  1.0E+00 (U)


  **** **** ******  **  PROGRAM STARTED AT               2025-02-11 10:52:28.000
 ***** ** ***  *** **   PROGRAM STARTED ON                                 c0272
 **    ****   ******    PROGRAM STARTED BY                                u12591
 ***** **    ** ** **   PROGRAM PROCESS ID                                  9475
  **** **  *******  **  PROGRAM STARTED IN /mnt/lustre-grete/usr/u12591/cp2k_par
                                           ser_tests/cp2k-2025.1/eigenvalues_spi
                                           n_pol_no_kpoints_low

 CP2K| version string:                                       CP2K version 2025.1
 CP2K| source code revision number:                                  git:9635df4
 CP2K| cp2kflags: omp libint fftw3 libxc libgrpp parallel scalapack mpi_f08 xsmm
 CP2K|             spglib libdftd4 libvori libbqb hdf5
 CP2K| is freely available from                            https://www.cp2k.org/
 CP2K| Program compiled at                          Tue Jan  7 11:11:50 CET 2025
 CP2K| Program compiled on                                              glogin11
 CP2K| Program compiled for                                                local
 CP2K| Data directory path    /mnt/lustre-grete/usr/u12591/software/cp2k/cp2k-20
 CP2K| Input file name                                                 aiida.inp

 GLOBAL| Force Environment number                                              1
 GLOBAL| Basis set file name                                        BASIS_MOLOPT
 GLOBAL| Potential file name                                      GTH_POTENTIALS
 GLOBAL| MM Potential file name                                     MM_POTENTIAL
 GLOBAL| Coordinate file name                                      __STD_INPUT__
 GLOBAL| Method name                                                        CP2K
 GLOBAL| Project name                                                      aiida
 GLOBAL| Run type                                                         ENERGY
 GLOBAL| FFT library                                                       FFTW3
 GLOBAL| Diagonalization library                                       ScaLAPACK
 GLOBAL| DGEMM library                                                      BLAS
 GLOBAL| Orthonormality check for eigenvectors                          DISABLED
 GLOBAL| Matrix multiplication library                                 ScaLAPACK
 GLOBAL| All-to-all communication in single precision                          F
 GLOBAL| FFTs using library dependent lengths                                  F
 GLOBAL| Grid backend                                                       AUTO
 GLOBAL| Global print level                                                  LOW
 GLOBAL| MPI I/O enabled                                                       T
 GLOBAL| Total number of message passing processes                            48
 GLOBAL| Number of threads for this process                                    2
 GLOBAL| This output is from process                                           0
 GLOBAL| OpenMP stack size per thread (OMP_STACKSIZE)                    default
 GLOBAL| CPU model name                           Intel(R) Xeon(R) Platinum 8468
 GLOBAL| CPUID                                                              1003

 MEMORY| system memory details [Kb]
 MEMORY|                        rank 0           min           max       average
 MEMORY| MemTotal            527928700     527928700     527928700     527928700
 MEMORY| MemFree             516034340     516034340     516034364     516034341
 MEMORY| Buffers                 13452         13452         13452         13452
 MEMORY| Cached                3417144       3417136       3417144       3417143
 MEMORY| Slab                  1133760       1133736       1133760       1133759
 MEMORY| SReclaimable           189596        189596        189596        189596
 MEMORY| MemLikelyFree       519654532     519654532     519654548     519654532


 GENERATE|  Preliminary Number of Bonds generated:                             0
 GENERATE|  Achieved consistency in connectivity generation.

 *******************************************************************************
 *******************************************************************************
 **                                                                           **
 **     #####                         ##              ##                      **
 **    ##   ##            ##          ##              ##                      **
 **   ##     ##                       ##            ######                    **
 **   ##     ##  ##   ##  ##   #####  ##  ##   ####   ##    #####    #####    **
 **   ##     ##  ##   ##  ##  ##      ## ##   ##      ##   ##   ##  ##   ##   **
 **   ##  ## ##  ##   ##  ##  ##      ####     ###    ##   ######   ######    **
 **    ##  ###   ##   ##  ##  ##      ## ##      ##   ##   ##       ##        **
 **     #######   #####   ##   #####  ##  ##  ####    ##    #####   ##        **
 **           ##                                                    ##        **
 **                                                                           **
 **                                                ... make the atoms dance   **
 **                                                                           **
 **            Copyright (C) by CP2K developers group (2000-2025)             **
 **                      J. Chem. Phys. 152, 194103 (2020)                    **
 **                                                                           **
 *******************************************************************************


 TOTAL NUMBERS AND MAXIMUM NUMBERS

  Total number of            - Atomic kinds:                                   1
                             - Atoms:                                          2
                             - Shell sets:                                     2
                             - Shells:                                        10
                             - Primitive Cartesian functions:                 12
                             - Cartesian basis functions:                     28
                             - Spherical basis functions:                     26

  Maximum angular momentum of- Orbital basis functions:                        2
                             - Local part of the GTH pseudopotential:          0
                             - Non-local part of the GTH pseudopotential:      2


 SCF PARAMETERS         Density guess:                                   RESTART
                        --------------------------------------------------------
                        max_scf:                                             150
                        max_scf_history:                                       0
                        max_diis:                                              4
                        --------------------------------------------------------
                        eps_scf:                                        1.00E-04
                        eps_scf_history:                                0.00E+00
                        eps_diis:                                       1.00E-01
                        eps_eigval:                                     1.00E-05
                        --------------------------------------------------------
                        level_shift [a.u.]:                             0.000000
                        added MOs                                         8    8
                        --------------------------------------------------------
                        Mixing method:                            BROYDEN_MIXING
                                                charge density mixing in g-space
                        --------------------------------------------------------
                        No outer SCF

 Spin 1

 Number of electrons:                                                          4
 Number of occupied orbitals:                                                  4
 Number of molecular orbitals:                                                12

 Spin 2

 Number of electrons:                                                          4
 Number of occupied orbitals:                                                  4
 Number of molecular orbitals:                                                12

 Number of orbital functions:                                                 26
 Number of independent orbital functions:                                     26

 Extrapolation method: initial_guess

 *** WARNING in qs_initial_guess.F:303 :: User requested to restart the    ***
 *** wavefunction from the file named: aiida-RESTART.wfn. This file does   ***
 *** not exist. Please check the existence of the file or change properly  ***
 *** the value of the keyword WFN_RESTART_FILE_NAME. Calculation continues ***
 *** using ATOMIC GUESS.                                                   ***



 SCF WAVEFUNCTION OPTIMIZATION

  Step     Update method      Time    Convergence         Total energy    Change
  ------------------------------------------------------------------------------
     1 NoMix/Diag. 0.30E+00    0.5     0.75939769        -8.5356942796 -8.54E+00
     2 Broy./Diag. 0.30E+00    0.9     0.01115608        -6.9630676598  1.57E+00
     3 Broy./Diag. 0.30E+00    0.9     0.03084902        -7.1560116857 -1.93E-01
     4 Broy./Diag. 0.30E+00    0.9     0.00064099        -7.2265820622 -7.06E-02
     5 Broy./Diag. 0.30E+00    0.9     0.00084274        -7.2305946949 -4.01E-03
     6 Broy./Diag. 0.30E+00    0.9     0.00001276        -7.2315674178 -9.73E-04

  *** SCF run converged in     6 steps ***


  Electronic density on regular grids:         -8.0000000015       -0.0000000015
  Core density on regular grids:                7.9999998827       -0.0000001173
  Total charge density on r-space grids:       -0.0000001188
  Total charge density g-space grids:          -0.0000001188

  Overlap energy of the core charge distribution:               0.00000000002093
  Self energy of the core charge distribution:                -20.51598485628205
  Core Hamiltonian energy:                                      5.37557182715202
  Hartree energy:                                              10.50719789079602
  Exchange-correlation energy:                                 -2.59835227944222

  Total energy:                                                -7.23156741775530

 MO| ALPHA EIGENVALUES AND OCCUPATION NUMBERS
 MO|
 MO|  Index      Eigenvalue [a.u.]        Eigenvalue [eV]             Occupation
 MO|      1              -0.206834              -5.628235               1.000000
 MO|      2               0.246621               6.710907               1.000000
 MO|      3               0.246621               6.710907               1.000000
 MO|      4               0.246621               6.710907               1.000000
 MO|      5               0.328851               8.948493               0.000000
 MO|      6               0.328851               8.948493               0.000000
 MO|      7               0.328851               8.948493               0.000000
 MO|      8               0.390410              10.623603               0.000000
 MO|      9               0.590248              16.061466               0.000000
 MO|     10               0.590248              16.061466               0.000000
 MO|     11               0.881580              23.989016               0.000000
 MO|     12               0.881580              23.989016               0.000000
 MO| Sum:                                                               4.000000
 MO| E(Fermi):            0.246621 a.u.          6.710907 eV
 MO| Band gap:            0.082230 a.u.          2.237586 eV


 MO| BETA EIGENVALUES AND OCCUPATION NUMBERS
 MO|
 MO|  Index      Eigenvalue [a.u.]        Eigenvalue [eV]             Occupation
 MO|      1              -0.206834              -5.628235               1.000000
 MO|      2               0.246621               6.710907               1.000000
 MO|      3               0.246621               6.710907               1.000000
 MO|      4               0.246621               6.710907               1.000000
 MO|      5               0.328851               8.948493               0.000000
 MO|      6               0.328851               8.948493               0.000000
 MO|      7               0.328851               8.948493               0.000000
 MO|      8               0.390410              10.623603               0.000000
 MO|      9               0.590248              16.061466               0.000000
 MO|     10               0.590248              16.061466               0.000000
 MO|     11               0.881580              23.989016               0.000000
 MO|     12               0.881580              23.989016               0.000000
 MO| Sum:                                                               4.000000
 MO| E(Fermi):            0.246621 a.u.          6.710907 eV
 MO| Band gap:            0.082230 a.u.          2.237586 eV


  Integrated absolute spin density  :                               0.0000000000
  Ideal and single determinant S**2 :                    0.000000       0.000000

 ENERGY| Total FORCE_EVAL ( QS ) energy [hartree]             -7.231567417755301

 -------------------------------------------------------------------------------
 -                                                                             -
 -                                DBCSR STATISTICS                             -
 -                                                                             -
 -------------------------------------------------------------------------------
 COUNTER                                    TOTAL       BLAS       SMM       ACC
 flops    13 x    12 x    13                16224       0.0%    100.0%      0.0%     
 flops    13 x    13 x    12               146016       0.0%    100.0%      0.0%     
 flops inhomo. stacks                           0       0.0%      0.0%      0.0%
 flops total                       162.240000E+03       0.0%    100.0%      0.0%
 flops max/rank                     97.344000E+03       0.0%    100.0%      0.0%
 matmuls inhomo. stacks                         0       0.0%      0.0%      0.0%
 matmuls total                                 40       0.0%    100.0%      0.0%
 number of processed stacks                    26       0.0%    100.0%      0.0%
 average stack size                                     0.0       1.5       0.0
 marketing flops                    70.304000E+03
 -------------------------------------------------------------------------------
 # multiplications                             13
 max memory usage/rank             195.448832E+06
 # max total images/rank                        3
 # max 3D layers                                1
 # MPI messages exchanged                   12480
 MPI messages size (bytes):
  total size                       486.304000E+03
  min size                           0.000000E+00
  max size                           2.704000E+03
  average size                      38.966667E+00
 MPI breakdown and total messages size (bytes):
             size <=      128               12248                        0
       128 < size <=     8192                 232                   486304
      8192 < size <=    32768                   0                        0
     32768 < size <=   131072                   0                        0
    131072 < size <=  4194304                   0                        0
   4194304 < size <= 16777216                   0                        0
  16777216 < size                               0                        0
 -------------------------------------------------------------------------------

 *** WARNING in dbcsr_mm.F:301 :: Using a non-square number of MPI ranks ***
 *** might lead to poor performance. Used ranks: 48 Suggested: 49 100    ***

 -------------------------------------------------------------------------------
 -                                                                             -
 -                      DBCSR MESSAGE PASSING PERFORMANCE                      -
 -                                                                             -
 -------------------------------------------------------------------------------
 ROUTINE             CALLS      AVE VOLUME [Bytes]
 MP_Bcast                3                     12.
 MP_Allreduce          112                     11.
 MP_Alltoall           376                   6768.
 MP_ISend              596                    175.
 MP_IRecv              572                     70.
 -------------------------------------------------------------------------------

 -------------------------------------------------------------------------------
 -                                                                             -
 -                                DBM STATISTICS                               -
 -                                                                             -
 -------------------------------------------------------------------------------
    M  x    N  x    K                                          COUNT     PERCENT
 -------------------------------------------------------------------------------

 -------------------------------------------------------------------------------
 -                                                                             -
 -                                GRID STATISTICS                              -
 -                                                                             -
 -------------------------------------------------------------------------------
 LP    KERNEL             BACKEND                              COUNT     PERCENT
 4     collocate general  CPU                                  56280      53.85%
 4     integrate general  CPU                                  48240      46.15%
 0     collocate general  CPU                                      2       0.00%
 -------------------------------------------------------------------------------

 MEMORY| Estimated peak process memory [MiB]                                 187

 -------------------------------------------------------------------------------
 -                                                                             -
 -                         MESSAGE PASSING PERFORMANCE                         -
 -                                                                             -
 -------------------------------------------------------------------------------

 ROUTINE             CALLS      AVE VOLUME [Bytes]
 MP_Group                4
 MP_Bcast               49                3814625.
 MP_Allreduce          611                     92.
 MP_Sync               172
 MP_Alltoall           363             1199149067.
 MP_SendRecv          2679                   2871.
 MP_ISendRecv         2256                   2768.
 MP_Wait              2412
 MP_comm_split          12
 MP_ISend              682                    334.
 MP_IRecv              774                    329.
 -------------------------------------------------------------------------------


 -------------------------------------------------------------------------------
 -                                                                             -
 -                           R E F E R E N C E S                               -
 -                                                                             -
 -------------------------------------------------------------------------------
 
 CP2K version 2025.1, the CP2K developers group (2025).
 CP2K is freely available from https://www.cp2k.org/ .
 
 T. D. Kuehne, M. Iannuzzi, M. Del Ben, V. V. Rybkin, P. Seewald, F. Stein, T. 
 Laino, R. Z. Khaliullin, O. Schuett, F. Schiffmann, D. Golze, J. Wilhelm, S. 
 Chulkov, M. H. Bani-Hashemian, V. Weber, U. Borstnik, M. Taillefumier, A. S. 
 Jakobovits, A. Lazzaro, H. Pabst, T. Mueller, R. Schade, M. Guidon, S. 
 Andermatt, N. Holmberg, G. K. Schenter, A. Hehn, A. Bussy, F. Belleflamme, G. 
 Tabacchi, A. Gloess, M. Lass, I. Bethune, C. J. Mundy, C. Plessl, M. Watkins, 
 J. VandeVondele, M. Krack, J. Hutter.
 J. Chem. Phys. 152, 194103 (2020).
 CP2K: An electronic structure and molecular dynamics software package - 
 Quickstep: Efficient and accurate electronic structure calculations.
 https://doi.org/10.1063/5.0007045

 O. Schuett, P. Messmer, J. Hutter, J. VandeVondele.
 Electronic Structure Calculations on Graphics Processing Units, 173-190 (2016).
 GPU-Accelerated Sparse Matrix-Matrix Multiplication for Linear Scaling Density 
 Functional Theory.
 https://doi.org/10.1002/9781118670712.ch8

 A. Heinecke, G. Henry, M. Hutchinson, H. Pabst.
 Proceedings of Intl. Supercomputing Conference, 981-991 (2016).
 LIBXSMM: Accelerating Small Matrix Multiplications by Runtime Code Generation.
 https://doi.org/10.1109/SC.2016.83

 J. Hutter, M. Iannuzzi, F. Schiffmann, J. VandeVondele.
 WIREs Comput Mol Sci. 4, 15-25 (2014).
 CP2K: atomistic simulations of condensed matter systems.
 https://doi.org/10.1002/wcms.1159

 U. Borstnik, J. VandeVondele, V. Weber, J. Hutter.
 Parallel Comput. 40, 47-58 (2014).
 Sparse matrix multiplication: The distributed block-compressed sparse row 
 library.
 https://doi.org/10.1016/j.parco.2014.03.012

 J. VandeVondele, J. Hutter.
 J. Chem. Phys. 127, 114105 (2007).
 Gaussian basis sets for accurate calculations on molecular systems in gas and 
 condensed phases.
 https://doi.org/10.1063/1.2770708

 J. VandeVondele, M. Krack, F. Mohamed, M. Parrinello, T. Chassaing, J. Hutter.
 Comput. Phys. Commun. 167, 103-128 (2005).
 QUICKSTEP: Fast and accurate density functional calculations using a mixed 
 Gaussian and plane waves approach.
 https://doi.org/10.1016/j.cpc.2004.12.014

 M. Krack.
 Theor. Chem. Acc. 114, 145-152 (2005).
 Pseudopotentials for H to Kr optimized for gradient-corrected 
 exchange-correlation functionals.
 https://doi.org/10.1007/s00214-005-0655-y

 M. Frigo, S. G. Johnson.
 Proc. IEEE 93, 216-231 (2005).
 The design and implementation of FFTW3.
 https://doi.org/10.1109/JPROC.2004.840301

 C. Hartwigsen, S. Goedecker, J. Hutter.
 Phys. Rev. B 58, 3641-3662 (1998).
 Relativistic separable dual-space Gaussian pseudopotentials from H to Rn.
 https://doi.org/10.1103/PhysRevB.58.3641

 G. Lippert, J. Hutter, M. Parrinello.
 Mol. Phys. 92, 477-487 (1997).
 A hybrid Gaussian and plane wave density functional scheme.
 https://doi.org/10.1080/002689797170220

 S. Goedecker, M. Teter, J. Hutter.
 Phys. Rev. B 54, 1703-1710 (1996).
 Separable dual-space Gaussian pseudopotentials.
 https://doi.org/10.1103/PhysRevB.54.1703

 J. P. Perdew, K. Burke, M. Ernzerhof.
 Phys. Rev. Lett. 77, 3865-3868 (1996).
 Generalized gradient approximation made simple.
 https://doi.org/10.1103/PhysRevLett.77.3865


 -------------------------------------------------------------------------------
 -                                                                             -
 -                                T I M I N G                                  -
 -                                                                             -
 -------------------------------------------------------------------------------
 SUBROUTINE                       CALLS  ASD         SELF TIME        TOTAL TIME
                                MAXIMUM       AVERAGE  MAXIMUM  AVERAGE  MAXIMUM
 CP2K                                 1  1.0    0.158    0.161    6.134    6.134
 qs_energies                          1  2.0    0.006    0.008    5.858    5.859
 scf_env_do_scf                       1  3.0    0.001    0.001    5.315    5.316
 scf_env_do_scf_inner_loop            6  4.0    0.002    0.003    5.314    5.316
 qs_ks_update_qs_env                  6  5.0    0.000    0.000    1.496    2.816
 rebuild_ks_matrix                    6  6.0    0.000    0.001    1.496    2.816
 qs_ks_build_kohn_sham_matrix         6  7.0    0.004    0.005    1.495    2.815
 qs_rho_update_rho_low                7  5.0    0.000    0.000    2.811    2.811
 calculate_rho_elec                  14  6.0    0.000    0.001    2.811    2.811
 density_rs2pw                       14  7.0    0.001    0.001    2.693    2.809
 transfer_rs2pw                      57  8.0    0.000    0.000    2.691    2.807
 mp_sendrecv_dv                    2679 10.0    2.685    2.802    2.685    2.802
 transfer_rs2pw_100                  15  8.9    0.003    0.003    2.682    2.798
 sum_up_and_integrate                 6  8.0    0.000    0.001    1.467    2.788
 integrate_v_rspace                  12  9.0    0.000    0.000    1.466    2.787
 grid_collocate_task_list            14  7.0    0.117    2.776    0.117    2.776
 grid_integrate_task_list            12 10.0    0.115    2.758    0.115    2.758
 qs_scf_new_mos                       6  5.0    0.001    0.001    1.394    1.452
 fft_wrap_pw1pw2                    219 10.0    0.001    0.001    1.372    1.431
 fft_wrap_pw1pw2_100                141 11.4    0.004    0.005    1.350    1.409
 potential_pw2rs                     12 10.0    0.000    0.001    1.351    1.409
 fft3d_pb                           141 12.4    0.004    0.005    1.344    1.403
 mp_alltoall_z22v                   360 14.2    1.337    1.397    1.337    1.397
 copy_dbcsr_to_fm                    14  6.0    0.000    0.000    1.336    1.396
 mp_alltoall_i22                     54  9.0    1.332    1.396    1.332    1.396
 dbcsr_desymmetrize_deep             14  7.0    0.001    0.004    1.328    1.387
 cube_transpose_2                   105 12.7    0.001    0.001    0.180    1.387
 cube_transpose_4                    63 13.8    0.001    0.002    1.153    1.384
 init_scf_run                         1  3.0    0.000    0.001    0.465    0.466
 scf_env_initial_rho_setup            1  4.0    0.003    0.003    0.449    0.449
 -------------------------------------------------------------------------------

 The number of warnings for this run is : 2
 
 -------------------------------------------------------------------------------
  **** **** ******  **  PROGRAM ENDED AT                 2025-02-11 10:52:35.801
 ***** ** ***  *** **   PROGRAM RAN ON                                     c0272
 **    ****   ******    PROGRAM RAN BY                                    u12591
 ***** **    ** ** **   PROGRAM PROCESS ID                                  9475
  **** **  *******  **  PROGRAM STOPPED IN /mnt/lustre-grete/usr/u12591/cp2k_par
                                           ser_tests/cp2k-2025.1/eigenvalues_spi
                                           n_pol_no_kpoints_low
