 DBCSR| CPU Multiplication driver                                           XSMM
 DBCSR| Multrec recursion limit                                              512
 DBCSR| Multiplication stack size                                           1000
 DBCSR| Maximum elements for images                                    UNLIMITED
 DBCSR| Multiplicative factor virtual images                                   1
 DBCSR| Use multiplication densification                                       T
 DBCSR| Multiplication size stacks                                             3
 DBCSR| Use memory pool for CPU allocation                                     F
 DBCSR| Number of 3D layers                                               SINGLE
 DBCSR| Use MPI memory allocation                                              F
 DBCSR| Use RMA algorithm                                                      F
 DBCSR| Use Communication thread                                               T
 DBCSR| Communication thread load                                             83
 DBCSR| MPI: My node id                                                        0
 DBCSR| MPI: Number of nodes                                                  12
 DBCSR| OMP: Current number of threads                                         2
 DBCSR| OMP: Max number of threads                                             2
 DBCSR| Split modifier for TAS multiplication algorithm                  1.0E+00


  **** **** ******  **  PROGRAM STARTED AT               2021-06-04 08:41:19.552
 ***** ** ***  *** **   PROGRAM STARTED ON                               mpcl003
 **    ****   ******    PROGRAM STARTED BY                              pubo1141
 ***** **    ** ** **   PROGRAM PROCESS ID                                  6144
  **** **  *******  **  PROGRAM STARTED IN /user/pubo1141/simulations/aiida_test
                                           s/cp2k_8.2/need_lsd_medium

 CP2K| version string:                                          CP2K version 8.2
 CP2K| source code revision number:                                  git:310b7ab
 CP2K| cp2kflags: omp libint fftw3 libxc parallel mpi3 scalapack xsmm spglib mkl
 CP2K|             libvori libbqb
 CP2K| is freely available from                            https://www.cp2k.org/
 CP2K| Program compiled at                         Mon May 31 14:14:56 CEST 2021
 CP2K| Program compiled on                                               hpcl003
 CP2K| Program compiled for                                        carl-mkl-ompi
 CP2K| Data directory path            /user/pubo1141/software/cp2k/cp2k-8.2/data
 CP2K| Input file name                                                 aiida.inp

 GLOBAL| Force Environment number                                              1
 GLOBAL| Basis set file name                                    BASIS_MOLOPT_UCL
 GLOBAL| Potential file name                                      GTH_POTENTIALS
 GLOBAL| MM Potential file name                                     MM_POTENTIAL
 GLOBAL| Coordinate file name                                   aiida.coords.xyz
 GLOBAL| Method name                                                        CP2K
 GLOBAL| Project name                                                      aiida
 GLOBAL| Run type                                                         ENERGY
 GLOBAL| FFT library                                                       FFTW3
 GLOBAL| Diagonalization library                                       ScaLAPACK
 GLOBAL| Orthonormality check for eigenvectors                          DISABLED
 GLOBAL| Matrix multiplication library                                    SCALAP
 GLOBAL| All-to-all communication in single precision                          F
 GLOBAL| FFTs using library dependent lengths                                  F
 GLOBAL| Grid backend                                                       AUTO
 GLOBAL| Global print level                                               MEDIUM
 GLOBAL| MPI I/O enabled                                                       T
 GLOBAL| Total number of message passing processes                            12
 GLOBAL| Number of threads for this process                                    2
 GLOBAL| This output is from process                                           0
 GLOBAL| CPU model name                Intel(R) Xeon(R) CPU E5-2650 v4 @ 2.20GHz
 GLOBAL| CPUID                                                              1002
 GLOBAL| Compiled for CPUID                                                    0

 *** HINT in environment.F:872 :: The compiler target flags (generic) used ***
 *** to build this binary cannot exploit all extensions of this CPU model  ***
 *** (x86_avx2). Consider compiler target flags as part of FCFLAGS and     ***
 *** CFLAGS (ARCH file).                                                   ***


 MEMORY| system memory details [Kb]
 MEMORY|                        rank 0           min           max       average
 MEMORY| MemTotal            131594208     131594208     131594208     131594208
 MEMORY| MemFree              83305752      83305752      83305752      83305752
 MEMORY| Buffers                 40620         40620         40620         40620
 MEMORY| Cached               37457592      37457592      37457592      37457592
 MEMORY| Slab                  2045144       2045144       2045144       2045144
 MEMORY| SReclaimable           897236        897236        897236        897236
 MEMORY| MemLikelyFree       121701200     121701200     121701200     121701200


 *** Fundamental physical constants (SI units) ***

 *** Literature: B. J. Mohr and B. N. Taylor,
 ***             CODATA recommended values of the fundamental physical
 ***             constants: 2006, Web Version 5.1
 ***             http://physics.nist.gov/constants

 Speed of light in vacuum [m/s]                             2.99792458000000E+08
 Magnetic constant or permeability of vacuum [N/A**2]       1.25663706143592E-06
 Electric constant or permittivity of vacuum [F/m]          8.85418781762039E-12
 Planck constant (h) [J*s]                                  6.62606896000000E-34
 Planck constant (h-bar) [J*s]                              1.05457162825177E-34
 Elementary charge [C]                                      1.60217648700000E-19
 Electron mass [kg]                                         9.10938215000000E-31
 Electron g factor [ ]                                     -2.00231930436220E+00
 Proton mass [kg]                                           1.67262163700000E-27
 Fine-structure constant                                    7.29735253760000E-03
 Rydberg constant [1/m]                                     1.09737315685270E+07
 Avogadro constant [1/mol]                                  6.02214179000000E+23
 Boltzmann constant [J/K]                                   1.38065040000000E-23
 Atomic mass unit [kg]                                      1.66053878200000E-27
 Bohr radius [m]                                            5.29177208590000E-11

 *** Conversion factors ***

 [u] -> [a.u.]                                              1.82288848426455E+03
 [Angstrom] -> [Bohr] = [a.u.]                              1.88972613288564E+00
 [a.u.] = [Bohr] -> [Angstrom]                              5.29177208590000E-01
 [a.u.] -> [s]                                              2.41888432650478E-17
 [a.u.] -> [fs]                                             2.41888432650478E-02
 [a.u.] -> [J]                                              4.35974393937059E-18
 [a.u.] -> [N]                                              8.23872205491840E-08
 [a.u.] -> [K]                                              3.15774647902944E+05
 [a.u.] -> [kJ/mol]                                         2.62549961709828E+03
 [a.u.] -> [kcal/mol]                                       6.27509468713739E+02
 [a.u.] -> [Pa]                                             2.94210107994716E+13
 [a.u.] -> [bar]                                            2.94210107994716E+08
 [a.u.] -> [atm]                                            2.90362800883016E+08
 [a.u.] -> [eV]                                             2.72113838565563E+01
 [a.u.] -> [Hz]                                             6.57968392072181E+15
 [a.u.] -> [1/cm] (wave numbers)                            2.19474631370540E+05
 [a.u./Bohr**2] -> [1/cm]                                   5.14048714338585E+03
 

 CELL_TOP| Volume [angstrom^3]:                                      3335.322637
 CELL_TOP| Vector a [angstrom    16.273     0.000     0.000   |a| =    16.273218
 CELL_TOP| Vector b [angstrom    -5.224    16.834     0.000   |b| =    17.626018
 CELL_TOP| Vector c [angstrom    -4.321     4.615    12.175   |c| =    13.718640
 CELL_TOP| Angle (b,c), alpha [degree]:                                65.504700
 CELL_TOP| Angle (a,c), beta  [degree]:                               108.357962
 CELL_TOP| Angle (a,b), gamma [degree]:                               107.241747
 CELL_TOP| Numerically orthorhombic:                                          NO

 GENERATE|  Preliminary Number of Bonds generated:                             0
 GENERATE|  Achieved consistency in connectivity generation.

 CELL| Volume [angstrom^3]:                                          3335.322637
 CELL| Vector a [angstrom]:      16.273     0.000     0.000   |a| =    16.273218
 CELL| Vector b [angstrom]:      -5.224    16.834     0.000   |b| =    17.626018
 CELL| Vector c [angstrom]:      -4.321     4.615    12.175   |c| =    13.718640
 CELL| Angle (b,c), alpha [degree]:                                    65.504700
 CELL| Angle (a,c), beta  [degree]:                                   108.357962
 CELL| Angle (a,b), gamma [degree]:                                   107.241747
 CELL| Numerically orthorhombic:                                              NO

 CELL_REF| Volume [angstrom^3]:                                      3335.322637
 CELL_REF| Vector a [angstrom    16.273     0.000     0.000   |a| =    16.273218
 CELL_REF| Vector b [angstrom    -5.224    16.834     0.000   |b| =    17.626018
 CELL_REF| Vector c [angstrom    -4.321     4.615    12.175   |c| =    13.718640
 CELL_REF| Angle (b,c), alpha [degree]:                                65.504700
 CELL_REF| Angle (a,c), beta  [degree]:                               108.357962
 CELL_REF| Angle (a,b), gamma [degree]:                               107.241747
 CELL_REF| Numerically orthorhombic:                                          NO

 *******************************************************************************
                                    Kpoints
 *******************************************************************************
 BRILLOUIN| K-point scheme                                        Monkhorst-Pack
 BRILLOUIN| K-Point grid                                             3    3    5
 BRILLOUIN| Accuracy in Symmetry determination                      0.100000E-05
 BRILLOUIN| K-Point point group symmetrization                               OFF
 BRILLOUIN| Wavefunction type                                            COMPLEX
 BRILLOUIN| List of Kpoints [2 Pi/Bohr]                                       23
 BRILLOUIN| Number           Weight            X              Y              Z
 BRILLOUIN|     1           0.04444       -0.33333       -0.33333       -0.40000
 BRILLOUIN|     2           0.04444       -0.33333       -0.33333       -0.20000
 BRILLOUIN|     3           0.04444       -0.33333       -0.33333        0.00000
 BRILLOUIN|     4           0.04444       -0.33333       -0.33333        0.20000
 BRILLOUIN|     5           0.04444       -0.33333       -0.33333        0.40000
 BRILLOUIN|     6           0.04444       -0.33333        0.00000       -0.40000
 BRILLOUIN|     7           0.04444       -0.33333        0.00000       -0.20000
 BRILLOUIN|     8           0.04444       -0.33333        0.00000        0.00000
 BRILLOUIN|     9           0.04444       -0.33333        0.00000        0.20000
 BRILLOUIN|    10           0.04444       -0.33333        0.00000        0.40000
 BRILLOUIN|    11           0.04444       -0.33333        0.33333       -0.40000
 BRILLOUIN|    12           0.04444       -0.33333        0.33333       -0.20000
 BRILLOUIN|    13           0.04444       -0.33333        0.33333        0.00000
 BRILLOUIN|    14           0.04444       -0.33333        0.33333        0.20000
 BRILLOUIN|    15           0.04444       -0.33333        0.33333        0.40000
 BRILLOUIN|    16           0.04444        0.00000       -0.33333       -0.40000
 BRILLOUIN|    17           0.04444        0.00000       -0.33333       -0.20000
 BRILLOUIN|    18           0.04444        0.00000       -0.33333        0.00000
 BRILLOUIN|    19           0.04444        0.00000       -0.33333        0.20000
 BRILLOUIN|    20           0.04444        0.00000       -0.33333        0.40000
 BRILLOUIN|    21           0.04444        0.00000        0.00000       -0.40000
 BRILLOUIN|    22           0.04444        0.00000        0.00000       -0.20000
 BRILLOUIN|    23           0.02222        0.00000        0.00000        0.00000
 *******************************************************************************

 *******************************************************************************
 *******************************************************************************
 **                                                                           **
 **     #####                         ##              ##                      **
 **    ##   ##            ##          ##              ##                      **
 **   ##     ##                       ##            ######                    **
 **   ##     ##  ##   ##  ##   #####  ##  ##   ####   ##    #####    #####    **
 **   ##     ##  ##   ##  ##  ##      ## ##   ##      ##   ##   ##  ##   ##   **
 **   ##  ## ##  ##   ##  ##  ##      ####     ###    ##   ######   ######    **
 **    ##  ###   ##   ##  ##  ##      ## ##      ##   ##   ##       ##        **
 **     #######   #####   ##   #####  ##  ##  ####    ##    #####   ##        **
 **           ##                                                    ##        **
 **                                                                           **
 **                                                ... make the atoms dance   **
 **                                                                           **
 **            Copyright (C) by CP2K developers group (2000-2021)             **
 **                      J. Chem. Phys. 152, 194103 (2020)                    **
 **                                                                           **
 *******************************************************************************

 *******************************************************************************
 *   ___                                                                       *
 *  /   \                                                                      *
 * [ABORT]                                                                     *
 *  \___/            Use the LSD option for an odd number of electrons         *
 *    |                                                                        *
 *  O/|                                                                        *
 * /| |                                                                        *
 * / \                                                   qs_environment.F:1305 *
 *******************************************************************************


 ===== Routine Calling Stack ===== 

            2 qs_init_subsys
            1 CP2K
--------------------------------------------------------------------------
MPI_ABORT was invoked on rank 0 in communicator MPI_COMM_WORLD
with errorcode 1.

NOTE: invoking MPI_ABORT causes Open MPI to kill all MPI processes.
You may or may not see output from other processes, depending on
exactly when Open MPI kills them.
--------------------------------------------------------------------------
In: PMI_Abort(1, N/A)
srun: Job step aborted: Waiting up to 32 seconds for job step to finish.
slurmstepd: error: *** STEP 23805217.0 ON mpcl003 CANCELLED AT 2021-06-04T08:41:20 ***
srun: error: mpcl003: tasks 0,9: Killed
srun: error: mpcl003: tasks 1-8,10-11: Killed
