 DBCSR| CPU Multiplication driver                                           BLAS
 DBCSR| Multrec recursion limit                                              512
 DBCSR| Multiplication stack size                                           1000
 DBCSR| Maximum elements for images                                    UNLIMITED
 DBCSR| Multiplicative factor virtual images                                   1
 DBCSR| Use multiplication densification                                       T
 DBCSR| Multiplication size stacks                                             3
 DBCSR| Use memory pool for CPU allocation                                     F
 DBCSR| Number of 3D layers                                               SINGLE
 DBCSR| Use MPI memory allocation                                              F
 DBCSR| Use RMA algorithm                                                      F
 DBCSR| Use Communication thread                                               T
 DBCSR| Communication thread load                                             87
 DBCSR| MPI: My node id                                                        0
 DBCSR| MPI: Number of nodes                                                   4
 DBCSR| OMP: Current number of threads                                         1
 DBCSR| OMP: Max number of threads                                             1
 DBCSR| Split modifier for TAS multiplication algorithm                  1.0E+00


  **** **** ******  **  PROGRAM STARTED AT               2022-07-08 13:22:36.305
 ***** ** ***  *** **   PROGRAM STARTED ON                               quechua
 **    ****   ******    PROGRAM STARTED BY                                holger
 ***** **    ** ** **   PROGRAM PROCESS ID                                 33676
  **** **  *******  **  PROGRAM STARTED IN /home/holger/studienunterlagen/phd2/s
                                           imulations/aiida_tests/5f/6a/4331-2c7
                                           0-4a11-9e3a-d043314665ca

 CP2K| version string:                                          CP2K version 9.1
 CP2K| source code revision number:                                  git:d8d7100
 CP2K| cp2kflags: omp parallel mpi3 scalapack                                   
 CP2K| is freely available from                            https://www.cp2k.org/
 CP2K| Program compiled at                           So 9. Jan 06:59:17 CET 2022
 CP2K| Program compiled on                                               quechua
 CP2K| Program compiled for                                            localhost
 CP2K| Data directory path    /home/holger/studienunterlagen/phd2/software/cp2k/
 CP2K| Input file name                                                  aiida.in

 GLOBAL| Force Environment number                                              1
 GLOBAL| Basis set file name                                    BASIS_MOLOPT_UCL
 GLOBAL| Potential file name                                      GTH_POTENTIALS
 GLOBAL| MM Potential file name                                     MM_POTENTIAL
 GLOBAL| Coordinate file name                                   aiida.coords.xyz
 GLOBAL| Method name                                                        CP2K
 GLOBAL| Project name                                                      aiida
 GLOBAL| Run type                                                         ENERGY
 GLOBAL| FFT library                                                       FFTW3
 GLOBAL| Diagonalization library                                       ScaLAPACK
 GLOBAL| Orthonormality check for eigenvectors                          DISABLED
 GLOBAL| Matrix multiplication library                                 ScaLAPACK
 GLOBAL| All-to-all communication in single precision                          F
 GLOBAL| FFTs using library dependent lengths                                  F
 GLOBAL| Grid backend                                                       AUTO
 GLOBAL| Global print level                                                  LOW
 GLOBAL| MPI I/O enabled                                                       T
 GLOBAL| Total number of message passing processes                             4
 GLOBAL| Number of threads for this process                                    1
 GLOBAL| This output is from process                                           0
 GLOBAL| Stack size for threads created by OpenMP (OMP_STACKSIZE)        default
 GLOBAL| CPU model name                 Intel(R) Core(TM) i5-7500T CPU @ 2.70GHz

 MEMORY| system memory details [Kb]
 MEMORY|                        rank 0           min           max       average
 MEMORY| MemTotal             16164888      16164888      16164888      16164888
 MEMORY| MemFree               5862596       5862596       5862596       5862596
 MEMORY| Buffers               1724208       1724208       1724208       1724208
 MEMORY| Cached                3428340       3428340       3428340       3428340
 MEMORY| Slab                  1080380       1080380       1080380       1080380
 MEMORY| SReclaimable           955100        955100        955100        955100
 MEMORY| MemLikelyFree        11970244      11970244      11970244      11970244


 *** WARNING in environment.F:993 :: FFT library FFTW3 is not available. ***
 *** Trying FFT library FFTSG.                                           ***


 GENERATE|  Preliminary Number of Bonds generated:                             0
 GENERATE|  Achieved consistency in connectivity generation.

 *******************************************************************************
 *******************************************************************************
 **                                                                           **
 **     #####                         ##              ##                      **
 **    ##   ##            ##          ##              ##                      **
 **   ##     ##                       ##            ######                    **
 **   ##     ##  ##   ##  ##   #####  ##  ##   ####   ##    #####    #####    **
 **   ##     ##  ##   ##  ##  ##      ## ##   ##      ##   ##   ##  ##   ##   **
 **   ##  ## ##  ##   ##  ##  ##      ####     ###    ##   ######   ######    **
 **    ##  ###   ##   ##  ##  ##      ## ##      ##   ##   ##       ##        **
 **     #######   #####   ##   #####  ##  ##  ####    ##    #####   ##        **
 **           ##                                                    ##        **
 **                                                                           **
 **                                                ... make the atoms dance   **
 **                                                                           **
 **            Copyright (C) by CP2K developers group (2000-2021)             **
 **                      J. Chem. Phys. 152, 194103 (2020)                    **
 **                                                                           **
 *******************************************************************************

 *** WARNING in qs_environment.F:1448 :: More added MOs requested than     ***
 *** available. The full set of unoccupied MOs will be used. Use           ***
 *** 'ADDED_MOS -1' to always use all available MOs and to get rid of this ***
 *** warning.                                                              ***



 TOTAL NUMBERS AND MAXIMUM NUMBERS

  Total number of            - Atomic kinds:                                   2
                             - Atoms:                                          2
                             - Shell sets:                                     2
                             - Shells:                                        10
                             - Primitive Cartesian functions:                 12
                             - Cartesian basis functions:                     28
                             - Spherical basis functions:                     26

  Maximum angular momentum of- Orbital basis functions:                        2
                             - Local part of the GTH pseudopotential:          0
                             - Non-local part of the GTH pseudopotential:      2


 SCF PARAMETERS         Density guess:                                    ATOMIC
                        --------------------------------------------------------
                        max_scf:                                              50
                        max_scf_history:                                       0
                        max_diis:                                              4
                        --------------------------------------------------------
                        eps_scf:                                        1.00E-05
                        eps_scf_history:                                0.00E+00
                        eps_diis:                                       1.00E-01
                        eps_eigval:                                     1.00E-05
                        --------------------------------------------------------
                        level_shift [a.u.]:                                 0.00
                        added MOs                                        22    0
                        --------------------------------------------------------
                        Mixing method:                            BROYDEN_MIXING
                                                charge density mixing in g-space
                        --------------------------------------------------------
                        No outer SCF

 Number of electrons:                                                          8
 Number of occupied orbitals:                                                  4
 Number of molecular orbitals:                                                26

 Number of orbital functions:                                                 26
 Number of independent orbital functions:                                     26

 Extrapolation method: initial_guess


 SCF WAVEFUNCTION OPTIMIZATION

  Step     Update method      Time    Convergence         Total energy    Change
  ------------------------------------------------------------------------------
     1 NoMix/Diag. 0.50E+00    0.5     1.51879487        -8.5356851694 -8.54E+00
     2 Broy./Diag. 0.50E+00    0.8     0.03759233        -7.0089093371  1.53E+00
     3 Broy./Diag. 0.50E+00    0.9     0.04720380        -7.1753132751 -1.66E-01
     4 Broy./Diag. 0.50E+00    0.8     0.00168079        -7.2293815156 -5.41E-02
     5 Broy./Diag. 0.50E+00    0.9     0.00059240        -7.2312650924 -1.88E-03
     6 Broy./Diag. 0.50E+00    0.8     0.00002784        -7.2314606269 -1.96E-04
     7 Broy./Diag. 0.50E+00    0.9     0.00001023        -7.2314285772  3.20E-05
     8 Broy./Diag. 0.50E+00    0.9     0.00000076        -7.2314446800 -1.61E-05

  *** SCF run converged in     8 steps ***


  Electronic density on regular grids:         -8.0000000000       -0.0000000000
  Core density on regular grids:                7.9999999984       -0.0000000016
  Total charge density on r-space grids:       -0.0000000016
  Total charge density g-space grids:          -0.0000000016

  Overlap energy of the core charge distribution:               0.00000000002093
  Self energy of the core charge distribution:                -20.51598485628205
  Core Hamiltonian energy:                                      5.37510413742138
  Hartree energy:                                              10.50785408683639
  Exchange-correlation energy:                                 -2.59841804798407

  Total energy:                                                -7.23144467998742

   Calculate PDOS at iteration step                                  0

              ---- PDOS: start iteration on the KS states --- 

 ENERGY| Total FORCE_EVAL ( QS ) energy [a.u.]:               -7.231444679987417

 -------------------------------------------------------------------------------
 -                                                                             -
 -                                DBCSR STATISTICS                             -
 -                                                                             -
 -------------------------------------------------------------------------------
 COUNTER                                    TOTAL       BLAS       SMM       ACC
 flops    13 x    13 x    26               210912     100.0%      0.0%      0.0%
 flops inhomo. stacks                           0       0.0%      0.0%      0.0%
 flops total                       210.912000E+03     100.0%      0.0%      0.0%
 flops max/rank                     70.304000E+03     100.0%      0.0%      0.0%
 matmuls inhomo. stacks                         0       0.0%      0.0%      0.0%
 matmuls total                                 24     100.0%      0.0%      0.0%
 number of processed stacks                    24     100.0%      0.0%      0.0%
 average stack size                                     1.0       0.0       0.0
 marketing flops                    43.264000E+03
 -------------------------------------------------------------------------------
 # multiplications                              8
 max memory usage/rank              91.525120E+06
 # max total images/rank                        1
 # max 3D layers                                1
 # MPI messages exchanged                      64
 MPI messages size (bytes):
  total size                        86.528000E+03
  min size                           0.000000E+00
  max size                           2.704000E+03
  average size                       1.352000E+03
 MPI breakdown and total messages size (bytes):
             size <=      128                  32                        0
       128 < size <=     8192                  32                    86528
      8192 < size <=    32768                   0                        0
     32768 < size <=   131072                   0                        0
    131072 < size <=  4194304                   0                        0
   4194304 < size <= 16777216                   0                        0
  16777216 < size                               0                        0
 -------------------------------------------------------------------------------
 -                                                                             -
 -                      DBCSR MESSAGE PASSING PERFORMANCE                      -
 -                                                                             -
 -------------------------------------------------------------------------------
 ROUTINE             CALLS      AVE VOLUME [Bytes]
 MP_Bcast                2                     12.
 MP_Allreduce           78                     12.
 MP_Alltoall           248                    639.
 MP_ISend               64                    720.
 MP_IRecv               64                     41.
 -------------------------------------------------------------------------------

 -------------------------------------------------------------------------------
 -                                                                             -
 -                                GRID STATISTICS                              -
 -                                                                             -
 -------------------------------------------------------------------------------
 LP    KERNEL             BACKEND                              COUNT     PERCENT
 4     collocate general  REF                                  49320      52.94%
 4     integrate general  REF                                  43840      47.06%
 0     collocate general  REF                                      2       0.00%
 -------------------------------------------------------------------------------

 MEMORY| Estimated peak process memory [MiB]                                  88

 -------------------------------------------------------------------------------
 -                                                                             -
 -                         MESSAGE PASSING PERFORMANCE                         -
 -                                                                             -
 -------------------------------------------------------------------------------

 ROUTINE             CALLS      AVE VOLUME [Bytes]
 MP_Group                4
 MP_Bcast               99                7271103.
 MP_Allreduce          419                     94.
 MP_Sync                13
 MP_Alltoall           149                 706198.
 MP_ISendRecv          207                  42229.
 MP_Wait               207
 MP_Recv                 1                   2704.
 -------------------------------------------------------------------------------


 -------------------------------------------------------------------------------
 -                                                                             -
 -                           R E F E R E N C E S                               -
 -                                                                             -
 -------------------------------------------------------------------------------
 
 CP2K version 9.1, the CP2K developers group (2021).
 CP2K is freely available from https://www.cp2k.org/ .

 Kuehne,Thomas D.; Iannuzzi,Marcella; Del Ben,Mauro;
 Rybkin,Vladimir V.; Seewald,Patrick; Stein,Frederick; Laino,Teodoro;
 Khaliullin,Rustam Z.; Schuett,Ole; Schiffmann,Florian; Golze,Dorothea;
 Wilhelm,Jan; Chulkov,Sergey; Bani-Hashemian,Mohammad Hossein;
 Weber,Valery; Borstnik,Urban; Taillefumier,Mathieu;
 Jakobovits,Alice Shoshana; Lazzaro,Alfio; Pabst,Hans; Mueller,Tiziano;
 Schade,Robert; Guidon,Manuel; Andermatt,Samuel; Holmberg,Nico;
 Schenter,Gregory K.; Hehn,Anna; Bussy,Augustin; Belleflamme,Fabian;
 Tabacchi,Gloria; Gloess,Andreas; Lass,Michael; Bethune,Iain;
 Mundy,Christopher J.; Plessl,Christian; Watkins,Matt;
 VandeVondele,Joost; Krack,Matthias; Hutter,Juerg. 
 The Journal of Chemical Physics, 152 (19), (2020). 
 CP2K: An electronic structure and molecular dynamics software package -
 Quickstep: Efficient and accurate electronic structure calculations.
 https://doi.org/10.1063/5.0007045

 Schuett, Ole; Messmer, Peter; Hutter, Juerg; VandeVondele, Joost. 
 Electronic Structure Calculations on Graphics Processing Units, John
 Wiley & Sons, Ltd, 173-190 (2016). 
 GPU-Accelerated Sparse Matrix-Matrix Multiplication for
 Linear Scaling Density Functional Theory.
 https://doi.org/10.1002/9781118670712.ch8

 Borstnik, U; VandeVondele, J; Weber, V; Hutter, J. 
 PARALLEL COMPUTING, 40 (5-6), 47-58 (2014). 
 Sparse matrix multiplication: The distributed block-compressed sparse
 row library.
 https://doi.org/10.1016/j.parco.2014.03.012

 Hutter, J; Iannuzzi, M; Schiffmann, F; VandeVondele, J. 
 WIREs Comput Mol Sci., 4 (1), 15-25 (2014). 
 CP2K: atomistic simulations of condensed matter systems.
 https://doi.org/10.1002/wcms.1159

 VandeVondele, J; Hutter, J. 
 JOURNAL OF CHEMICAL PHYSICS, 127 (11), 114105 (2007). 
 Gaussian basis sets for accurate calculations on molecular systems in
 gas and condensed phases.
 https://doi.org/10.1063/1.2770708

 Krack, M. 
 THEORETICAL CHEMISTRY ACCOUNTS, 114 (1-3), 145-152 (2005). 
 Pseudopotentials for H to Kr optimized for gradient-corrected
 exchange-correlation functionals.
 https://doi.org/10.1007/s00214-005-0655-y

 VandeVondele, J; Krack, M; Mohamed, F; Parrinello, M; Chassaing, T;
 Hutter, J. COMPUTER PHYSICS COMMUNICATIONS, 167 (2), 103-128 (2005). 
 QUICKSTEP: Fast and accurate density functional calculations using a
 mixed Gaussian and plane waves approach.
 https://doi.org/10.1016/j.cpc.2004.12.014

 Frigo, M; Johnson, SG. 
 PROCEEDINGS OF THE IEEE, 93 (2), 216-231 (2005). 
 The design and implementation of FFTW3.
 https://doi.org/10.1109/JPROC.2004.840301

 Hartwigsen, C; Goedecker, S; Hutter, J. 
 PHYSICAL REVIEW B, 58 (7), 3641-3662 (1998). 
 Relativistic separable dual-space Gaussian pseudopotentials from H to Rn.
 https://doi.org/10.1103/PhysRevB.58.3641

 Lippert, G; Hutter, J; Parrinello, M. 
 MOLECULAR PHYSICS, 92 (3), 477-487 (1997). 
 A hybrid Gaussian and plane wave density functional scheme.
 https://doi.org/10.1080/002689797170220

 Perdew, JP; Burke, K; Ernzerhof, M. 
 PHYSICAL REVIEW LETTERS, 77 (18), 3865-3868 (1996). 
 Generalized gradient approximation made simple.
 https://doi.org/10.1103/PhysRevLett.77.3865

 Goedecker, S; Teter, M; Hutter, J. 
 PHYSICAL REVIEW B, 54 (3), 1703-1710 (1996). 
 Separable dual-space Gaussian pseudopotentials.
 https://doi.org/10.1103/PhysRevB.54.1703


 -------------------------------------------------------------------------------
 -                                                                             -
 -                                T I M I N G                                  -
 -                                                                             -
 -------------------------------------------------------------------------------
 SUBROUTINE                       CALLS  ASD         SELF TIME        TOTAL TIME
                                MAXIMUM       AVERAGE  MAXIMUM  AVERAGE  MAXIMUM
 CP2K                                 1  1.0    0.004    0.008    7.569    7.572
 qs_energies                          1  2.0    0.000    0.000    7.413    7.414
 scf_env_do_scf                       1  3.0    0.000    0.000    6.937    6.937
 scf_env_do_scf_inner_loop            8  4.0    0.000    0.001    6.937    6.937
 rs_pw_transfer                      69  9.4    0.000    0.000    1.111    3.719
 mp_waitall_1                       463 11.9    1.103    3.711    1.103    3.711
 qs_rho_update_rho                    9  5.0    0.000    0.000    3.708    3.709
 calculate_rho_elec                   9  6.0    0.001    0.001    3.708    3.709
 density_rs2pw                        9  7.0    0.000    0.000    1.122    3.705
 rs_pw_transfer_RS2PW_140            10  8.8    0.002    0.002    1.095    3.703
 grid_collocate_task_list             9  7.0    2.583    3.610    2.583    3.610
 qs_ks_update_qs_env                  8  5.0    0.000    0.000    2.503    3.337
 rebuild_ks_matrix                    8  6.0    0.000    0.000    2.503    3.337
 qs_ks_build_kohn_sham_matrix         8  7.0    0.001    0.001    2.503    3.337
 qs_scf_new_mos                       8  5.0    0.000    0.000    1.061    3.327
 copy_dbcsr_to_fm                    10  5.9    0.000    0.000    1.050    3.316
 dbcsr_desymmetrize_deep             10  6.9    0.000    0.000    1.047    3.314
 mp_alltoall_i22                     36  8.8    1.035    3.307    1.035    3.307
 sum_up_and_integrate                 8  8.0    0.000    0.001    2.307    3.141
 integrate_v_rspace                   8  9.0    0.000    0.000    2.307    3.140
 grid_integrate_task_list             8 10.0    2.269    3.103    2.269    3.103
 init_scf_run                         1  3.0    0.000    0.000    0.408    0.408
 scf_env_initial_rho_setup            1  4.0    0.000    0.000    0.407    0.407
 pw_transfer                        165  9.4    0.005    0.005    0.210    0.224
 fft_wrap_pw1pw2                    149 10.4    0.001    0.001    0.204    0.218
 fft_wrap_pw1pw2_140                 98 11.5    0.012    0.016    0.182    0.196
 fft3d_ps                           149 12.4    0.041    0.044    0.174    0.193
 qs_vxc_create                        8  8.0    0.000    0.000    0.173    0.174
 xc_vxc_pw_create                     8  9.0    0.002    0.002    0.173    0.174
 -------------------------------------------------------------------------------

 The number of warnings for this run is : 2
 
 -------------------------------------------------------------------------------
  **** **** ******  **  PROGRAM ENDED AT                 2022-07-08 13:22:44.080
 ***** ** ***  *** **   PROGRAM RAN ON                                   quechua
 **    ****   ******    PROGRAM RAN BY                                    holger
 ***** **    ** ** **   PROGRAM PROCESS ID                                 33676
  **** **  *******  **  PROGRAM STOPPED IN /home/holger/studienunterlagen/phd2/s
                                           imulations/aiida_tests/5f/6a/4331-2c7
                                           0-4a11-9e3a-d043314665ca
