 DBCSR| CPU Multiplication driver                                           XSMM (U)
 DBCSR| Multrec recursion limit                                              512 (U)
 DBCSR| Multiplication stack size                                           1000 (D)
 DBCSR| Maximum elements for images                                    UNLIMITED (U)
 DBCSR| Multiplicative factor virtual images                                   1 (U)
 DBCSR| Use multiplication densification                                       T (D)
 DBCSR| Multiplication size stacks                                             3 (U)
 DBCSR| Use memory pool for CPU allocation                                     F (U)
 DBCSR| Number of 3D layers                                               SINGLE (U)
 DBCSR| Use MPI memory allocation                                              F (U)
 DBCSR| Use RMA algorithm                                                      F (U)
 DBCSR| Use Communication thread                                               T (U)
 DBCSR| Communication thread load                                             87 (D)
 DBCSR| MPI: My process id                                                     0
 DBCSR| MPI: Number of processes                                              96
 DBCSR| OMP: Current number of threads                                         1
 DBCSR| OMP: Max number of threads                                             1
 DBCSR| Split modifier for TAS multiplication algorithm                  1.0E+00 (U)


  **** **** ******  **  PROGRAM STARTED AT               2024-07-08 07:37:56.138
 ***** ** ***  *** **   PROGRAM STARTED ON                                 c0265
 **    ****   ******    PROGRAM STARTED BY                              nichdsas
 ***** **    ** ** **   PROGRAM PROCESS ID                                308562
  **** **  *******  **  PROGRAM STARTED IN /scratch-grete/usr/nichdsas/test_pars
                                           er/cp2k-2024.1/eigenvalues_spin_pol_n
                                           o_kpoints_low

 CP2K| version string:                                       CP2K version 2024.1
 CP2K| source code revision number:                                             
 CP2K| cp2kflags: omp libint fftw3 libxc elpa parallel scalapack xsmm spglib sir
 CP2K|            ius libvori libbqb
 CP2K| is freely available from                            https://www.cp2k.org/
 CP2K| Program compiled at                                   2024-05-28 17:35:28
 CP2K| Program compiled on                                                      
 CP2K| Program compiled for                                               x86_64
 CP2K| Data directory path    /sw/rev/24.05/sapphirerapids_opa_rocky8/linux-rock
 CP2K| Input file name                                                 aiida.inp

 GLOBAL| Force Environment number                                              1
 GLOBAL| Basis set file name                                        BASIS_MOLOPT
 GLOBAL| Potential file name                                      GTH_POTENTIALS
 GLOBAL| MM Potential file name                                     MM_POTENTIAL
 GLOBAL| Coordinate file name                                      __STD_INPUT__
 GLOBAL| Method name                                                        CP2K
 GLOBAL| Project name                                                      aiida
 GLOBAL| Run type                                                         ENERGY
 GLOBAL| FFT library                                                       FFTW3
 GLOBAL| Diagonalization library                                            ELPA
 GLOBAL| DGEMM library                                                      BLAS
 GLOBAL| Minimum number of eigenvectors for ELPA usage                        16
 GLOBAL| Orthonormality check for eigenvectors                          DISABLED
 GLOBAL| Matrix multiplication library                                 ScaLAPACK
 GLOBAL| All-to-all communication in single precision                          F
 GLOBAL| FFTs using library dependent lengths                                  F
 GLOBAL| Grid backend                                                       AUTO
 GLOBAL| Global print level                                                  LOW
 GLOBAL| MPI I/O enabled                                                       T
 GLOBAL| Total number of message passing processes                            96
 GLOBAL| Number of threads for this process                                    1
 GLOBAL| This output is from process                                           0
 GLOBAL| Stack size for threads created by OpenMP (OMP_STACKSIZE)        default
 GLOBAL| CPU model name                           Intel(R) Xeon(R) Platinum 8468
 GLOBAL| CPUID                                                              1003

 MEMORY| system memory details [Kb]
 MEMORY|                        rank 0           min           max       average
 MEMORY| MemTotal            527678176     527678176     527678176     527678176
 MEMORY| MemFree             511564540     511564540     511564540     511564540
 MEMORY| Buffers                  8272          8272          8272          8272
 MEMORY| Cached                3548672       3548672       3548672       3548672
 MEMORY| Slab                  1260544       1260544       1260544       1260544
 MEMORY| SReclaimable           199316        199316        199316        199316
 MEMORY| MemLikelyFree       515320800     515320800     515320800     515320800


 GENERATE|  Preliminary Number of Bonds generated:                             0
 GENERATE|  Achieved consistency in connectivity generation.

 *******************************************************************************
 *******************************************************************************
 **                                                                           **
 **     #####                         ##              ##                      **
 **    ##   ##            ##          ##              ##                      **
 **   ##     ##                       ##            ######                    **
 **   ##     ##  ##   ##  ##   #####  ##  ##   ####   ##    #####    #####    **
 **   ##     ##  ##   ##  ##  ##      ## ##   ##      ##   ##   ##  ##   ##   **
 **   ##  ## ##  ##   ##  ##  ##      ####     ###    ##   ######   ######    **
 **    ##  ###   ##   ##  ##  ##      ## ##      ##   ##   ##       ##        **
 **     #######   #####   ##   #####  ##  ##  ####    ##    #####   ##        **
 **           ##                                                    ##        **
 **                                                                           **
 **                                                ... make the atoms dance   **
 **                                                                           **
 **            Copyright (C) by CP2K developers group (2000-2024)             **
 **                      J. Chem. Phys. 152, 194103 (2020)                    **
 **                                                                           **
 *******************************************************************************


 TOTAL NUMBERS AND MAXIMUM NUMBERS

  Total number of            - Atomic kinds:                                   1
                             - Atoms:                                          2
                             - Shell sets:                                     2
                             - Shells:                                        10
                             - Primitive Cartesian functions:                 12
                             - Cartesian basis functions:                     28
                             - Spherical basis functions:                     26

  Maximum angular momentum of- Orbital basis functions:                        2
                             - Local part of the GTH pseudopotential:          0
                             - Non-local part of the GTH pseudopotential:      2


 SCF PARAMETERS         Density guess:                                   RESTART
                        --------------------------------------------------------
                        max_scf:                                             150
                        max_scf_history:                                       0
                        max_diis:                                              4
                        --------------------------------------------------------
                        eps_scf:                                        1.00E-04
                        eps_scf_history:                                0.00E+00
                        eps_diis:                                       1.00E-01
                        eps_eigval:                                     1.00E-05
                        --------------------------------------------------------
                        level_shift [a.u.]:                             0.000000
                        added MOs                                         8    8
                        --------------------------------------------------------
                        Mixing method:                            BROYDEN_MIXING
                                                charge density mixing in g-space
                        --------------------------------------------------------
                        No outer SCF

 Spin 1

 Number of electrons:                                                          4
 Number of occupied orbitals:                                                  4
 Number of molecular orbitals:                                                12

 Spin 2

 Number of electrons:                                                          4
 Number of occupied orbitals:                                                  4
 Number of molecular orbitals:                                                12

 Number of orbital functions:                                                 26
 Number of independent orbital functions:                                     26

 Extrapolation method: initial_guess

 *** WARNING in qs_initial_guess.F:306 :: User requested to restart the    ***
 *** wavefunction from the file named: aiida-RESTART.wfn. This file does   ***
 *** not exist. Please check the existence of the file or change properly  ***
 *** the value of the keyword WFN_RESTART_FILE_NAME. Calculation continues ***
 *** using ATOMIC GUESS.                                                   ***



 SCF WAVEFUNCTION OPTIMIZATION

  Step     Update method      Time    Convergence         Total energy    Change
  ------------------------------------------------------------------------------
     1 NoMix/Diag. 0.30E+00    1.2     0.75939769        -8.5356942796 -8.54E+00
     2 Broy./Diag. 0.30E+00    2.2     0.01115608        -6.9630676598  1.57E+00
     3 Broy./Diag. 0.30E+00    2.2     0.03084902        -7.1560116857 -1.93E-01
     4 Broy./Diag. 0.30E+00    2.2     0.00064099        -7.2265820622 -7.06E-02
     5 Broy./Diag. 0.30E+00    2.2     0.00084274        -7.2305946949 -4.01E-03
     6 Broy./Diag. 0.30E+00    2.2     0.00001276        -7.2315674178 -9.73E-04

  *** SCF run converged in     6 steps ***


  Electronic density on regular grids:         -8.0000000015       -0.0000000015
  Core density on regular grids:                7.9999998827       -0.0000001173
  Total charge density on r-space grids:       -0.0000001188
  Total charge density g-space grids:          -0.0000001188

  Overlap energy of the core charge distribution:               0.00000000002093
  Self energy of the core charge distribution:                -20.51598485628205
  Core Hamiltonian energy:                                      5.37557182715202
  Hartree energy:                                              10.50719789079602
  Exchange-correlation energy:                                 -2.59835227944222

  Total energy:                                                -7.23156741775530

 MO| ALPHA EIGENVALUES AND OCCUPATION NUMBERS
 MO|
 MO|  Index      Eigenvalue [a.u.]        Eigenvalue [eV]             Occupation
 MO|      1              -0.206834              -5.628235               1.000000
 MO|      2               0.246621               6.710907               1.000000
 MO|      3               0.246621               6.710907               1.000000
 MO|      4               0.246621               6.710907               1.000000
 MO|      5               0.328851               8.948493               0.000000
 MO|      6               0.328851               8.948493               0.000000
 MO|      7               0.328851               8.948493               0.000000
 MO|      8               0.390410              10.623603               0.000000
 MO|      9               0.590248              16.061466               0.000000
 MO|     10               0.590248              16.061466               0.000000
 MO|     11               0.881580              23.989016               0.000000
 MO|     12               0.881580              23.989016               0.000000
 MO| Sum:                                                               4.000000
 MO| E(Fermi):            0.246621 a.u.          6.710907 eV
 MO| Band gap:            0.082230 a.u.          2.237586 eV


 MO| BETA EIGENVALUES AND OCCUPATION NUMBERS
 MO|
 MO|  Index      Eigenvalue [a.u.]        Eigenvalue [eV]             Occupation
 MO|      1              -0.206834              -5.628235               1.000000
 MO|      2               0.246621               6.710907               1.000000
 MO|      3               0.246621               6.710907               1.000000
 MO|      4               0.246621               6.710907               1.000000
 MO|      5               0.328851               8.948493               0.000000
 MO|      6               0.328851               8.948493               0.000000
 MO|      7               0.328851               8.948493               0.000000
 MO|      8               0.390410              10.623603               0.000000
 MO|      9               0.590248              16.061466               0.000000
 MO|     10               0.590248              16.061466               0.000000
 MO|     11               0.881580              23.989016               0.000000
 MO|     12               0.881580              23.989016               0.000000
 MO| Sum:                                                               4.000000
 MO| E(Fermi):            0.246621 a.u.          6.710907 eV
 MO| Band gap:            0.082230 a.u.          2.237586 eV


  Integrated absolute spin density  :                               0.0000000000
  Ideal and single determinant S**2 :                    0.000000       0.000000

 ENERGY| Total FORCE_EVAL ( QS ) energy [a.u.]:               -7.231567417755301

 -------------------------------------------------------------------------------
 -                                                                             -
 -                                DBCSR STATISTICS                             -
 -                                                                             -
 -------------------------------------------------------------------------------
 COUNTER                                    TOTAL       BLAS       SMM       ACC
 flops    13 x    12 x    13                16224       0.0%    100.0%      0.0%
 flops    13 x    13 x    12               146016       0.0%    100.0%      0.0%
 flops inhomo. stacks                           0       0.0%      0.0%      0.0%
 flops total                       162.240000E+03       0.0%    100.0%      0.0%
 flops max/rank                    162.240000E+03       0.0%    100.0%      0.0%
 matmuls inhomo. stacks                         0       0.0%      0.0%      0.0%
 matmuls total                                 40       0.0%    100.0%      0.0%
 number of processed stacks                    14       0.0%    100.0%      0.0%
 average stack size                                     0.0       2.9       0.0
 marketing flops                    70.304000E+03
 -------------------------------------------------------------------------------
 # multiplications                             13
 max memory usage/rank               1.269350E+09
 # max total images/rank                        3
 # max 3D layers                                1
 # MPI messages exchanged                   53664
 MPI messages size (bytes):
  total size                       616.096000E+03
  min size                           0.000000E+00
  max size                           2.704000E+03
  average size                      11.480620E+00
 MPI breakdown and total messages size (bytes):
             size <=      128               53412                        0
       128 < size <=     8192                 252                   616096
      8192 < size <=    32768                   0                        0
     32768 < size <=   131072                   0                        0
    131072 < size <=  4194304                   0                        0
   4194304 < size <= 16777216                   0                        0
  16777216 < size                               0                        0
 -------------------------------------------------------------------------------

 *** WARNING in dbcsr_mm.F:291 :: Using a non-square number of MPI ranks ***
 *** might lead to poor performance. Used ranks: 96 Suggested: 100 196   ***

 -------------------------------------------------------------------------------
 -                                                                             -
 -                      DBCSR MESSAGE PASSING PERFORMANCE                      -
 -                                                                             -
 -------------------------------------------------------------------------------
 ROUTINE             CALLS      AVE VOLUME [Bytes]
 MP_Bcast                3                     12.
 MP_Allreduce          112                     11.
 MP_Alltoall           376                  22908.
 MP_ISend             1170                    120.
 MP_IRecv             1170                     61.
 -------------------------------------------------------------------------------

 -------------------------------------------------------------------------------
 -                                                                             -
 -                                DBM STATISTICS                               -
 -                                                                             -
 -------------------------------------------------------------------------------
    M  x    N  x    K                                          COUNT     PERCENT
 -------------------------------------------------------------------------------

 -------------------------------------------------------------------------------
 -                                                                             -
 -                                GRID STATISTICS                              -
 -                                                                             -
 -------------------------------------------------------------------------------
 LP    KERNEL             BACKEND                              COUNT     PERCENT
 4     collocate general  CPU                                  56280      53.85%
 4     integrate general  CPU                                  48240      46.15%
 0     collocate general  CPU                                      2       0.00%
 -------------------------------------------------------------------------------

 MEMORY| Estimated peak process memory [MiB]                                 283

 -------------------------------------------------------------------------------
 -                                                                             -
 -                         MESSAGE PASSING PERFORMANCE                         -
 -                                                                             -
 -------------------------------------------------------------------------------

 ROUTINE             CALLS      AVE VOLUME [Bytes]
 MP_Group                4
 MP_Bcast               49                3821053.
 MP_Allreduce          611                    100.
 MP_Sync               172
 MP_Alltoall           363
 MP_SendRecv          5415                   1436.
 MP_ISendRecv         4560                   1384.
 MP_Wait              4716
 MP_comm_split          12
 MP_ISend              858                    147.
 MP_IRecv              962                    145.
 -------------------------------------------------------------------------------


 -------------------------------------------------------------------------------
 -                                                                             -
 -                           R E F E R E N C E S                               -
 -                                                                             -
 -------------------------------------------------------------------------------
 
 CP2K version 2024.1, the CP2K developers group (2024).
 CP2K is freely available from https://www.cp2k.org/ .

 Kuehne,Thomas D.; Iannuzzi,Marcella; Del Ben,Mauro;
 Rybkin,Vladimir V.; Seewald,Patrick; Stein,Frederick; Laino,Teodoro;
 Khaliullin,Rustam Z.; Schuett,Ole; Schiffmann,Florian; Golze,Dorothea;
 Wilhelm,Jan; Chulkov,Sergey; Bani-Hashemian,Mohammad Hossein;
 Weber,Valery; Borstnik,Urban; Taillefumier,Mathieu;
 Jakobovits,Alice Shoshana; Lazzaro,Alfio; Pabst,Hans; Mueller,Tiziano;
 Schade,Robert; Guidon,Manuel; Andermatt,Samuel; Holmberg,Nico;
 Schenter,Gregory K.; Hehn,Anna; Bussy,Augustin; Belleflamme,Fabian;
 Tabacchi,Gloria; Gloess,Andreas; Lass,Michael; Bethune,Iain;
 Mundy,Christopher J.; Plessl,Christian; Watkins,Matt;
 VandeVondele,Joost; Krack,Matthias; Hutter,Juerg. 
 The Journal of Chemical Physics, 152 (19), (2020). 
 CP2K: An electronic structure and molecular dynamics software package -
 Quickstep: Efficient and accurate electronic structure calculations.
 https://doi.org/10.1063/5.0007045

 Schuett, Ole; Messmer, Peter; Hutter, Juerg; VandeVondele, Joost. 
 Electronic Structure Calculations on Graphics Processing Units, John
 Wiley & Sons, Ltd, 173-190 (2016). 
 GPU-Accelerated Sparse Matrix-Matrix Multiplication for
 Linear Scaling Density Functional Theory.
 https://doi.org/10.1002/9781118670712.ch8

 Heinecke, A; Henry, G; Hutchinson, M; Pabst, H. 
 Proceedings of Intl. Supercomputing Conference, 981-991 (2016). 
 LIBXSMM: Accelerating Small Matrix Multiplications
 by Runtime Code Generation.
 https://doi.org/10.1109/SC.2016.83

 Borstnik, U; VandeVondele, J; Weber, V; Hutter, J. 
 PARALLEL COMPUTING, 40 (5-6), 47-58 (2014). 
 Sparse matrix multiplication: The distributed block-compressed sparse
 row library.
 https://doi.org/10.1016/j.parco.2014.03.012

 Hutter, J; Iannuzzi, M; Schiffmann, F; VandeVondele, J. 
 WIREs Comput Mol Sci., 4 (1), 15-25 (2014). 
 CP2K: atomistic simulations of condensed matter systems.
 https://doi.org/10.1002/wcms.1159

 Marek, A; Blum, V; Johanni, R; Havu, V; Lang, B; Auckenthaler, T;
 Heinecke, A; Bungartz, H; Lederer, H. 
 Journal of Physics: Condensed Matter, 26 (21), (2014). 
 The ELPA library: scalable parallel eigenvalue solutions for
 electronic structure
 theory and computational science.
 https://doi.org/10.1088/0953-8984/26/21/213201

 VandeVondele, J; Hutter, J. 
 JOURNAL OF CHEMICAL PHYSICS, 127 (11), 114105 (2007). 
 Gaussian basis sets for accurate calculations on molecular systems in
 gas and condensed phases.
 https://doi.org/10.1063/1.2770708

 Krack, M. 
 THEORETICAL CHEMISTRY ACCOUNTS, 114 (1-3), 145-152 (2005). 
 Pseudopotentials for H to Kr optimized for gradient-corrected
 exchange-correlation functionals.
 https://doi.org/10.1007/s00214-005-0655-y

 VandeVondele, J; Krack, M; Mohamed, F; Parrinello, M; Chassaing, T;
 Hutter, J. COMPUTER PHYSICS COMMUNICATIONS, 167 (2), 103-128 (2005). 
 QUICKSTEP: Fast and accurate density functional calculations using a
 mixed Gaussian and plane waves approach.
 https://doi.org/10.1016/j.cpc.2004.12.014

 Frigo, M; Johnson, SG. 
 PROCEEDINGS OF THE IEEE, 93 (2), 216-231 (2005). 
 The design and implementation of FFTW3.
 https://doi.org/10.1109/JPROC.2004.840301

 Hartwigsen, C; Goedecker, S; Hutter, J. 
 PHYSICAL REVIEW B, 58 (7), 3641-3662 (1998). 
 Relativistic separable dual-space Gaussian pseudopotentials from H to Rn.
 https://doi.org/10.1103/PhysRevB.58.3641

 Lippert, G; Hutter, J; Parrinello, M. 
 MOLECULAR PHYSICS, 92 (3), 477-487 (1997). 
 A hybrid Gaussian and plane wave density functional scheme.
 https://doi.org/10.1080/002689797170220

 Perdew, JP; Burke, K; Ernzerhof, M. 
 PHYSICAL REVIEW LETTERS, 77 (18), 3865-3868 (1996). 
 Generalized gradient approximation made simple.
 https://doi.org/10.1103/PhysRevLett.77.3865

 Goedecker, S; Teter, M; Hutter, J. 
 PHYSICAL REVIEW B, 54 (3), 1703-1710 (1996). 
 Separable dual-space Gaussian pseudopotentials.
 https://doi.org/10.1103/PhysRevB.54.1703


 -------------------------------------------------------------------------------
 -                                                                             -
 -                                T I M I N G                                  -
 -                                                                             -
 -------------------------------------------------------------------------------
 SUBROUTINE                       CALLS  ASD         SELF TIME        TOTAL TIME
                                MAXIMUM       AVERAGE  MAXIMUM  AVERAGE  MAXIMUM
 CP2K                                 1  1.0    0.037    0.050   14.659   14.660
 qs_energies                          1  2.0    0.006    0.007   14.463   14.463
 scf_env_do_scf                       1  3.0    0.000    0.000   13.238   13.267
 scf_env_do_scf_inner_loop            6  4.0    0.002    0.003   13.238   13.267
 transfer_rs2pw                      57  8.0    0.000    0.000    7.147    7.222
 mp_sendrecv_dv                    5415 10.0    7.138    7.214    7.138    7.214
 transfer_rs2pw_100                  15  8.9    0.005    0.005    7.127    7.206
 qs_rho_update_rho_low                7  5.0    0.000    0.000    7.178    7.179
 calculate_rho_elec                  14  6.0    0.000    0.000    7.178    7.179
 density_rs2pw                       14  7.0    0.000    0.000    7.102    7.177
 grid_collocate_task_list            14  7.0    0.076    7.119    0.076    7.119
 qs_ks_update_qs_env                  6  5.0    0.000    0.000    3.552    6.960
 rebuild_ks_matrix                    6  6.0    0.000    0.000    3.551    6.960
 qs_ks_build_kohn_sham_matrix         6  7.0    0.004    0.004    3.551    6.960
 sum_up_and_integrate                 6  8.0    0.000    0.000    3.521    6.931
 integrate_v_rspace                  12  9.0    0.000    0.000    3.521    6.930
 grid_integrate_task_list            12 10.0    0.072    6.891    0.072    6.891
 qs_scf_new_mos                       6  5.0    0.001    0.001    3.519    3.555
 pw_transfer                        231 10.0    0.014    0.016    3.466    3.503
 fft_wrap_pw1pw2                    219 11.0    0.000    0.000    3.452    3.491
 potential_pw2rs                     12 10.0    0.000    0.000    3.449    3.485
 copy_dbcsr_to_fm                    14  6.0    0.001    0.001    3.436    3.472
 fft_wrap_pw1pw2_100                141 12.4    0.001    0.001    3.429    3.467
 fft3d_pb                           141 13.4    0.004    0.004    3.428    3.466
 mp_alltoall_z22v                   360 15.2    3.423    3.461    3.423    3.461
 dbcsr_desymmetrize_deep             14  7.0    0.003    0.003    3.421    3.458
 cube_transpose_2                   105 13.7    0.001    0.001    0.400    3.452
 mp_alltoall_i22                     54  9.0    3.412    3.448    3.412    3.448
 cube_transpose_4                    63 14.8    0.000    0.000    3.017    3.448
 init_scf_run                         1  3.0    0.000    0.000    1.085    1.085
 scf_env_initial_rho_setup            1  4.0    0.000    0.001    1.060    1.060
 -------------------------------------------------------------------------------

 The number of warnings for this run is : 2
 
 -------------------------------------------------------------------------------
  **** **** ******  **  PROGRAM ENDED AT                 2024-07-08 07:38:13.731
 ***** ** ***  *** **   PROGRAM RAN ON                                     c0265
 **    ****   ******    PROGRAM RAN BY                                  nichdsas
 ***** **    ** ** **   PROGRAM PROCESS ID                                308562
  **** **  *******  **  PROGRAM STOPPED IN /scratch-grete/usr/nichdsas/test_pars
                                           er/cp2k-2024.1/eigenvalues_spin_pol_n
                                           o_kpoints_low
