 DBCSR| CPU Multiplication driver                                           XSMM
 DBCSR| Multrec recursion limit                                              512
 DBCSR| Multiplication stack size                                           1000
 DBCSR| Maximum elements for images                                    UNLIMITED
 DBCSR| Multiplicative factor virtual images                                   1
 DBCSR| Use multiplication densification                                       T
 DBCSR| Multiplication size stacks                                             3
 DBCSR| Use memory pool for CPU allocation                                     F
 DBCSR| Number of 3D layers                                               SINGLE
 DBCSR| Use MPI memory allocation                                              F
 DBCSR| Use RMA algorithm                                                      F
 DBCSR| Use Communication thread                                               T
 DBCSR| Communication thread load                                             87
 DBCSR| MPI: My node id                                                        0
 DBCSR| MPI: Number of nodes                                                  48
 DBCSR| OMP: Current number of threads                                         1
 DBCSR| OMP: Max number of threads                                             1
 DBCSR| Split modifier for TAS multiplication algorithm                  1.0E+00


  **** **** ******  **  PROGRAM STARTED AT               2024-05-26 12:04:25.827
 ***** ** ***  *** **   PROGRAM STARTED ON                               mpcs007
 **    ****   ******    PROGRAM STARTED BY                              pubo1141
 ***** **    ** ** **   PROGRAM PROCESS ID                               3430343
  **** **  *******  **  PROGRAM STARTED IN /fs/dss/work/pubo1141/cp2k_tests/v9.1
                                           _max_steps_reached

 CP2K| version string:                                          CP2K version 9.1
 CP2K| source code revision number:                                  git:d8d7100
 CP2K| cp2kflags: omp libint fftw3 libxc parallel mpi3 scalapack xsmm plumed2 sp
 CP2K|            glib libvori libbqb
 CP2K| is freely available from                            https://www.cp2k.org/
 CP2K| Program compiled at                          Tue Dec 12 13:23:49 CET 2023
 CP2K| Program compiled on                                               mpcb013
 CP2K| Program compiled for                                    Linux-x86-64-foss
 CP2K| Data directory path    /cm/shared/uniol/sw/zen4/13.1/CP2K/9.1-foss-2023a/
 CP2K| Input file name                                                 aiida.inp

 GLOBAL| Force Environment number                                              1
 GLOBAL| Basis set file name                                        BASIS_MOLOPT
 GLOBAL| Potential file name                                      GTH_POTENTIALS
 GLOBAL| MM Potential file name                                     MM_POTENTIAL
 GLOBAL| Coordinate file name                                      __STD_INPUT__
 GLOBAL| Method name                                                        CP2K
 GLOBAL| Project name                                                      aiida
 GLOBAL| Run type                                                       CELL_OPT
 GLOBAL| FFT library                                                       FFTW3
 GLOBAL| Diagonalization library                                       ScaLAPACK
 GLOBAL| Orthonormality check for eigenvectors                          DISABLED
 GLOBAL| Matrix multiplication library                                 ScaLAPACK
 GLOBAL| All-to-all communication in single precision                          F
 GLOBAL| FFTs using library dependent lengths                                  F
 GLOBAL| Grid backend                                                       AUTO
 GLOBAL| Global print level                                                  LOW
 GLOBAL| MPI I/O enabled                                                       T
 GLOBAL| Total number of message passing processes                            48
 GLOBAL| Number of threads for this process                                    1
 GLOBAL| This output is from process                                           0
 GLOBAL| Stack size for threads created by OpenMP (OMP_STACKSIZE)        default
 GLOBAL| CPU model name                          AMD EPYC 9554 64-Core Processor
 GLOBAL| CPUID                                                              1003

 MEMORY| system memory details [Kb]
 MEMORY|                        rank 0           min           max       average
 MEMORY| MemTotal            789885704     789885704     789885704     789885704
 MEMORY| MemFree             725624644     725624644     725624644     725624644
 MEMORY| Buffers                     0             0             0             0
 MEMORY| Cached               22284248      22284248      22284248      22284248
 MEMORY| Slab                  3062172       3062172       3062172       3062172
 MEMORY| SReclaimable           792164        792164        792164        792164
 MEMORY| MemLikelyFree       748701056     748701056     748701056     748701056


 GENERATE|  Preliminary Number of Bonds generated:                             0
 GENERATE|  Achieved consistency in connectivity generation.

 *******************************************************************************
 *******************************************************************************
 **                                                                           **
 **     #####                         ##              ##                      **
 **    ##   ##            ##          ##              ##                      **
 **   ##     ##                       ##            ######                    **
 **   ##     ##  ##   ##  ##   #####  ##  ##   ####   ##    #####    #####    **
 **   ##     ##  ##   ##  ##  ##      ## ##   ##      ##   ##   ##  ##   ##   **
 **   ##  ## ##  ##   ##  ##  ##      ####     ###    ##   ######   ######    **
 **    ##  ###   ##   ##  ##  ##      ## ##      ##   ##   ##       ##        **
 **     #######   #####   ##   #####  ##  ##  ####    ##    #####   ##        **
 **           ##                                                    ##        **
 **                                                                           **
 **                                                ... make the atoms dance   **
 **                                                                           **
 **            Copyright (C) by CP2K developers group (2000-2021)             **
 **                      J. Chem. Phys. 152, 194103 (2020)                    **
 **                                                                           **
 *******************************************************************************


 TOTAL NUMBERS AND MAXIMUM NUMBERS

  Total number of            - Atomic kinds:                                   2
                             - Atoms:                                          4
                             - Shell sets:                                     4
                             - Shells:                                        23
                             - Primitive Cartesian functions:                 23
                             - Cartesian basis functions:                     59
                             - Spherical basis functions:                     55

  Maximum angular momentum of- Orbital basis functions:                        2
                             - Local part of the GTH pseudopotential:          2
                             - Non-local part of the GTH pseudopotential:      4


 SCF PARAMETERS         Density guess:                                   RESTART
                        --------------------------------------------------------
                        max_scf:                                             150
                        max_scf_history:                                       0
                        max_diis:                                              4
                        --------------------------------------------------------
                        eps_scf:                                        1.00E-04
                        eps_scf_history:                                0.00E+00
                        eps_diis:                                       1.00E-01
                        eps_eigval:                                     1.00E-05
                        --------------------------------------------------------
                        level_shift [a.u.]:                                 0.00
                        --------------------------------------------------------
                        Mixing method:                            BROYDEN_MIXING
                                                charge density mixing in g-space
                        --------------------------------------------------------
                        No outer SCF

 KPOINTS| Number of kpoint groups                                             16
 KPOINTS| Size of each kpoint group                                            3
 KPOINTS| Number of kpoints per group                                          2

 CELL_OPT| Pressure tolerance [bar]:                                         1.0
 CELL_OPT| Keep angles between the cell vectors:                              NO
 CELL_OPT| Keep cell symmetry:                                                NO
 CELL_OPT| Constraint:                                                      NONE

 BFGS| Use rational function optimization for step estimation:                NO
 BFGS| Use model Hessian for initial guess:                                   NO
 BFGS| Restart Hessian:                                                       NO
 BFGS| Trust radius:                                                       0.472

 *******************************************************************************
 ***                     STARTING   CELL   OPTIMIZATION                      ***
 ***                                   BFGS                                  ***
 *******************************************************************************

 CELL| Volume [angstrom^3]:                                           204.400073
 CELL| Vector a [angstrom]:       6.612     0.000     0.000   |a| =     6.611987
 CELL| Vector b [angstrom]:       3.306     5.726     0.000   |b| =     6.611987
 CELL| Vector c [angstrom]:       3.306     1.909     5.399   |c| =     6.611987
 CELL| Angle (b,c), alpha [degree]:                                    60.000000
 CELL| Angle (a,c), beta  [degree]:                                    60.000000
 CELL| Angle (a,b), gamma [degree]:                                    60.000000
 CELL| Numerically orthorhombic:                                              NO

 Number of electrons:                                                         32
 Number of occupied orbitals:                                                 16
 Number of molecular orbitals:                                                16

 Number of orbital functions:                                                 55
 Number of independent orbital functions:                                     55

 Extrapolation method: initial_guess

 *** WARNING in qs_initial_guess.F:309 :: User requested to restart the    ***
 *** wavefunction from the file named: aiida-RESTART.kp. This file does    ***
 *** not exist. Please check the existence of the file or change properly  ***
 *** the value of the keyword WFN_RESTART_FILE_NAME. Calculation continues ***
 *** using ATOMIC GUESS.                                                   ***



 SCF WAVEFUNCTION OPTIMIZATION

  Step     Update method      Time    Convergence         Total energy    Change
  ------------------------------------------------------------------------------
     1 NoMix/Diag. 0.30E+00    0.4     0.67189130       -66.3586357464 -6.64E+01
     2 Broy./Diag. 0.30E+00    0.4     0.17882655       -66.1732984538  1.85E-01
     3 Broy./Diag. 0.30E+00    0.4     0.30212420       -66.1120561287  6.12E-02
     4 Broy./Diag. 0.30E+00   17.0     0.10314316       -66.0396052328  7.25E-02
     5 Broy./Diag. 0.30E+00    4.7     0.07263661       -65.9773953492  6.22E-02
     6 Broy./Diag. 0.30E+00   12.3     0.00869464       -65.9801571152 -2.76E-03
     7 Broy./Diag. 0.30E+00   12.0     0.00556617       -65.9867899352 -6.63E-03
     8 Broy./Diag. 0.30E+00    5.1     0.00032478       -65.9877896992 -1.00E-03
     9 Broy./Diag. 0.30E+00    1.7     0.00025348       -65.9872421704  5.48E-04
    10 Broy./Diag. 0.30E+00    6.8     0.00000698       -65.9870636557  1.79E-04

  *** SCF run converged in    10 steps ***


  Electronic density on regular grids:        -31.9999999948        0.0000000052
  Core density on regular grids:               31.9999994881       -0.0000005119
  Total charge density on r-space grids:       -0.0000005066
  Total charge density g-space grids:          -0.0000005066

  Overlap energy of the core charge distribution:               0.00000000000000
  Self energy of the core charge distribution:               -138.89582544120611
  Core Hamiltonian energy:                                     27.22305865194858
  Hartree energy:                                              56.70225640899466
  Exchange-correlation energy:                                -11.01655327543128

  Total energy:                                               -65.98706365569416

 ENERGY| Total FORCE_EVAL ( QS ) energy [a.u.]:              -65.987063970863304

 --------  Informations at step =     0 ------------
  Optimization Method        =                 BFGS
  Total Energy               =       -65.9870639709
  Internal Pressure [bar]    =      1407.5938745679
  Used time                  =               99.161
 ---------------------------------------------------

 --------------------------
 OPTIMIZATION STEP:      1
 --------------------------

 CELL| Volume [angstrom^3]:                                           204.433884
 CELL| Vector a [angstrom]:       6.612     0.000     0.000   |a| =     6.612271
 CELL| Vector b [angstrom]:       3.306     5.726     0.000   |b| =     6.612274
 CELL| Vector c [angstrom]:       3.306     1.909     5.399   |c| =     6.612274
 CELL| Angle (b,c), alpha [degree]:                                    60.001888
 CELL| Angle (a,c), beta  [degree]:                                    60.001414
 CELL| Angle (a,b), gamma [degree]:                                    60.001414
 CELL| Numerically orthorhombic:                                              NO

 Number of electrons:                                                         32
 Number of occupied orbitals:                                                 16
 Number of molecular orbitals:                                                16

 Number of orbital functions:                                                 55
 Number of independent orbital functions:                                     55

 Extrapolation method: initial_guess


 SCF WAVEFUNCTION OPTIMIZATION

  Step     Update method      Time    Convergence         Total energy    Change
  ------------------------------------------------------------------------------
     1 Broy./Diag. 0.30E+00   34.4     1.44229797       -66.3632083671 -6.64E+01
     2 Broy./Diag. 0.30E+00   15.1     0.83085644       -66.7898367411 -4.27E-01
     3 Broy./Diag. 0.30E+00    0.9     0.38596392       -66.3766143966  4.13E-01
     4 Broy./Diag. 0.30E+00    2.5     0.06050568       -65.9970456474  3.80E-01
     5 Broy./Diag. 0.30E+00    0.4     0.03858035       -65.9314554200  6.56E-02
     6 Broy./Diag. 0.30E+00    0.9     0.00891794       -65.9706562037 -3.92E-02
     7 Broy./Diag. 0.30E+00    1.2     0.00193520       -65.9860906608 -1.54E-02
     8 Broy./Diag. 0.30E+00    1.3     0.00065333       -65.9875824012 -1.49E-03
     9 Broy./Diag. 0.30E+00   26.8     0.00006695       -65.9873389351  2.43E-04

  *** SCF run converged in     9 steps ***


  Electronic density on regular grids:        -31.9999898783        0.0000101217
  Core density on regular grids:               31.9999994892       -0.0000005108
  Total charge density on r-space grids:        0.0000096109
  Total charge density g-space grids:           0.0000096109

  Overlap energy of the core charge distribution:               0.00000000000000
  Self energy of the core charge distribution:               -138.89582544120611
  Core Hamiltonian energy:                                     27.22275912344080
  Hartree energy:                                              56.70220022668446
  Exchange-correlation energy:                                -11.01647284404771

  Total energy:                                               -65.98733893512858

 ENERGY| Total FORCE_EVAL ( QS ) energy [a.u.]:              -65.987065055552051

 --------  Informations at step =     1 ------------
  Optimization Method        =                 BFGS
  Total Energy               =       -65.9870650556
  Internal Pressure [bar]    =      1391.5823882574
  Real energy change         =        -0.0000010847
  Predicted change in energy =        -0.0000005585
  Scaling factor             =         0.0000000000
  Step size                  =         0.0006612580
  Trust radius               =         0.4724315332
  Decrease in energy         =                  YES
  Used time                  =              112.237

  Convergence check :
  Max. step size             =         0.0006612580
  Conv. limit for step size  =         0.0000100000
  Convergence in step size   =                   NO
  RMS step size              =         0.0002491177
  Conv. limit for RMS step   =         0.0000100000
  Convergence in RMS step    =                   NO
  Max. gradient              =         0.0006529337
  Conv. limit for gradients  =         0.0000100000
  Conv. for gradients        =                   NO
  RMS gradient               =         0.0002461910
  Conv. limit for RMS grad.  =         0.0000500000
  Conv. for gradients        =                   NO
  Pressure Deviation [bar]   =      1424.4356735792
  Pressure Tolerance [bar]   =         1.0000000000
  Conv. for  PRESSURE        =                   NO
 ---------------------------------------------------

 --------------------------
 OPTIMIZATION STEP:      2
 --------------------------

 CELL| Volume [angstrom^3]:                                           207.291619
 CELL| Vector a [angstrom]:       6.636     0.000     0.000   |a| =     6.636193
 CELL| Vector b [angstrom]:       3.306     5.754     0.000   |b| =     6.636448
 CELL| Vector c [angstrom]:       3.306     1.909     5.428   |c| =     6.636460
 CELL| Angle (b,c), alpha [degree]:                                    60.159492
 CELL| Angle (a,c), beta  [degree]:                                    60.119661
 CELL| Angle (a,b), gamma [degree]:                                    60.119604
 CELL| Numerically orthorhombic:                                              NO

 Number of electrons:                                                         32
 Number of occupied orbitals:                                                 16
 Number of molecular orbitals:                                                16

 Number of orbital functions:                                                 55
 Number of independent orbital functions:                                     55

 Extrapolation method: initial_guess


 SCF WAVEFUNCTION OPTIMIZATION

  Step     Update method      Time    Convergence         Total energy    Change
  ------------------------------------------------------------------------------
     1 Broy./Diag. 0.30E+00   11.0     0.10201057       -65.9858929222 -6.60E+01
     2 Broy./Diag. 0.30E+00    1.4     0.00690827       -66.0040038433 -1.81E-02
     3 Broy./Diag. 0.30E+00    1.2     0.00557996       -65.9943182937  9.69E-03
     4 Broy./Diag. 0.30E+00    1.0     0.00153829       -65.9875747545  6.74E-03
     5 Broy./Diag. 0.30E+00    1.8     0.00004035       -65.9863085923  1.27E-03

  *** SCF run converged in     5 steps ***


  Electronic density on regular grids:        -32.0000072648       -0.0000072648
  Core density on regular grids:               31.9999994863       -0.0000005137
  Total charge density on r-space grids:       -0.0000077785
  Total charge density g-space grids:          -0.0000077785

  Overlap energy of the core charge distribution:               0.00000000000000
  Self energy of the core charge distribution:               -138.89582544120611
  Core Hamiltonian energy:                                     27.20749465767719
  Hartree energy:                                              56.71104695531025
  Exchange-correlation energy:                                -11.00902476408834

  Total energy:                                               -65.98630859230701

 ENERGY| Total FORCE_EVAL ( QS ) energy [a.u.]:              -65.987107673981811

 --------  Informations at step =     2 ------------
  Optimization Method        =                 BFGS
  Total Energy               =       -65.9871076740
  Internal Pressure [bar]    =        89.8304010234
  Real energy change         =        -0.0000426184
  Predicted change in energy =        -0.0000464395
  Scaling factor             =         0.0000000000
  Step size                  =         0.0555865836
  Trust radius               =         0.4724315332
  Decrease in energy         =                  YES
  Used time                  =               49.326

  Convergence check :
  Max. step size             =         0.0555865836
  Conv. limit for step size  =         0.0000100000
  Convergence in step size   =                   NO
  RMS step size              =         0.0209591157
  Conv. limit for RMS step   =         0.0000100000
  Convergence in RMS step    =                   NO
  Max. gradient              =         0.0000692491
  Conv. limit for gradients  =         0.0000100000
  Conv. for gradients        =                   NO
  RMS gradient               =         0.0000352224
  Conv. limit for RMS grad.  =         0.0000500000
  Conv. in RMS gradients     =                  YES
  Pressure Deviation [bar]   =       122.6836863451
  Pressure Tolerance [bar]   =         1.0000000000
  Conv. for  PRESSURE        =                   NO
 ---------------------------------------------------

 --------------------------
 OPTIMIZATION STEP:      3
 --------------------------

 CELL| Volume [angstrom^3]:                                           207.386966
 CELL| Vector a [angstrom]:       6.637     0.000     0.000   |a| =     6.637017
 CELL| Vector b [angstrom]:       3.306     5.755     0.000   |b| =     6.637262
 CELL| Vector c [angstrom]:       3.306     1.909     5.429   |c| =     6.637274
 CELL| Angle (b,c), alpha [degree]:                                    60.164238
 CELL| Angle (a,c), beta  [degree]:                                    60.123286
 CELL| Angle (a,b), gamma [degree]:                                    60.123227
 CELL| Numerically orthorhombic:                                              NO

 Number of electrons:                                                         32
 Number of occupied orbitals:                                                 16
 Number of molecular orbitals:                                                16

 Number of orbital functions:                                                 55
 Number of independent orbital functions:                                     55

 Extrapolation method: initial_guess


 SCF WAVEFUNCTION OPTIMIZATION

  Step     Update method      Time    Convergence         Total energy    Change
  ------------------------------------------------------------------------------
     1 Broy./Diag. 0.30E+00    4.2     0.03949174       -65.9870656651 -6.60E+01
     2 Broy./Diag. 0.30E+00    6.4     0.00018643       -65.9878339434 -7.68E-04
     3 Broy./Diag. 0.30E+00   26.0     0.00016090       -65.9874134035  4.21E-04
     4 Broy./Diag. 0.30E+00    9.7     0.00005462       -65.9871352547  2.78E-04

  *** SCF run converged in     4 steps ***


  Electronic density on regular grids:        -32.0000195923       -0.0000195923
  Core density on regular grids:               31.9999994859       -0.0000005141
  Total charge density on r-space grids:       -0.0000201064
  Total charge density g-space grids:          -0.0000201064

  Overlap energy of the core charge distribution:               0.00000000000000
  Self energy of the core charge distribution:               -138.89582544120611
  Core Hamiltonian energy:                                     27.20670706730693
  Hartree energy:                                              56.71083177759133
  Exchange-correlation energy:                                -11.00884865841219

  Total energy:                                               -65.98713525472003

 ENERGY| Total FORCE_EVAL ( QS ) energy [a.u.]:              -65.987107704050771

 --------  Informations at step =     3 ------------
  Optimization Method        =                 BFGS
  Total Energy               =       -65.9871077041
  Internal Pressure [bar]    =        48.7985876730
  Real energy change         =        -0.0000000301
  Predicted change in energy =        -0.0000000603
  Scaling factor             =         0.0000000000
  Step size                  =         0.0018122577
  Trust radius               =         0.4724315332
  Decrease in energy         =                  YES
  Used time                  =               54.927

  Convergence check :
  Max. step size             =         0.0018122577
  Conv. limit for step size  =         0.0000100000
  Convergence in step size   =                   NO
  RMS step size              =         0.0006979853
  Conv. limit for RMS step   =         0.0000100000
  Convergence in RMS step    =                   NO
  Max. gradient              =         0.0000646603
  Conv. limit for gradients  =         0.0000100000
  Conv. for gradients        =                   NO
  RMS gradient               =         0.0000350991
  Conv. limit for RMS grad.  =         0.0000500000
  Conv. in RMS gradients     =                  YES
  Pressure Deviation [bar]   =        81.6518729948
  Pressure Tolerance [bar]   =         1.0000000000
  Conv. for  PRESSURE        =                   NO
 ---------------------------------------------------

 *** MAXIMUM NUMBER OF OPTIMIZATION STEPS REACHED ***
 ***        EXITING GEOMETRY OPTIMIZATION         ***

 -------------------------------------------------------------------------------
 -                                                                             -
 -                                DBCSR STATISTICS                             -
 -                                                                             -
 -------------------------------------------------------------------------------
 COUNTER                                    TOTAL       BLAS       SMM       ACC
 flops inhomo. stacks                           0       0.0%      0.0%      0.0%
 flops total                         0.000000E+00       0.0%      0.0%      0.0%
 flops max/rank                      0.000000E+00       0.0%      0.0%      0.0%
 matmuls inhomo. stacks                         0       0.0%      0.0%      0.0%
 matmuls total                                  0       0.0%      0.0%      0.0%
 number of processed stacks                     0       0.0%      0.0%      0.0%
 average stack size                                     0.0       0.0       0.0
 marketing flops                     0.000000E+00
 -------------------------------------------------------------------------------
 -                                                                             -
 -                      DBCSR MESSAGE PASSING PERFORMANCE                      -
 -                                                                             -
 -------------------------------------------------------------------------------
 ROUTINE             CALLS      AVE VOLUME [Bytes]
 MP_Bcast                1                     12.
 MP_Allreduce        15188                      8.
 MP_Alltoall         91201                   7394.
 -------------------------------------------------------------------------------

 -------------------------------------------------------------------------------
 -                                                                             -
 -                                GRID STATISTICS                              -
 -                                                                             -
 -------------------------------------------------------------------------------
 LP    KERNEL             BACKEND                              COUNT     PERCENT
 4     collocate general  REF                                 165108      50.00%
 4     integrate general  REF                                 144580      43.78%
 7     integrate general  REF                                  20528       6.22%
 0     collocate general  REF                                     16       0.00%
 3     integrate general  REF                                     16       0.00%
 -------------------------------------------------------------------------------

 MEMORY| Estimated peak process memory [MiB]                                 399

 -------------------------------------------------------------------------------
 -                                                                             -
 -                         MESSAGE PASSING PERFORMANCE                         -
 -                                                                             -
 -------------------------------------------------------------------------------

 ROUTINE             CALLS      AVE VOLUME [Bytes]
 MP_Group               21
 MP_Bcast            43170                  11245.
 MP_Allreduce         7686                     70.
 MP_Sync               154
 MP_Alltoall           712                2869391.
 MP_ISendRecv        12408                  18362.
 MP_Wait             35416
 MP_comm_split           3
 MP_ISend            25056                    177.
 MP_IRecv            41024                    109.
 MP_Recv              9414                   2195.
 -------------------------------------------------------------------------------


 -------------------------------------------------------------------------------
 -                                                                             -
 -                           R E F E R E N C E S                               -
 -                                                                             -
 -------------------------------------------------------------------------------
 
 CP2K version 9.1, the CP2K developers group (2021).
 CP2K is freely available from https://www.cp2k.org/ .

 Kuehne,Thomas D.; Iannuzzi,Marcella; Del Ben,Mauro;
 Rybkin,Vladimir V.; Seewald,Patrick; Stein,Frederick; Laino,Teodoro;
 Khaliullin,Rustam Z.; Schuett,Ole; Schiffmann,Florian; Golze,Dorothea;
 Wilhelm,Jan; Chulkov,Sergey; Bani-Hashemian,Mohammad Hossein;
 Weber,Valery; Borstnik,Urban; Taillefumier,Mathieu;
 Jakobovits,Alice Shoshana; Lazzaro,Alfio; Pabst,Hans; Mueller,Tiziano;
 Schade,Robert; Guidon,Manuel; Andermatt,Samuel; Holmberg,Nico;
 Schenter,Gregory K.; Hehn,Anna; Bussy,Augustin; Belleflamme,Fabian;
 Tabacchi,Gloria; Gloess,Andreas; Lass,Michael; Bethune,Iain;
 Mundy,Christopher J.; Plessl,Christian; Watkins,Matt;
 VandeVondele,Joost; Krack,Matthias; Hutter,Juerg. 
 The Journal of Chemical Physics, 152 (19), (2020). 
 CP2K: An electronic structure and molecular dynamics software package -
 Quickstep: Efficient and accurate electronic structure calculations.
 https://doi.org/10.1063/5.0007045

 Togo, Atsushi; Tanaka, Isao. arXiv, 1808.01590 (2018). 
 Spglib : a software library for crystal symmetry search.
 https://doi.org/xxx

 Schuett, Ole; Messmer, Peter; Hutter, Juerg; VandeVondele, Joost. 
 Electronic Structure Calculations on Graphics Processing Units, John
 Wiley & Sons, Ltd, 173-190 (2016). 
 GPU-Accelerated Sparse Matrix-Matrix Multiplication for
 Linear Scaling Density Functional Theory.
 https://doi.org/10.1002/9781118670712.ch8

 Heinecke, A; Henry, G; Hutchinson, M; Pabst, H. 
 Proceedings of Intl. Supercomputing Conference, 981-991 (2016). 
 LIBXSMM: Accelerating Small Matrix Multiplications
 by Runtime Code Generation.
 https://doi.org/10.1109/SC.2016.83

 Borstnik, U; VandeVondele, J; Weber, V; Hutter, J. 
 PARALLEL COMPUTING, 40 (5-6), 47-58 (2014). 
 Sparse matrix multiplication: The distributed block-compressed sparse
 row library.
 https://doi.org/10.1016/j.parco.2014.03.012

 Hutter, J; Iannuzzi, M; Schiffmann, F; VandeVondele, J. 
 WIREs Comput Mol Sci., 4 (1), 15-25 (2014). 
 CP2K: atomistic simulations of condensed matter systems.
 https://doi.org/10.1002/wcms.1159

 VandeVondele, J; Hutter, J. 
 JOURNAL OF CHEMICAL PHYSICS, 127 (11), 114105 (2007). 
 Gaussian basis sets for accurate calculations on molecular systems in
 gas and condensed phases.
 https://doi.org/10.1063/1.2770708

 Krack, M. 
 THEORETICAL CHEMISTRY ACCOUNTS, 114 (1-3), 145-152 (2005). 
 Pseudopotentials for H to Kr optimized for gradient-corrected
 exchange-correlation functionals.
 https://doi.org/10.1007/s00214-005-0655-y

 VandeVondele, J; Krack, M; Mohamed, F; Parrinello, M; Chassaing, T;
 Hutter, J. COMPUTER PHYSICS COMMUNICATIONS, 167 (2), 103-128 (2005). 
 QUICKSTEP: Fast and accurate density functional calculations using a
 mixed Gaussian and plane waves approach.
 https://doi.org/10.1016/j.cpc.2004.12.014

 Frigo, M; Johnson, SG. 
 PROCEEDINGS OF THE IEEE, 93 (2), 216-231 (2005). 
 The design and implementation of FFTW3.
 https://doi.org/10.1109/JPROC.2004.840301

 Hartwigsen, C; Goedecker, S; Hutter, J. 
 PHYSICAL REVIEW B, 58 (7), 3641-3662 (1998). 
 Relativistic separable dual-space Gaussian pseudopotentials from H to Rn.
 https://doi.org/10.1103/PhysRevB.58.3641

 Lippert, G; Hutter, J; Parrinello, M. 
 MOLECULAR PHYSICS, 92 (3), 477-487 (1997). 
 A hybrid Gaussian and plane wave density functional scheme.
 https://doi.org/10.1080/002689797170220

 Perdew, JP; Burke, K; Ernzerhof, M. 
 PHYSICAL REVIEW LETTERS, 77 (18), 3865-3868 (1996). 
 Generalized gradient approximation made simple.
 https://doi.org/10.1103/PhysRevLett.77.3865

 Goedecker, S; Teter, M; Hutter, J. 
 PHYSICAL REVIEW B, 54 (3), 1703-1710 (1996). 
 Separable dual-space Gaussian pseudopotentials.
 https://doi.org/10.1103/PhysRevB.54.1703


 -------------------------------------------------------------------------------
 -                                                                             -
 -                                T I M I N G                                  -
 -                                                                             -
 -------------------------------------------------------------------------------
 SUBROUTINE                       CALLS  ASD         SELF TIME        TOTAL TIME
                                MAXIMUM       AVERAGE  MAXIMUM  AVERAGE  MAXIMUM
 CP2K                                 1  1.0    0.034    0.096  327.512  327.513
 cp_cell_opt                          1  2.0    0.006    0.018  316.195  316.207
 geoopt_bfgs                          1  3.0    0.002    0.032  316.189  316.191
 cp_eval_at                           4  4.0    0.001    0.001  312.674  312.693
 qs_forces                            4  5.0    0.006    0.024  312.520  312.550
 qs_energies                          4  6.0    0.009    0.020  291.492  291.507
 scf_env_do_scf                       4  7.0    0.000    0.000  259.789  259.795
 scf_env_do_scf_inner_loop           28  8.0    0.008    0.010  259.788  259.795
 qs_scf_new_mos_kp                   28  9.0    0.000    0.002  142.865  143.225
 do_general_diag_kp                  28 10.0    0.008    0.011  142.865  143.223
 dbcsr_complete_redistribute       7238 12.0    0.107    0.131  136.995  137.577
 copy_dbcsr_to_fm                  4523 10.8    0.020    0.045  115.507  116.152
 write_kpoints_restart               28  9.0    0.003    0.049   51.396   51.400
 mp_cart_sub                       9062 12.8   48.235   48.325   48.235   48.325
 mp_alltoall_d11v                 46035 13.3   44.270   47.176   44.270   47.176
 mp_sum_d                         15842 12.3   46.208   46.429   46.208   46.429
 copy_fm_to_dbcsr                  2715 11.5    0.004    0.004   43.104   44.096
 dbcsr_dot_sd                     15169 11.6    0.021    0.072   43.636   43.678
 evaluate_core_matrix_traces         32  9.6    0.000    0.000   43.629   43.671
 calculate_ptrace_kp                 64 10.6    0.005    0.006   43.629   43.671
 dbcsr_desymmetrize_deep           8107 11.4    0.054    0.079   41.642   42.320
 qs_ks_update_qs_env                 28  9.0    0.000    0.000   34.909   38.206
 mp_alltoall_i11v                 29821 12.9   36.735   37.405   36.735   37.405
 mp_alltoall_i22                  15345 12.7   29.013   32.697   29.013   32.697
 kpoint_density_transform            32 10.6    0.006    0.020   29.274   29.315
 init_scf_run                         4  7.0    0.000    0.000   28.028   28.046
 scf_env_initial_rho_setup            4  8.0    0.000    0.000   28.028   28.046
 calculate_first_density_matrix       4  9.0    0.000    0.009   26.069   26.092
 read_kpoints_restart                 3 10.0    0.001    0.003   25.994   26.006
 cp_fm_write_unformatted            942 10.0   23.572   23.878   23.595   24.692
 mp_cart_create                    4545 12.8   20.759   22.126   20.759   22.126
 cp_fm_start_copy_general          5632 11.2    0.032    0.055   20.205   20.524
 self_consistency_check              28  9.0    0.004    0.004   19.307   19.323
 cp_sm_mix                         6645 10.0    0.008    0.026   19.292   19.311
 mp_max_d                          6647 11.0   19.276   19.297   19.276   19.297
 hybrid_alltoall_any               8107 12.4    0.016    0.028   18.282   19.253
 mp_allgather_i                   11264 12.2   17.490   18.246   17.490   18.246
 qs_ks_update_qs_env_forces           4  6.0    0.000    0.000   13.020   14.217
 qs_rho_update_rho                   32  9.0    0.000    0.000   11.055   11.095
 calculate_rho_elec                  32 10.0    0.001    0.010   11.055   11.095
 density_rs2pw                       32 11.0    0.001    0.001   10.438   10.781
 mp_waitall_1                     35416 13.8    9.875   10.290    9.875   10.290
 rs_pw_transfer                     264 13.2    0.002    0.012    9.869   10.287
 rebuild_ks_matrix                   32  9.6    0.000    0.000    4.300    8.766
 qs_ks_build_kohn_sham_matrix        32 10.6    0.020    0.024    4.300    8.766
 sum_up_and_integrate                32 11.6    0.000    0.001    2.798    7.256
 integrate_v_rspace                  32 12.6    0.001    0.006    2.798    7.255
 -------------------------------------------------------------------------------

 The number of warnings for this run is : 1
 
 -------------------------------------------------------------------------------
  **** **** ******  **  PROGRAM ENDED AT                 2024-05-26 12:09:59.410
 ***** ** ***  *** **   PROGRAM RAN ON                                   mpcs007
 **    ****   ******    PROGRAM RAN BY                                  pubo1141
 ***** **    ** ** **   PROGRAM PROCESS ID                               3430343
  **** **  *******  **  PROGRAM STOPPED IN /fs/dss/work/pubo1141/cp2k_tests/v9.1
                                           _max_steps_reached
